<!doctype html public "-//w3c//dtd html 4.0 transitional//en">
<html><head>
<title>Static Call Graph - [.\obj\firmware.axf]</title></head>
<body><HR>
<H1>Static Call Graph for image .\obj\firmware.axf</H1><HR>
<BR><P>#&#060CALLGRAPH&#062# ARM Linker, 5060960: Last Updated: Thu Mar 31 11:14:19 2022
<BR><P>
<H3>Maximum Stack Usage =          0 bytes + Unknown(Cycles, Untraceable Function Pointers)</H3><H3>
Call chain for Maximum Stack Depth:</H3>

<P>
<H3>
Mutually Recursive functions
</H3> <LI><a href="#[99]">IRQ133_Handler</a>&nbsp;&nbsp;&nbsp;&rArr;&nbsp;&nbsp;&nbsp;<a href="#[99]">IRQ133_Handler</a><BR>
 <LI><a href="#[247]">TFilamentMonitor&lang;RunoutResponseDebounced, FilamentSensorSwitch&rang;::run()</a>&nbsp;&nbsp;&nbsp;&rArr;&nbsp;&nbsp;&nbsp;<a href="#[18d]">Planner::synchronize()</a><BR>
 <LI><a href="#[419]">Stepper::set_axis_position(AxisEnum, const int&)</a>&nbsp;&nbsp;&nbsp;&rArr;&nbsp;&nbsp;&nbsp;<a href="#[18d]">Planner::synchronize()</a><BR>
 <LI><a href="#[415]">Planner::buffer_sync_block()</a>&nbsp;&nbsp;&nbsp;&rArr;&nbsp;&nbsp;&nbsp;<a href="#[246]">idle()</a><BR>
 <LI><a href="#[192]">sync_plan_position()</a>&nbsp;&nbsp;&nbsp;&rArr;&nbsp;&nbsp;&nbsp;<a href="#[1f9]">Planner::set_position_mm(float, float, float, float)</a><BR>
 <LI><a href="#[202]">do_blocking_move_to(float, float, float, float)</a>&nbsp;&nbsp;&nbsp;&rArr;&nbsp;&nbsp;&nbsp;<a href="#[18d]">Planner::synchronize()</a><BR>
 <LI><a href="#[234]">Planner::buffer_line(float, float, float, float, float, unsigned char, float)</a>&nbsp;&nbsp;&nbsp;&rArr;&nbsp;&nbsp;&nbsp;<a href="#[1f9]">Planner::set_position_mm(float, float, float, float)</a><BR>
 <LI><a href="#[406]">Planner::_buffer_steps(const XYZEval&lang;int&rang;&, float, unsigned char, float)</a>&nbsp;&nbsp;&nbsp;&rArr;&nbsp;&nbsp;&nbsp;<a href="#[246]">idle()</a><BR>
 <LI><a href="#[2fc]">GcodeSuite::M504()</a>&nbsp;&nbsp;&nbsp;&rArr;&nbsp;&nbsp;&nbsp;<a href="#[335]">MarlinSettings::validate()</a><BR>
 <LI><a href="#[333]">MarlinSettings::reset()</a>&nbsp;&nbsp;&nbsp;&rArr;&nbsp;&nbsp;&nbsp;<a href="#[38d]">MarlinSettings::postprocess()</a><BR>
 <LI><a href="#[2f9]">GcodeSuite::M501()</a>&nbsp;&nbsp;&nbsp;&rArr;&nbsp;&nbsp;&nbsp;<a href="#[332]">MarlinSettings::load()</a><BR>
 <LI><a href="#[2ad]">GcodeSuite::T(signed char)</a>&nbsp;&nbsp;&nbsp;&rArr;&nbsp;&nbsp;&nbsp;<a href="#[1b0]">GcodeSuite::process_subcommands_now(char*)</a><BR>
 <LI><a href="#[18c]">tool_change(unsigned char, bool)</a>&nbsp;&nbsp;&nbsp;&rArr;&nbsp;&nbsp;&nbsp;<a href="#[18d]">Planner::synchronize()</a><BR>
 <LI><a href="#[191]">dualx_tool_change(unsigned char, bool&)</a>&nbsp;&nbsp;&nbsp;&rArr;&nbsp;&nbsp;&nbsp;<a href="#[18d]">Planner::synchronize()</a><BR>
 <LI><a href="#[2f5]">GcodeSuite::M400()</a>&nbsp;&nbsp;&nbsp;&rArr;&nbsp;&nbsp;&nbsp;<a href="#[18d]">Planner::synchronize()</a><BR>
 <LI><a href="#[1c9]">quickstop_stepper()</a>&nbsp;&nbsp;&nbsp;&rArr;&nbsp;&nbsp;&nbsp;<a href="#[18d]">Planner::synchronize()</a><BR>
 <LI><a href="#[319]">Planner::finish_and_disable()</a>&nbsp;&nbsp;&nbsp;&rArr;&nbsp;&nbsp;&nbsp;<a href="#[246]">idle()</a><BR>
 <LI><a href="#[2dc]">GcodeSuite::M18_M84()</a>&nbsp;&nbsp;&nbsp;&rArr;&nbsp;&nbsp;&nbsp;<a href="#[18d]">Planner::synchronize()</a><BR>
 <LI><a href="#[2de]">GcodeSuite::M92()</a>&nbsp;&nbsp;&nbsp;&rArr;&nbsp;&nbsp;&nbsp;<a href="#[31b]">Planner::refresh_positioning()</a><BR>
 <LI><a href="#[2b3]">GcodeSuite::G28()</a>&nbsp;&nbsp;&nbsp;&rArr;&nbsp;&nbsp;&nbsp;<a href="#[1b0]">GcodeSuite::process_subcommands_now(char*)</a><BR>
 <LI><a href="#[1e1]">my_sleep(float)</a>&nbsp;&nbsp;&nbsp;&rArr;&nbsp;&nbsp;&nbsp;<a href="#[18d]">Planner::synchronize()</a><BR>
 <LI><a href="#[1b8]">do_homing_move(AxisEnum, float, float, bool)</a>&nbsp;&nbsp;&nbsp;&rArr;&nbsp;&nbsp;&nbsp;<a href="#[18d]">Planner::synchronize()</a><BR>
 <LI><a href="#[2fe]">GcodeSuite::M605()</a>&nbsp;&nbsp;&nbsp;&rArr;&nbsp;&nbsp;&nbsp;<a href="#[18d]">Planner::synchronize()</a><BR>
 <LI><a href="#[2b4]">GcodeSuite::G34()</a>&nbsp;&nbsp;&nbsp;&rArr;&nbsp;&nbsp;&nbsp;<a href="#[18d]">Planner::synchronize()</a><BR>
 <LI><a href="#[326]">Temperature::wait_for_bed(bool)</a>&nbsp;&nbsp;&nbsp;&rArr;&nbsp;&nbsp;&nbsp;<a href="#[246]">idle()</a><BR>
 <LI><a href="#[322]">Temperature::wait_for_hotend(unsigned char, bool)</a>&nbsp;&nbsp;&nbsp;&rArr;&nbsp;&nbsp;&nbsp;<a href="#[246]">idle()</a><BR>
 <LI><a href="#[305]">GcodeSuite::process_subcommands_now_P(const char*)</a>&nbsp;&nbsp;&nbsp;&rArr;&nbsp;&nbsp;&nbsp;<a href="#[2a8]">GcodeSuite::process_parsed_command(bool)</a><BR>
 <LI><a href="#[2c4]">GcodeSuite::M32()</a>&nbsp;&nbsp;&nbsp;&rArr;&nbsp;&nbsp;&nbsp;<a href="#[18d]">Planner::synchronize()</a><BR>
 <LI><a href="#[274]">CardReader::printListing(SdFile, const char*)</a>&nbsp;&nbsp;&nbsp;&rArr;&nbsp;&nbsp;&nbsp;<a href="#[274]">CardReader::printListing(SdFile, const char*)</a><BR>
 <LI><a href="#[2b1]">GcodeSuite::G4()</a>&nbsp;&nbsp;&nbsp;&rArr;&nbsp;&nbsp;&nbsp;<a href="#[18d]">Planner::synchronize()</a><BR>
 <LI><a href="#[30c]">GcodeSuite::dwell(unsigned)</a>&nbsp;&nbsp;&nbsp;&rArr;&nbsp;&nbsp;&nbsp;<a href="#[246]">idle()</a><BR>
 <LI><a href="#[259]">plan_arc(const XYZEval&lang;float&rang;&, const XYval&lang;float&rang;&, bool, unsigned char)</a>&nbsp;&nbsp;&nbsp;&rArr;&nbsp;&nbsp;&nbsp;<a href="#[246]">idle()</a><BR>
 <LI><a href="#[233]">dual_x_carriage_unpark()</a>&nbsp;&nbsp;&nbsp;&rArr;&nbsp;&nbsp;&nbsp;<a href="#[18d]">Planner::synchronize()</a><BR>
 <LI><a href="#[1e8]">manage_inactivity(bool)</a>&nbsp;&nbsp;&nbsp;&rArr;&nbsp;&nbsp;&nbsp;<a href="#[18d]">Planner::synchronize()</a><BR>
 <LI><a href="#[289]">CardReader::fileHasFinished()</a>&nbsp;&nbsp;&nbsp;&rArr;&nbsp;&nbsp;&nbsp;<a href="#[18d]">Planner::synchronize()</a><BR>
 <LI><a href="#[1cd]">GCodeQueue::enqueue_one_now(const char*)</a>&nbsp;&nbsp;&nbsp;&rArr;&nbsp;&nbsp;&nbsp;<a href="#[246]">idle()</a><BR>
 <LI><a href="#[1f2]">DWN_MessageHandler(bool)</a>&nbsp;&nbsp;&nbsp;&rArr;&nbsp;&nbsp;&nbsp;<a href="#[18d]">Planner::synchronize()</a><BR>
</UL>
<P>
<H3>
Function Pointers
</H3><UL>
 <LI><a href="#[af]">&lang;Func48&rang;</a> from cardreader.o(i.<Func48>) referenced from cardreader.o(i.__sti___14_cardreader_cpp_M23_STR)
 <LI><a href="#[e]">BusFault_Handler</a> from hc32f46x_interrupts.o(i.BusFault_Handler) referenced from startup_hc32f460petb.o(RESET)
 <LI><a href="#[11]">DebugMon_Handler</a> from hc32f46x_interrupts.o(i.DebugMon_Handler) referenced from startup_hc32f460petb.o(RESET)
 <LI><a href="#[ab]">Dma1Btc3_IrqHandler</a> from adc.o(i.Dma1Btc3_IrqHandler) referenced from adc.o(i._ZN22_INTERNAL_5_adc_c_adc116adc_DMAIrqConfigEv)
 <LI><a href="#[c]">HardFault_Handler</a> from hc32f46x_interrupts.o(i.HardFault_Handler) referenced from startup_hc32f460petb.o(RESET)
 <LI><a href="#[14]">IRQ000_Handler</a> from hc32f46x_interrupts.o(i.IRQ000_Handler) referenced from startup_hc32f460petb.o(RESET)
 <LI><a href="#[15]">IRQ001_Handler</a> from hc32f46x_interrupts.o(i.IRQ001_Handler) referenced from startup_hc32f460petb.o(RESET)
 <LI><a href="#[16]">IRQ002_Handler</a> from hc32f46x_interrupts.o(i.IRQ002_Handler) referenced from startup_hc32f460petb.o(RESET)
 <LI><a href="#[17]">IRQ003_Handler</a> from hc32f46x_interrupts.o(i.IRQ003_Handler) referenced from startup_hc32f460petb.o(RESET)
 <LI><a href="#[18]">IRQ004_Handler</a> from hc32f46x_interrupts.o(i.IRQ004_Handler) referenced from startup_hc32f460petb.o(RESET)
 <LI><a href="#[19]">IRQ005_Handler</a> from hc32f46x_interrupts.o(i.IRQ005_Handler) referenced from startup_hc32f460petb.o(RESET)
 <LI><a href="#[1a]">IRQ006_Handler</a> from hc32f46x_interrupts.o(i.IRQ006_Handler) referenced from startup_hc32f460petb.o(RESET)
 <LI><a href="#[1b]">IRQ007_Handler</a> from hc32f46x_interrupts.o(i.IRQ007_Handler) referenced from startup_hc32f460petb.o(RESET)
 <LI><a href="#[1c]">IRQ008_Handler</a> from hc32f46x_interrupts.o(i.IRQ008_Handler) referenced from startup_hc32f460petb.o(RESET)
 <LI><a href="#[1d]">IRQ009_Handler</a> from hc32f46x_interrupts.o(i.IRQ009_Handler) referenced from startup_hc32f460petb.o(RESET)
 <LI><a href="#[1e]">IRQ010_Handler</a> from hc32f46x_interrupts.o(i.IRQ010_Handler) referenced from startup_hc32f460petb.o(RESET)
 <LI><a href="#[1f]">IRQ011_Handler</a> from hc32f46x_interrupts.o(i.IRQ011_Handler) referenced from startup_hc32f460petb.o(RESET)
 <LI><a href="#[20]">IRQ012_Handler</a> from hc32f46x_interrupts.o(i.IRQ012_Handler) referenced from startup_hc32f460petb.o(RESET)
 <LI><a href="#[21]">IRQ013_Handler</a> from hc32f46x_interrupts.o(i.IRQ013_Handler) referenced from startup_hc32f460petb.o(RESET)
 <LI><a href="#[22]">IRQ014_Handler</a> from hc32f46x_interrupts.o(i.IRQ014_Handler) referenced from startup_hc32f460petb.o(RESET)
 <LI><a href="#[23]">IRQ015_Handler</a> from hc32f46x_interrupts.o(i.IRQ015_Handler) referenced from startup_hc32f460petb.o(RESET)
 <LI><a href="#[24]">IRQ016_Handler</a> from hc32f46x_interrupts.o(i.IRQ016_Handler) referenced from startup_hc32f460petb.o(RESET)
 <LI><a href="#[25]">IRQ017_Handler</a> from hc32f46x_interrupts.o(i.IRQ017_Handler) referenced from startup_hc32f460petb.o(RESET)
 <LI><a href="#[26]">IRQ018_Handler</a> from hc32f46x_interrupts.o(i.IRQ018_Handler) referenced from startup_hc32f460petb.o(RESET)
 <LI><a href="#[27]">IRQ019_Handler</a> from hc32f46x_interrupts.o(i.IRQ019_Handler) referenced from startup_hc32f460petb.o(RESET)
 <LI><a href="#[28]">IRQ020_Handler</a> from hc32f46x_interrupts.o(i.IRQ020_Handler) referenced from startup_hc32f460petb.o(RESET)
 <LI><a href="#[29]">IRQ021_Handler</a> from hc32f46x_interrupts.o(i.IRQ021_Handler) referenced from startup_hc32f460petb.o(RESET)
 <LI><a href="#[2a]">IRQ022_Handler</a> from hc32f46x_interrupts.o(i.IRQ022_Handler) referenced from startup_hc32f460petb.o(RESET)
 <LI><a href="#[2b]">IRQ023_Handler</a> from hc32f46x_interrupts.o(i.IRQ023_Handler) referenced from startup_hc32f460petb.o(RESET)
 <LI><a href="#[2c]">IRQ024_Handler</a> from hc32f46x_interrupts.o(i.IRQ024_Handler) referenced from startup_hc32f460petb.o(RESET)
 <LI><a href="#[2d]">IRQ025_Handler</a> from hc32f46x_interrupts.o(i.IRQ025_Handler) referenced from startup_hc32f460petb.o(RESET)
 <LI><a href="#[2e]">IRQ026_Handler</a> from hc32f46x_interrupts.o(i.IRQ026_Handler) referenced from startup_hc32f460petb.o(RESET)
 <LI><a href="#[2f]">IRQ027_Handler</a> from hc32f46x_interrupts.o(i.IRQ027_Handler) referenced from startup_hc32f460petb.o(RESET)
 <LI><a href="#[30]">IRQ028_Handler</a> from hc32f46x_interrupts.o(i.IRQ028_Handler) referenced from startup_hc32f460petb.o(RESET)
 <LI><a href="#[31]">IRQ029_Handler</a> from hc32f46x_interrupts.o(i.IRQ029_Handler) referenced from startup_hc32f460petb.o(RESET)
 <LI><a href="#[32]">IRQ030_Handler</a> from hc32f46x_interrupts.o(i.IRQ030_Handler) referenced from startup_hc32f460petb.o(RESET)
 <LI><a href="#[33]">IRQ031_Handler</a> from hc32f46x_interrupts.o(i.IRQ031_Handler) referenced from startup_hc32f460petb.o(RESET)
 <LI><a href="#[34]">IRQ032_Handler</a> from hc32f46x_interrupts.o(i.IRQ032_Handler) referenced from startup_hc32f460petb.o(RESET)
 <LI><a href="#[35]">IRQ033_Handler</a> from hc32f46x_interrupts.o(i.IRQ033_Handler) referenced from startup_hc32f460petb.o(RESET)
 <LI><a href="#[36]">IRQ034_Handler</a> from hc32f46x_interrupts.o(i.IRQ034_Handler) referenced from startup_hc32f460petb.o(RESET)
 <LI><a href="#[37]">IRQ035_Handler</a> from hc32f46x_interrupts.o(i.IRQ035_Handler) referenced from startup_hc32f460petb.o(RESET)
 <LI><a href="#[38]">IRQ036_Handler</a> from hc32f46x_interrupts.o(i.IRQ036_Handler) referenced from startup_hc32f460petb.o(RESET)
 <LI><a href="#[39]">IRQ037_Handler</a> from hc32f46x_interrupts.o(i.IRQ037_Handler) referenced from startup_hc32f460petb.o(RESET)
 <LI><a href="#[3a]">IRQ038_Handler</a> from hc32f46x_interrupts.o(i.IRQ038_Handler) referenced from startup_hc32f460petb.o(RESET)
 <LI><a href="#[3b]">IRQ039_Handler</a> from hc32f46x_interrupts.o(i.IRQ039_Handler) referenced from startup_hc32f460petb.o(RESET)
 <LI><a href="#[3c]">IRQ040_Handler</a> from hc32f46x_interrupts.o(i.IRQ040_Handler) referenced from startup_hc32f460petb.o(RESET)
 <LI><a href="#[3d]">IRQ041_Handler</a> from hc32f46x_interrupts.o(i.IRQ041_Handler) referenced from startup_hc32f460petb.o(RESET)
 <LI><a href="#[3e]">IRQ042_Handler</a> from hc32f46x_interrupts.o(i.IRQ042_Handler) referenced from startup_hc32f460petb.o(RESET)
 <LI><a href="#[3f]">IRQ043_Handler</a> from hc32f46x_interrupts.o(i.IRQ043_Handler) referenced from startup_hc32f460petb.o(RESET)
 <LI><a href="#[40]">IRQ044_Handler</a> from hc32f46x_interrupts.o(i.IRQ044_Handler) referenced from startup_hc32f460petb.o(RESET)
 <LI><a href="#[41]">IRQ045_Handler</a> from hc32f46x_interrupts.o(i.IRQ045_Handler) referenced from startup_hc32f460petb.o(RESET)
 <LI><a href="#[42]">IRQ046_Handler</a> from hc32f46x_interrupts.o(i.IRQ046_Handler) referenced from startup_hc32f460petb.o(RESET)
 <LI><a href="#[43]">IRQ047_Handler</a> from hc32f46x_interrupts.o(i.IRQ047_Handler) referenced from startup_hc32f460petb.o(RESET)
 <LI><a href="#[44]">IRQ048_Handler</a> from hc32f46x_interrupts.o(i.IRQ048_Handler) referenced from startup_hc32f460petb.o(RESET)
 <LI><a href="#[45]">IRQ049_Handler</a> from hc32f46x_interrupts.o(i.IRQ049_Handler) referenced from startup_hc32f460petb.o(RESET)
 <LI><a href="#[46]">IRQ050_Handler</a> from hc32f46x_interrupts.o(i.IRQ050_Handler) referenced from startup_hc32f460petb.o(RESET)
 <LI><a href="#[47]">IRQ051_Handler</a> from hc32f46x_interrupts.o(i.IRQ051_Handler) referenced from startup_hc32f460petb.o(RESET)
 <LI><a href="#[48]">IRQ052_Handler</a> from hc32f46x_interrupts.o(i.IRQ052_Handler) referenced from startup_hc32f460petb.o(RESET)
 <LI><a href="#[49]">IRQ053_Handler</a> from hc32f46x_interrupts.o(i.IRQ053_Handler) referenced from startup_hc32f460petb.o(RESET)
 <LI><a href="#[4a]">IRQ054_Handler</a> from hc32f46x_interrupts.o(i.IRQ054_Handler) referenced from startup_hc32f460petb.o(RESET)
 <LI><a href="#[4b]">IRQ055_Handler</a> from hc32f46x_interrupts.o(i.IRQ055_Handler) referenced from startup_hc32f460petb.o(RESET)
 <LI><a href="#[4c]">IRQ056_Handler</a> from hc32f46x_interrupts.o(i.IRQ056_Handler) referenced from startup_hc32f460petb.o(RESET)
 <LI><a href="#[4d]">IRQ057_Handler</a> from hc32f46x_interrupts.o(i.IRQ057_Handler) referenced from startup_hc32f460petb.o(RESET)
 <LI><a href="#[4e]">IRQ058_Handler</a> from hc32f46x_interrupts.o(i.IRQ058_Handler) referenced from startup_hc32f460petb.o(RESET)
 <LI><a href="#[4f]">IRQ059_Handler</a> from hc32f46x_interrupts.o(i.IRQ059_Handler) referenced from startup_hc32f460petb.o(RESET)
 <LI><a href="#[50]">IRQ060_Handler</a> from hc32f46x_interrupts.o(i.IRQ060_Handler) referenced from startup_hc32f460petb.o(RESET)
 <LI><a href="#[51]">IRQ061_Handler</a> from hc32f46x_interrupts.o(i.IRQ061_Handler) referenced from startup_hc32f460petb.o(RESET)
 <LI><a href="#[52]">IRQ062_Handler</a> from hc32f46x_interrupts.o(i.IRQ062_Handler) referenced from startup_hc32f460petb.o(RESET)
 <LI><a href="#[53]">IRQ063_Handler</a> from hc32f46x_interrupts.o(i.IRQ063_Handler) referenced from startup_hc32f460petb.o(RESET)
 <LI><a href="#[54]">IRQ064_Handler</a> from hc32f46x_interrupts.o(i.IRQ064_Handler) referenced from startup_hc32f460petb.o(RESET)
 <LI><a href="#[55]">IRQ065_Handler</a> from hc32f46x_interrupts.o(i.IRQ065_Handler) referenced from startup_hc32f460petb.o(RESET)
 <LI><a href="#[56]">IRQ066_Handler</a> from hc32f46x_interrupts.o(i.IRQ066_Handler) referenced from startup_hc32f460petb.o(RESET)
 <LI><a href="#[57]">IRQ067_Handler</a> from hc32f46x_interrupts.o(i.IRQ067_Handler) referenced from startup_hc32f460petb.o(RESET)
 <LI><a href="#[58]">IRQ068_Handler</a> from hc32f46x_interrupts.o(i.IRQ068_Handler) referenced from startup_hc32f460petb.o(RESET)
 <LI><a href="#[59]">IRQ069_Handler</a> from hc32f46x_interrupts.o(i.IRQ069_Handler) referenced from startup_hc32f460petb.o(RESET)
 <LI><a href="#[5a]">IRQ070_Handler</a> from hc32f46x_interrupts.o(i.IRQ070_Handler) referenced from startup_hc32f460petb.o(RESET)
 <LI><a href="#[5b]">IRQ071_Handler</a> from hc32f46x_interrupts.o(i.IRQ071_Handler) referenced from startup_hc32f460petb.o(RESET)
 <LI><a href="#[5c]">IRQ072_Handler</a> from hc32f46x_interrupts.o(i.IRQ072_Handler) referenced from startup_hc32f460petb.o(RESET)
 <LI><a href="#[5d]">IRQ073_Handler</a> from hc32f46x_interrupts.o(i.IRQ073_Handler) referenced from startup_hc32f460petb.o(RESET)
 <LI><a href="#[5e]">IRQ074_Handler</a> from hc32f46x_interrupts.o(i.IRQ074_Handler) referenced from startup_hc32f460petb.o(RESET)
 <LI><a href="#[5f]">IRQ075_Handler</a> from hc32f46x_interrupts.o(i.IRQ075_Handler) referenced from startup_hc32f460petb.o(RESET)
 <LI><a href="#[60]">IRQ076_Handler</a> from hc32f46x_interrupts.o(i.IRQ076_Handler) referenced from startup_hc32f460petb.o(RESET)
 <LI><a href="#[61]">IRQ077_Handler</a> from hc32f46x_interrupts.o(i.IRQ077_Handler) referenced from startup_hc32f460petb.o(RESET)
 <LI><a href="#[62]">IRQ078_Handler</a> from hc32f46x_interrupts.o(i.IRQ078_Handler) referenced from startup_hc32f460petb.o(RESET)
 <LI><a href="#[63]">IRQ079_Handler</a> from hc32f46x_interrupts.o(i.IRQ079_Handler) referenced from startup_hc32f460petb.o(RESET)
 <LI><a href="#[64]">IRQ080_Handler</a> from hc32f46x_interrupts.o(i.IRQ080_Handler) referenced from startup_hc32f460petb.o(RESET)
 <LI><a href="#[65]">IRQ081_Handler</a> from hc32f46x_interrupts.o(i.IRQ081_Handler) referenced from startup_hc32f460petb.o(RESET)
 <LI><a href="#[66]">IRQ082_Handler</a> from hc32f46x_interrupts.o(i.IRQ082_Handler) referenced from startup_hc32f460petb.o(RESET)
 <LI><a href="#[67]">IRQ083_Handler</a> from hc32f46x_interrupts.o(i.IRQ083_Handler) referenced from startup_hc32f460petb.o(RESET)
 <LI><a href="#[68]">IRQ084_Handler</a> from hc32f46x_interrupts.o(i.IRQ084_Handler) referenced from startup_hc32f460petb.o(RESET)
 <LI><a href="#[69]">IRQ085_Handler</a> from hc32f46x_interrupts.o(i.IRQ085_Handler) referenced from startup_hc32f460petb.o(RESET)
 <LI><a href="#[6a]">IRQ086_Handler</a> from hc32f46x_interrupts.o(i.IRQ086_Handler) referenced from startup_hc32f460petb.o(RESET)
 <LI><a href="#[6b]">IRQ087_Handler</a> from hc32f46x_interrupts.o(i.IRQ087_Handler) referenced from startup_hc32f460petb.o(RESET)
 <LI><a href="#[6c]">IRQ088_Handler</a> from hc32f46x_interrupts.o(i.IRQ088_Handler) referenced from startup_hc32f460petb.o(RESET)
 <LI><a href="#[6d]">IRQ089_Handler</a> from hc32f46x_interrupts.o(i.IRQ089_Handler) referenced from startup_hc32f460petb.o(RESET)
 <LI><a href="#[6e]">IRQ090_Handler</a> from hc32f46x_interrupts.o(i.IRQ090_Handler) referenced from startup_hc32f460petb.o(RESET)
 <LI><a href="#[6f]">IRQ091_Handler</a> from hc32f46x_interrupts.o(i.IRQ091_Handler) referenced from startup_hc32f460petb.o(RESET)
 <LI><a href="#[70]">IRQ092_Handler</a> from hc32f46x_interrupts.o(i.IRQ092_Handler) referenced from startup_hc32f460petb.o(RESET)
 <LI><a href="#[71]">IRQ093_Handler</a> from hc32f46x_interrupts.o(i.IRQ093_Handler) referenced from startup_hc32f460petb.o(RESET)
 <LI><a href="#[72]">IRQ094_Handler</a> from hc32f46x_interrupts.o(i.IRQ094_Handler) referenced from startup_hc32f460petb.o(RESET)
 <LI><a href="#[73]">IRQ095_Handler</a> from hc32f46x_interrupts.o(i.IRQ095_Handler) referenced from startup_hc32f460petb.o(RESET)
 <LI><a href="#[74]">IRQ096_Handler</a> from hc32f46x_interrupts.o(i.IRQ096_Handler) referenced from startup_hc32f460petb.o(RESET)
 <LI><a href="#[75]">IRQ097_Handler</a> from hc32f46x_interrupts.o(i.IRQ097_Handler) referenced from startup_hc32f460petb.o(RESET)
 <LI><a href="#[76]">IRQ098_Handler</a> from hc32f46x_interrupts.o(i.IRQ098_Handler) referenced from startup_hc32f460petb.o(RESET)
 <LI><a href="#[77]">IRQ099_Handler</a> from hc32f46x_interrupts.o(i.IRQ099_Handler) referenced from startup_hc32f460petb.o(RESET)
 <LI><a href="#[78]">IRQ100_Handler</a> from hc32f46x_interrupts.o(i.IRQ100_Handler) referenced from startup_hc32f460petb.o(RESET)
 <LI><a href="#[79]">IRQ101_Handler</a> from hc32f46x_interrupts.o(i.IRQ101_Handler) referenced from startup_hc32f460petb.o(RESET)
 <LI><a href="#[7a]">IRQ102_Handler</a> from hc32f46x_interrupts.o(i.IRQ102_Handler) referenced from startup_hc32f460petb.o(RESET)
 <LI><a href="#[7b]">IRQ103_Handler</a> from hc32f46x_interrupts.o(i.IRQ103_Handler) referenced from startup_hc32f460petb.o(RESET)
 <LI><a href="#[7c]">IRQ104_Handler</a> from hc32f46x_interrupts.o(i.IRQ104_Handler) referenced from startup_hc32f460petb.o(RESET)
 <LI><a href="#[7d]">IRQ105_Handler</a> from hc32f46x_interrupts.o(i.IRQ105_Handler) referenced from startup_hc32f460petb.o(RESET)
 <LI><a href="#[7e]">IRQ106_Handler</a> from hc32f46x_interrupts.o(i.IRQ106_Handler) referenced from startup_hc32f460petb.o(RESET)
 <LI><a href="#[7f]">IRQ107_Handler</a> from hc32f46x_interrupts.o(i.IRQ107_Handler) referenced from startup_hc32f460petb.o(RESET)
 <LI><a href="#[80]">IRQ108_Handler</a> from hc32f46x_interrupts.o(i.IRQ108_Handler) referenced from startup_hc32f460petb.o(RESET)
 <LI><a href="#[81]">IRQ109_Handler</a> from hc32f46x_interrupts.o(i.IRQ109_Handler) referenced from startup_hc32f460petb.o(RESET)
 <LI><a href="#[82]">IRQ110_Handler</a> from hc32f46x_interrupts.o(i.IRQ110_Handler) referenced from startup_hc32f460petb.o(RESET)
 <LI><a href="#[83]">IRQ111_Handler</a> from hc32f46x_interrupts.o(i.IRQ111_Handler) referenced from startup_hc32f460petb.o(RESET)
 <LI><a href="#[84]">IRQ112_Handler</a> from hc32f46x_interrupts.o(i.IRQ112_Handler) referenced from startup_hc32f460petb.o(RESET)
 <LI><a href="#[85]">IRQ113_Handler</a> from hc32f46x_interrupts.o(i.IRQ113_Handler) referenced from startup_hc32f460petb.o(RESET)
 <LI><a href="#[86]">IRQ114_Handler</a> from hc32f46x_interrupts.o(i.IRQ114_Handler) referenced from startup_hc32f460petb.o(RESET)
 <LI><a href="#[87]">IRQ115_Handler</a> from hc32f46x_interrupts.o(i.IRQ115_Handler) referenced from startup_hc32f460petb.o(RESET)
 <LI><a href="#[88]">IRQ116_Handler</a> from hc32f46x_interrupts.o(i.IRQ116_Handler) referenced from startup_hc32f460petb.o(RESET)
 <LI><a href="#[89]">IRQ117_Handler</a> from hc32f46x_interrupts.o(i.IRQ117_Handler) referenced from startup_hc32f460petb.o(RESET)
 <LI><a href="#[8a]">IRQ118_Handler</a> from hc32f46x_interrupts.o(i.IRQ118_Handler) referenced from startup_hc32f460petb.o(RESET)
 <LI><a href="#[8b]">IRQ119_Handler</a> from hc32f46x_interrupts.o(i.IRQ119_Handler) referenced from startup_hc32f460petb.o(RESET)
 <LI><a href="#[8c]">IRQ120_Handler</a> from hc32f46x_interrupts.o(i.IRQ120_Handler) referenced from startup_hc32f460petb.o(RESET)
 <LI><a href="#[8d]">IRQ121_Handler</a> from hc32f46x_interrupts.o(i.IRQ121_Handler) referenced from startup_hc32f460petb.o(RESET)
 <LI><a href="#[8e]">IRQ122_Handler</a> from hc32f46x_interrupts.o(i.IRQ122_Handler) referenced from startup_hc32f460petb.o(RESET)
 <LI><a href="#[8f]">IRQ123_Handler</a> from hc32f46x_interrupts.o(i.IRQ123_Handler) referenced from startup_hc32f460petb.o(RESET)
 <LI><a href="#[90]">IRQ124_Handler</a> from hc32f46x_interrupts.o(i.IRQ124_Handler) referenced from startup_hc32f460petb.o(RESET)
 <LI><a href="#[91]">IRQ125_Handler</a> from hc32f46x_interrupts.o(i.IRQ125_Handler) referenced from startup_hc32f460petb.o(RESET)
 <LI><a href="#[92]">IRQ126_Handler</a> from hc32f46x_interrupts.o(i.IRQ126_Handler) referenced from startup_hc32f460petb.o(RESET)
 <LI><a href="#[93]">IRQ127_Handler</a> from hc32f46x_interrupts.o(i.IRQ127_Handler) referenced from startup_hc32f460petb.o(RESET)
 <LI><a href="#[94]">IRQ128_Handler</a> from hc32f46x_interrupts.o(i.IRQ128_Handler) referenced from startup_hc32f460petb.o(RESET)
 <LI><a href="#[95]">IRQ129_Handler</a> from hc32f46x_interrupts.o(i.IRQ129_Handler) referenced from startup_hc32f460petb.o(RESET)
 <LI><a href="#[96]">IRQ130_Handler</a> from hc32f46x_interrupts.o(i.IRQ130_Handler) referenced from startup_hc32f460petb.o(RESET)
 <LI><a href="#[97]">IRQ131_Handler</a> from hc32f46x_interrupts.o(i.IRQ131_Handler) referenced from startup_hc32f460petb.o(RESET)
 <LI><a href="#[98]">IRQ132_Handler</a> from hc32f46x_interrupts.o(i.IRQ132_Handler) referenced from startup_hc32f460petb.o(RESET)
 <LI><a href="#[99]">IRQ133_Handler</a> from startup_hc32f460petb.o(.text) referenced from startup_hc32f460petb.o(RESET)
 <LI><a href="#[9a]">IRQ134_Handler</a> from startup_hc32f460petb.o(.text) referenced from startup_hc32f460petb.o(RESET)
 <LI><a href="#[9b]">IRQ135_Handler</a> from startup_hc32f460petb.o(.text) referenced from startup_hc32f460petb.o(RESET)
 <LI><a href="#[9c]">IRQ136_Handler</a> from hc32f46x_interrupts.o(i.IRQ136_Handler) referenced from startup_hc32f460petb.o(RESET)
 <LI><a href="#[9d]">IRQ137_Handler</a> from hc32f46x_interrupts.o(i.IRQ137_Handler) referenced from startup_hc32f460petb.o(RESET)
 <LI><a href="#[9e]">IRQ138_Handler</a> from hc32f46x_interrupts.o(i.IRQ138_Handler) referenced from startup_hc32f460petb.o(RESET)
 <LI><a href="#[9f]">IRQ139_Handler</a> from hc32f46x_interrupts.o(i.IRQ139_Handler) referenced from startup_hc32f460petb.o(RESET)
 <LI><a href="#[a0]">IRQ140_Handler</a> from hc32f46x_interrupts.o(i.IRQ140_Handler) referenced from startup_hc32f460petb.o(RESET)
 <LI><a href="#[a1]">IRQ141_Handler</a> from hc32f46x_interrupts.o(i.IRQ141_Handler) referenced from startup_hc32f460petb.o(RESET)
 <LI><a href="#[a2]">IRQ142_Handler</a> from hc32f46x_interrupts.o(i.IRQ142_Handler) referenced from startup_hc32f460petb.o(RESET)
 <LI><a href="#[a3]">IRQ143_Handler</a> from hc32f46x_interrupts.o(i.IRQ143_Handler) referenced from startup_hc32f460petb.o(RESET)
 <LI><a href="#[d]">MemManage_Handler</a> from hc32f46x_interrupts.o(i.MemManage_Handler) referenced from startup_hc32f460petb.o(RESET)
 <LI><a href="#[b]">NMI_Handler</a> from hc32f46x_interrupts.o(i.NMI_Handler) referenced from startup_hc32f460petb.o(RESET)
 <LI><a href="#[12]">PendSV_Handler</a> from hc32f46x_interrupts.o(i.PendSV_Handler) referenced from startup_hc32f460petb.o(RESET)
 <LI><a href="#[a]">Reset_Handler</a> from startup_hc32f460petb.o(.text) referenced from startup_hc32f460petb.o(RESET)
 <LI><a href="#[10]">SVC_Handler</a> from hc32f46x_interrupts.o(i.SVC_Handler) referenced from startup_hc32f460petb.o(RESET)
 <LI><a href="#[13]">SysTick_Handler</a> from hc32f46x_interrupts.o(i.SysTick_Handler) referenced from startup_hc32f460petb.o(RESET)
 <LI><a href="#[a5]">SystemInit</a> from system_hc32f460petb.o(i.SystemInit) referenced from startup_hc32f460petb.o(.text)
 <LI><a href="#[f]">UsageFault_Handler</a> from hc32f46x_interrupts.o(i.UsageFault_Handler) referenced from startup_hc32f460petb.o(RESET)
 <LI><a href="#[b3]">stepTC_Handler()</a> from board_tim0.o(i._Z14stepTC_Handlerv) referenced from board_tim0.o(i.setup_time2B)
 <LI><a href="#[b2]">tempTC_Handler()</a> from board_tim0.o(i._Z14tempTC_Handlerv) referenced from board_tim0.o(i.setup_time2A)
 <LI><a href="#[b7]">Usart1RxIrqCallback()</a> from usart.o(i._Z19Usart1RxIrqCallbackv) referenced from usart.o(i.usart_enable)
 <LI><a href="#[bf]">Usart1TxIrqCallback()</a> from usart.o(i._Z19Usart1TxIrqCallbackv) referenced from usart.o(i.usart_enable)
 <LI><a href="#[b6]">Usart2RxIrqCallback()</a> from usart.o(i._Z19Usart2RxIrqCallbackv) referenced from usart.o(i.usart_enable)
 <LI><a href="#[be]">Usart2TxIrqCallback()</a> from usart.o(i._Z19Usart2TxIrqCallbackv) referenced from usart.o(i.usart_enable)
 <LI><a href="#[b5]">Usart3RxIrqCallback()</a> from usart.o(i._Z19Usart3RxIrqCallbackv) referenced from usart.o(i.usart_enable)
 <LI><a href="#[bd]">Usart3TxIrqCallback()</a> from usart.o(i._Z19Usart3TxIrqCallbackv) referenced from usart.o(i.usart_enable)
 <LI><a href="#[b4]">Usart4RxIrqCallback()</a> from usart.o(i._Z19Usart4RxIrqCallbackv) referenced from usart.o(i.usart_enable)
 <LI><a href="#[bc]">Usart4TxIrqCallback()</a> from usart.o(i._Z19Usart4TxIrqCallbackv) referenced from usart.o(i.usart_enable)
 <LI><a href="#[bb]">Usart1ErrIrqCallback()</a> from usart.o(i._Z20Usart1ErrIrqCallbackv) referenced from usart.o(i.usart_enable)
 <LI><a href="#[ba]">Usart2ErrIrqCallback()</a> from usart.o(i._Z20Usart2ErrIrqCallbackv) referenced from usart.o(i.usart_enable)
 <LI><a href="#[b9]">Usart3ErrIrqCallback()</a> from usart.o(i._Z20Usart3ErrIrqCallbackv) referenced from usart.o(i.usart_enable)
 <LI><a href="#[b8]">Usart4ErrIrqCallback()</a> from usart.o(i._Z20Usart4ErrIrqCallbackv) referenced from usart.o(i.usart_enable)
 <LI><a href="#[c3]">Usart1TxCmpltIrqCallback()</a> from usart.o(i._Z24Usart1TxCmpltIrqCallbackv) referenced from usart.o(i.usart_enable)
 <LI><a href="#[c2]">Usart2TxCmpltIrqCallback()</a> from usart.o(i._Z24Usart2TxCmpltIrqCallbackv) referenced from usart.o(i.usart_enable)
 <LI><a href="#[c1]">Usart3TxCmpltIrqCallback()</a> from usart.o(i._Z24Usart3TxCmpltIrqCallbackv) referenced from usart.o(i.usart_enable)
 <LI><a href="#[c0]">Usart4TxCmpltIrqCallback()</a> from usart.o(i._Z24Usart4TxCmpltIrqCallbackv) referenced from usart.o(i.usart_enable)
 <LI><a href="#[ce]">premain()</a> from main.o(i._Z7premainv) referenced from main.o(.init_array.00101)
 <LI><a href="#[b0]">Temperature::tr_state_machine_t::tr_state_machine_t()</a> from temperature.o(i._ZN11Temperature18tr_state_machine_tC1Ev) referenced from temperature.o(i.__sti___15_temperature_cpp_ca4fe824)
 <LI><a href="#[c9]">HardwareSerial::read()</a> from hardwareserial.o(i._ZN14HardwareSerial4readEv) referenced from hardwareserial.o(.constdata__ZTV14HardwareSerial)
 <LI><a href="#[ca]">HardwareSerial::flush()</a> from hardwareserial.o(i._ZN14HardwareSerial5flushEv) referenced from hardwareserial.o(.constdata__ZTV14HardwareSerial)
 <LI><a href="#[c5]">HardwareSerial::write(unsigned char)</a> from hardwareserial.o(i._ZN14HardwareSerial5writeEh) referenced from hardwareserial.o(.constdata__ZTV14HardwareSerial)
 <LI><a href="#[c8]">HardwareSerial::available()</a> from hardwareserial.o(i._ZN14HardwareSerial9availableEv) referenced from hardwareserial.o(.constdata__ZTV14HardwareSerial)
 <LI><a href="#[cd]">DiskIODriver_SDIO::writeBlock(unsigned, const unsigned char*)</a> from cardreader.o(i._ZN17DiskIODriver_SDIO10writeBlockEjPKh) referenced from cardreader.o(.constdata__ZTV17DiskIODriver_SDIO)
 <LI><a href="#[cb]">DiskIODriver_SDIO::init(unsigned char, signed char)</a> from cardreader.o(i._ZN17DiskIODriver_SDIO4initEha) referenced from cardreader.o(.constdata__ZTV17DiskIODriver_SDIO)
 <LI><a href="#[cc]">DiskIODriver_SDIO::readBlock(unsigned, unsigned char*)</a> from cardreader.o(i._ZN17DiskIODriver_SDIO9readBlockEjPh) referenced from cardreader.o(.constdata__ZTV17DiskIODriver_SDIO)
 <LI><a href="#[b1]">[local to adc_c]::adc_default_config(adc_dev*)</a> from adc.o(i._ZN22_INTERNAL_5_adc_c_adc118adc_default_configEP7adc_dev) referenced from adc.o(i.setup_adcs)
 <LI><a href="#[c6]">Print::write(const char*)</a> from print.o(i._ZN5Print5writeEPKc) referenced from hardwareserial.o(.constdata__ZTV14HardwareSerial)
 <LI><a href="#[c6]">Print::write(const char*)</a> from print.o(i._ZN5Print5writeEPKc) referenced from print.o(.constdata__ZTV5Print)
 <LI><a href="#[c6]">Print::write(const char*)</a> from print.o(i._ZN5Print5writeEPKc) referenced from hardwareserial.o(.constdata__ZTV6Stream)
 <LI><a href="#[c7]">Print::write(const void*, unsigned)</a> from print.o(i._ZN5Print5writeEPKvj) referenced from hardwareserial.o(.constdata__ZTV14HardwareSerial)
 <LI><a href="#[c7]">Print::write(const void*, unsigned)</a> from print.o(i._ZN5Print5writeEPKvj) referenced from print.o(.constdata__ZTV5Print)
 <LI><a href="#[c7]">Print::write(const void*, unsigned)</a> from print.o(i._ZN5Print5writeEPKvj) referenced from hardwareserial.o(.constdata__ZTV6Stream)
 <LI><a href="#[ae]">SdFile::SdFile()</a> from cardreader.o(i._ZN6SdFileC1Ev) referenced from cardreader.o(i.__sti___14_cardreader_cpp_M23_STR)
 <LI><a href="#[aa]">SdFile::~SdFile()</a> from cardreader.o(i._ZN6SdFileD1Ev) referenced from cardreader.o(i.<Func48>)
 <LI><a href="#[aa]">SdFile::~SdFile()</a> from cardreader.o(i._ZN6SdFileD1Ev) referenced from cardreader.o(i._ZN10CardReader10diveToFileEbRP6SdFilePKcb)
 <LI><a href="#[aa]">SdFile::~SdFile()</a> from cardreader.o(i._ZN6SdFileD1Ev) referenced from cardreader.o(i.__sti___14_cardreader_cpp_M23_STR)
 <LI><a href="#[c4]">__cxa_pure_virtual</a> from cxxabi-compat.o(i.__cxa_pure_virtual) referenced 13 times from cardreader.o(.constdata__ZTV12DiskIODriver)
 <LI><a href="#[c4]">__cxa_pure_virtual</a> from cxxabi-compat.o(i.__cxa_pure_virtual) referenced from print.o(.constdata__ZTV5Print)
 <LI><a href="#[c4]">__cxa_pure_virtual</a> from cxxabi-compat.o(i.__cxa_pure_virtual) referenced 5 times from hardwareserial.o(.constdata__ZTV6Stream)
 <LI><a href="#[c4]">__cxa_pure_virtual</a> from cxxabi-compat.o(i.__cxa_pure_virtual) referenced from ipaddress.o(.constdata__ZTV9Printable)
 <LI><a href="#[a6]">__main</a> from entry.o(.ARM.Collect$$$$00000000) referenced from startup_hc32f460petb.o(.text)
 <LI><a href="#[d2]">__sti___11_planner_cpp_planner</a> from planner.o(i.__sti___11_planner_cpp_planner) referenced from planner.o(.init_array)
 <LI><a href="#[cf]">__sti___12_board_gpio_c_PIN_MAP</a> from board_gpio.o(i.__sti___12_board_gpio_c_PIN_MAP) referenced from board_gpio.o(.init_array)
 <LI><a href="#[d1]">__sti___12_endstops_cpp_endstops</a> from endstops.o(i.__sti___12_endstops_cpp_endstops) referenced from endstops.o(.init_array)
 <LI><a href="#[d5]">__sti___13_IPAddress_cpp_0fe1e075</a> from ipaddress.o(i.__sti___13_IPAddress_cpp_0fe1e075) referenced from ipaddress.o(.init_array)
 <LI><a href="#[d0]">__sti___14_MarlinCore_cpp_card</a> from marlincore.o(i.__sti___14_MarlinCore_cpp_card) referenced from marlincore.o(.init_array)
 <LI><a href="#[d4]">__sti___14_cardreader_cpp_M23_STR</a> from cardreader.o(i.__sti___14_cardreader_cpp_M23_STR) referenced from cardreader.o(.init_array)
 <LI><a href="#[d3]">__sti___15_temperature_cpp_ca4fe824</a> from temperature.o(i.__sti___15_temperature_cpp_ca4fe824) referenced from temperature.o(.init_array)
 <LI><a href="#[a8]">_sbackspace</a> from _sgetc.o(.text) referenced from strtod.o(.text)
 <LI><a href="#[a7]">_sgetc</a> from _sgetc.o(.text) referenced from strtod.o(.text)
 <LI><a href="#[ad]">_sputc</a> from printfa.o(i._sputc) referenced from printfa.o(i.__0sprintf)
 <LI><a href="#[ac]">fputc</a> from hc32f46x_utility.o(i.fputc) referenced from printfa.o(i.__0printf)
 <LI><a href="#[a9]">isspace</a> from wstring.o(i.isspace) referenced from strtod.o(.text)
 <LI><a href="#[a4]">main</a> from main.o(i.main) referenced from entry9a.o(.ARM.Collect$$$$0000000B)
</UL>
<P>
<H3>
Global Symbols
</H3>
<P><STRONG><a name="[a6]"></a>__main</STRONG> (Thumb, 0 bytes, Stack size 0 bytes, entry.o(.ARM.Collect$$$$00000000))
<BR>[Address Reference Count : 1]<UL><LI> startup_hc32f460petb.o(.text)
</UL>
<P><STRONG><a name="[d9]"></a>_main_scatterload</STRONG> (Thumb, 0 bytes, Stack size 0 bytes, entry5.o(.ARM.Collect$$$$00000004))
<BR><BR>[Calls]<UL><LI><a href="#[da]">&gt;&gt;</a>&nbsp;&nbsp;&nbsp;__scatterload
</UL>

<P><STRONG><a name="[106]"></a>__main_after_scatterload</STRONG> (Thumb, 0 bytes, Stack size 0 bytes, entry5.o(.ARM.Collect$$$$00000004))
<BR><BR>[Called By]<UL><LI><a href="#[da]">&gt;&gt;</a>&nbsp;&nbsp;&nbsp;__scatterload
</UL>

<P><STRONG><a name="[db]"></a>_main_cpp_init$empty</STRONG> (Thumb, 0 bytes, Stack size 0 bytes, entry8a.o(.ARM.Collect$$$$00000009))
<BR><BR>[Calls]<UL><LI><a href="#[d8]">&gt;&gt;</a>&nbsp;&nbsp;&nbsp;__cpp_initialize__aeabi_
</UL>

<P><STRONG><a name="[dc]"></a>__rt_final_cpp$nonempty</STRONG> (Thumb, 0 bytes, Stack size 0 bytes, entry10b.o(.ARM.Collect$$$$00000010))
<BR><BR>[Calls]<UL><LI><a href="#[dd]">&gt;&gt;</a>&nbsp;&nbsp;&nbsp;__cxa_finalize
</UL>

<P><STRONG><a name="[a]"></a>Reset_Handler</STRONG> (Thumb, 30 bytes, Stack size 0 bytes, startup_hc32f460petb.o(.text))
<BR>[Address Reference Count : 1]<UL><LI> startup_hc32f460petb.o(RESET)
</UL>
<P><STRONG><a name="[99]"></a>IRQ133_Handler</STRONG> (Thumb, 0 bytes, Stack size 0 bytes, startup_hc32f460petb.o(.text))
<BR><BR>[Calls]<UL><LI><a href="#[99]">&gt;&gt;</a>&nbsp;&nbsp;&nbsp;IRQ133_Handler
</UL>
<BR>[Called By]<UL><LI><a href="#[99]">&gt;&gt;</a>&nbsp;&nbsp;&nbsp;IRQ133_Handler
</UL>
<BR>[Address Reference Count : 1]<UL><LI> startup_hc32f460petb.o(RESET)
</UL>
<P><STRONG><a name="[9a]"></a>IRQ134_Handler</STRONG> (Thumb, 0 bytes, Stack size 0 bytes, startup_hc32f460petb.o(.text))
<BR>[Address Reference Count : 1]<UL><LI> startup_hc32f460petb.o(RESET)
</UL>
<P><STRONG><a name="[9b]"></a>IRQ135_Handler</STRONG> (Thumb, 0 bytes, Stack size 0 bytes, startup_hc32f460petb.o(.text))
<BR>[Address Reference Count : 1]<UL><LI> startup_hc32f460petb.o(RESET)
</UL>
<P><STRONG><a name="[10d]"></a>__aeabi_vec_dtor</STRONG> (Thumb, 34 bytes, Stack size 0 bytes, aeabi_vec_dtor_noexceptions.o(.text))
<BR><BR>[Called By]<UL><LI><a href="#[af]">&gt;&gt;</a>&nbsp;&nbsp;&nbsp;&lang;Func48&rang;
</UL>

<P><STRONG><a name="[de]"></a>__aeabi_uldivmod</STRONG> (Thumb, 98 bytes, Stack size 0 bytes, uldiv.o(.text))
<BR><BR>[Calls]<UL><LI><a href="#[e0]">&gt;&gt;</a>&nbsp;&nbsp;&nbsp;__aeabi_llsl
<LI><a href="#[df]">&gt;&gt;</a>&nbsp;&nbsp;&nbsp;__aeabi_llsr
</UL>
<BR>[Called By]<UL><LI><a href="#[119]">&gt;&gt;</a>&nbsp;&nbsp;&nbsp;[local to hc32f46x_utility_c]::SetUartBaudrate(unsigned)
<LI><a href="#[160]">&gt;&gt;</a>&nbsp;&nbsp;&nbsp;[local to hc32f46x_usart_c]::SetClkSyncBaudrate(M4_USART_TypeDef*, unsigned)
<LI><a href="#[161]">&gt;&gt;</a>&nbsp;&nbsp;&nbsp;[local to hc32f46x_usart_c]::SetUartBaudrate(M4_USART_TypeDef*, unsigned)
<LI><a href="#[15f]">&gt;&gt;</a>&nbsp;&nbsp;&nbsp;[local to hc32f46x_usart_c]::SetScBaudrate(M4_USART_TypeDef*, unsigned)
<LI><a href="#[3ef]">&gt;&gt;</a>&nbsp;&nbsp;&nbsp;Print::printNumber(unsigned long long, unsigned char)
<LI><a href="#[43e]">&gt;&gt;</a>&nbsp;&nbsp;&nbsp;_printf_core
<LI><a href="#[44c]">&gt;&gt;</a>&nbsp;&nbsp;&nbsp;_fp_digits
</UL>

<P><STRONG><a name="[e0]"></a>__aeabi_llsl</STRONG> (Thumb, 30 bytes, Stack size 0 bytes, llshl.o(.text))
<BR><BR>[Called By]<UL><LI><a href="#[ee]">&gt;&gt;</a>&nbsp;&nbsp;&nbsp;__aeabi_dadd
<LI><a href="#[fb]">&gt;&gt;</a>&nbsp;&nbsp;&nbsp;__aeabi_d2lz
<LI><a href="#[de]">&gt;&gt;</a>&nbsp;&nbsp;&nbsp;__aeabi_uldivmod
<LI><a href="#[f0]">&gt;&gt;</a>&nbsp;&nbsp;&nbsp;_double_epilogue
<LI><a href="#[104]">&gt;&gt;</a>&nbsp;&nbsp;&nbsp;__aeabi_d2ulz
</UL>

<P><STRONG><a name="[ef]"></a>__aeabi_lasr</STRONG> (Thumb, 36 bytes, Stack size 0 bytes, llsshr.o(.text))
<BR><BR>[Called By]<UL><LI><a href="#[ee]">&gt;&gt;</a>&nbsp;&nbsp;&nbsp;__aeabi_dadd
</UL>

<P><STRONG><a name="[e5]"></a>tolower</STRONG> (Thumb, 12 bytes, Stack size 0 bytes, tolower.o(.text))
<BR><BR>[Called By]<UL><LI><a href="#[286]">&gt;&gt;</a>&nbsp;&nbsp;&nbsp;CardReader::openAndPrintFile(const char*)
<LI><a href="#[e4]">&gt;&gt;</a>&nbsp;&nbsp;&nbsp;strcasecmp
</UL>

<P><STRONG><a name="[e2]"></a>__aeabi_memset</STRONG> (Thumb, 14 bytes, Stack size 0 bytes, memseta.o(.text))
<BR><BR>[Called By]<UL><LI><a href="#[e3]">&gt;&gt;</a>&nbsp;&nbsp;&nbsp;_memset$wrapper
<LI><a href="#[e1]">&gt;&gt;</a>&nbsp;&nbsp;&nbsp;__aeabi_memclr
</UL>

<P><STRONG><a name="[e1]"></a>__aeabi_memclr</STRONG> (Thumb, 4 bytes, Stack size 0 bytes, memseta.o(.text))
<BR><BR>[Calls]<UL><LI><a href="#[e2]">&gt;&gt;</a>&nbsp;&nbsp;&nbsp;__aeabi_memset
</UL>
<BR>[Called By]<UL><LI><a href="#[3b0]">&gt;&gt;</a>&nbsp;&nbsp;&nbsp;MarlinSettings::plr_is_pl()
<LI><a href="#[20c]">&gt;&gt;</a>&nbsp;&nbsp;&nbsp;CardReader::tl_ls()
<LI><a href="#[1b2]">&gt;&gt;</a>&nbsp;&nbsp;&nbsp;tlInitSetting()
<LI><a href="#[34d]">&gt;&gt;</a>&nbsp;&nbsp;&nbsp;SdBaseFile::open(SdBaseFile*, const unsigned char*, unsigned char)
</UL>

<P><STRONG><a name="[16d]"></a>__aeabi_memclr4</STRONG> (Thumb, 0 bytes, Stack size 0 bytes, memseta.o(.text))
<BR><BR>[Called By]<UL><LI><a href="#[331]">&gt;&gt;</a>&nbsp;&nbsp;&nbsp;MarlinSettings::save()
<LI><a href="#[291]">&gt;&gt;</a>&nbsp;&nbsp;&nbsp;CardReader::CardReader()
<LI><a href="#[305]">&gt;&gt;</a>&nbsp;&nbsp;&nbsp;GcodeSuite::process_subcommands_now_P(const char*)
<LI><a href="#[230]">&gt;&gt;</a>&nbsp;&nbsp;&nbsp;MarlinSettings::plr_recovery()
<LI><a href="#[20c]">&gt;&gt;</a>&nbsp;&nbsp;&nbsp;CardReader::tl_ls()
<LI><a href="#[22b]">&gt;&gt;</a>&nbsp;&nbsp;&nbsp;process_command_gcode(long*)
<LI><a href="#[221]">&gt;&gt;</a>&nbsp;&nbsp;&nbsp;tenlog_status_update(bool)
<LI><a href="#[16c]">&gt;&gt;</a>&nbsp;&nbsp;&nbsp;get_command(int)
<LI><a href="#[162]">&gt;&gt;</a>&nbsp;&nbsp;&nbsp;DETECT_TLS()
<LI><a href="#[33d]">&gt;&gt;</a>&nbsp;&nbsp;&nbsp;SdBaseFile::addDirCluster()
<LI><a href="#[415]">&gt;&gt;</a>&nbsp;&nbsp;&nbsp;Planner::buffer_sync_block()
<LI><a href="#[21c]">&gt;&gt;</a>&nbsp;&nbsp;&nbsp;reset_hotend_offsets()
<LI><a href="#[19f]">&gt;&gt;</a>&nbsp;&nbsp;&nbsp;WIFI_InitSPI1()
<LI><a href="#[3cd]">&gt;&gt;</a>&nbsp;&nbsp;&nbsp;[local to startup_cpp]::setup_SysClk()
<LI><a href="#[451]">&gt;&gt;</a>&nbsp;&nbsp;&nbsp;setup_systick
<LI><a href="#[35d]">&gt;&gt;</a>&nbsp;&nbsp;&nbsp;Sdioc_Class::Sdioc_Class(M4_SDIOC_TypeDef*)
<LI><a href="#[3c0]">&gt;&gt;</a>&nbsp;&nbsp;&nbsp;[local to adc_c]::adc_DMAInitConfig(adc_dev*)
<LI><a href="#[3b5]">&gt;&gt;</a>&nbsp;&nbsp;&nbsp;[local to adc_c]::adc_setclk()
<LI><a href="#[138]">&gt;&gt;</a>&nbsp;&nbsp;&nbsp;[local to sd_card_c]::DmaSdiocTxConfig(M4_DMA_TypeDef*, en_dma_channel, M4_SDIOC_TypeDef*, unsigned char*, unsigned short)
<LI><a href="#[130]">&gt;&gt;</a>&nbsp;&nbsp;&nbsp;[local to sd_card_c]::DmaSdiocRxConfig(M4_DMA_TypeDef*, en_dma_channel, M4_SDIOC_TypeDef*, unsigned char*, unsigned short)
<LI><a href="#[12b]">&gt;&gt;</a>&nbsp;&nbsp;&nbsp;[local to sd_card_c]::SdCardSetSpeed(stc_sd_handle*)
</UL>

<P><STRONG><a name="[e3]"></a>_memset$wrapper</STRONG> (Thumb, 18 bytes, Stack size 0 bytes, memseta.o(.text), UNUSED)
<BR><BR>[Calls]<UL><LI><a href="#[e2]">&gt;&gt;</a>&nbsp;&nbsp;&nbsp;__aeabi_memset
</UL>

<P><STRONG><a name="[278]"></a>strcat</STRONG> (Thumb, 24 bytes, Stack size 0 bytes, strcat.o(.text))
<BR><BR>[Called By]<UL><LI><a href="#[286]">&gt;&gt;</a>&nbsp;&nbsp;&nbsp;CardReader::openAndPrintFile(const char*)
<LI><a href="#[274]">&gt;&gt;</a>&nbsp;&nbsp;&nbsp;CardReader::printListing(SdFile, const char*)
</UL>

<P><STRONG><a name="[2a3]"></a>strstr</STRONG> (Thumb, 36 bytes, Stack size 0 bytes, strstr.o(.text))
<BR><BR>[Called By]<UL><LI><a href="#[2aa]">&gt;&gt;</a>&nbsp;&nbsp;&nbsp;GCodeQueue::advance()
<LI><a href="#[2a0]">&gt;&gt;</a>&nbsp;&nbsp;&nbsp;GCodeQueue::get_serial_commands()
</UL>

<P><STRONG><a name="[231]"></a>strncpy</STRONG> (Thumb, 24 bytes, Stack size 0 bytes, strncpy.o(.text))
<BR><BR>[Called By]<UL><LI><a href="#[22f]">&gt;&gt;</a>&nbsp;&nbsp;&nbsp;TJCPauseResumePrinting(bool, int)
<LI><a href="#[286]">&gt;&gt;</a>&nbsp;&nbsp;&nbsp;CardReader::openAndPrintFile(const char*)
<LI><a href="#[266]">&gt;&gt;</a>&nbsp;&nbsp;&nbsp;CardReader::diveToFile(bool, SdFile*&, const char*, bool)
</UL>

<P><STRONG><a name="[268]"></a>strchr</STRONG> (Thumb, 20 bytes, Stack size 0 bytes, strchr.o(.text))
<BR><BR>[Called By]<UL><LI><a href="#[1b0]">&gt;&gt;</a>&nbsp;&nbsp;&nbsp;GcodeSuite::process_subcommands_now(char*)
<LI><a href="#[282]">&gt;&gt;</a>&nbsp;&nbsp;&nbsp;std::strchr(char*, int)
<LI><a href="#[305]">&gt;&gt;</a>&nbsp;&nbsp;&nbsp;GcodeSuite::process_subcommands_now_P(const char*)
<LI><a href="#[266]">&gt;&gt;</a>&nbsp;&nbsp;&nbsp;CardReader::diveToFile(bool, SdFile*&, const char*, bool)
</UL>

<P><STRONG><a name="[16f]"></a>strlen</STRONG> (Thumb, 14 bytes, Stack size 0 bytes, strlen.o(.text))
<BR><BR>[Called By]<UL><LI><a href="#[3b0]">&gt;&gt;</a>&nbsp;&nbsp;&nbsp;MarlinSettings::plr_is_pl()
<LI><a href="#[24f]">&gt;&gt;</a>&nbsp;&nbsp;&nbsp;TlIsPLR()
<LI><a href="#[281]">&gt;&gt;</a>&nbsp;&nbsp;&nbsp;CardReader::write_command(char*)
<LI><a href="#[305]">&gt;&gt;</a>&nbsp;&nbsp;&nbsp;GcodeSuite::process_subcommands_now_P(const char*)
<LI><a href="#[204]">&gt;&gt;</a>&nbsp;&nbsp;&nbsp;homing_needed_error(unsigned char)
<LI><a href="#[171]">&gt;&gt;</a>&nbsp;&nbsp;&nbsp;DWN_Text(long, int, const char*, bool)
<LI><a href="#[162]">&gt;&gt;</a>&nbsp;&nbsp;&nbsp;DETECT_TLS()
<LI><a href="#[283]">&gt;&gt;</a>&nbsp;&nbsp;&nbsp;SdFile::write(const char*)
<LI><a href="#[286]">&gt;&gt;</a>&nbsp;&nbsp;&nbsp;CardReader::openAndPrintFile(const char*)
<LI><a href="#[274]">&gt;&gt;</a>&nbsp;&nbsp;&nbsp;CardReader::printListing(SdFile, const char*)
<LI><a href="#[c6]">&gt;&gt;</a>&nbsp;&nbsp;&nbsp;Print::write(const char*)
</UL>

<P><STRONG><a name="[34e]"></a>memcmp</STRONG> (Thumb, 26 bytes, Stack size 0 bytes, memcmp.o(.text))
<BR><BR>[Called By]<UL><LI><a href="#[34d]">&gt;&gt;</a>&nbsp;&nbsp;&nbsp;SdBaseFile::open(SdBaseFile*, const unsigned char*, unsigned char)
</UL>

<P><STRONG><a name="[277]"></a>strcpy</STRONG> (Thumb, 18 bytes, Stack size 0 bytes, strcpy.o(.text))
<BR><BR>[Called By]<UL><LI><a href="#[295]">&gt;&gt;</a>&nbsp;&nbsp;&nbsp;GCodeQueue::RingBuffer::enqueue(const char*, bool)
<LI><a href="#[274]">&gt;&gt;</a>&nbsp;&nbsp;&nbsp;CardReader::printListing(SdFile, const char*)
</UL>

<P><STRONG><a name="[3a1]"></a>strncmp</STRONG> (Thumb, 30 bytes, Stack size 0 bytes, strncmp.o(.text))
<BR><BR>[Called By]<UL><LI><a href="#[396]">&gt;&gt;</a>&nbsp;&nbsp;&nbsp;MarlinSettings::_load()
</UL>

<P><STRONG><a name="[2a4]"></a>strrchr</STRONG> (Thumb, 22 bytes, Stack size 0 bytes, strrchr.o(.text))
<BR><BR>[Called By]<UL><LI><a href="#[2a0]">&gt;&gt;</a>&nbsp;&nbsp;&nbsp;GCodeQueue::get_serial_commands()
</UL>

<P><STRONG><a name="[e4]"></a>strcasecmp</STRONG> (Thumb, 42 bytes, Stack size 0 bytes, strcasecmp.o(.text))
<BR><BR>[Calls]<UL><LI><a href="#[e5]">&gt;&gt;</a>&nbsp;&nbsp;&nbsp;tolower
</UL>
<BR>[Called By]<UL><LI><a href="#[27d]">&gt;&gt;</a>&nbsp;&nbsp;&nbsp;CardReader::selectByName(SdFile, const char*)
</UL>

<P><STRONG><a name="[e6]"></a>strtol</STRONG> (Thumb, 112 bytes, Stack size 0 bytes, strtol.o(.text))
<BR><BR>[Calls]<UL><LI><a href="#[e8]">&gt;&gt;</a>&nbsp;&nbsp;&nbsp;_strtoul
<LI><a href="#[e9]">&gt;&gt;</a>&nbsp;&nbsp;&nbsp;__aeabi_errno_addr
<LI><a href="#[e7]">&gt;&gt;</a>&nbsp;&nbsp;&nbsp;__rt_ctype_table
</UL>
<BR>[Called By]<UL><LI><a href="#[310]">&gt;&gt;</a>&nbsp;&nbsp;&nbsp;GCodeParser::ushortval(char, unsigned short)
<LI><a href="#[2f0]">&gt;&gt;</a>&nbsp;&nbsp;&nbsp;GcodeSuite::M221()
<LI><a href="#[2ef]">&gt;&gt;</a>&nbsp;&nbsp;&nbsp;GcodeSuite::M220()
<LI><a href="#[30e]">&gt;&gt;</a>&nbsp;&nbsp;&nbsp;GCodeParser::value_long()
<LI><a href="#[2a0]">&gt;&gt;</a>&nbsp;&nbsp;&nbsp;GCodeQueue::get_serial_commands()
<LI><a href="#[31c]">&gt;&gt;</a>&nbsp;&nbsp;&nbsp;GCodeParser::value_celsius()
<LI><a href="#[2bf]">&gt;&gt;</a>&nbsp;&nbsp;&nbsp;GcodeSuite::M26()
<LI><a href="#[2bd]">&gt;&gt;</a>&nbsp;&nbsp;&nbsp;GcodeSuite::M24()
<LI><a href="#[2d0]">&gt;&gt;</a>&nbsp;&nbsp;&nbsp;GcodeSuite::M110()
</UL>

<P><STRONG><a name="[ea]"></a>strtoul</STRONG> (Thumb, 114 bytes, Stack size 0 bytes, strtoul.o(.text))
<BR><BR>[Calls]<UL><LI><a href="#[e8]">&gt;&gt;</a>&nbsp;&nbsp;&nbsp;_strtoul
<LI><a href="#[e9]">&gt;&gt;</a>&nbsp;&nbsp;&nbsp;__aeabi_errno_addr
<LI><a href="#[e7]">&gt;&gt;</a>&nbsp;&nbsp;&nbsp;__rt_ctype_table
</UL>
<BR>[Called By]<UL><LI><a href="#[2ea]">&gt;&gt;</a>&nbsp;&nbsp;&nbsp;GcodeSuite::M205()
<LI><a href="#[2b1]">&gt;&gt;</a>&nbsp;&nbsp;&nbsp;GcodeSuite::G4()
</UL>

<P><STRONG><a name="[d8]"></a>__cpp_initialize__aeabi_</STRONG> (Thumb, 22 bytes, Stack size 0 bytes, cpp_init.o(.text))
<BR><BR>[Called By]<UL><LI><a href="#[db]">&gt;&gt;</a>&nbsp;&nbsp;&nbsp;_main_cpp_init$empty
</UL>

<P><STRONG><a name="[eb]"></a>__aeabi_atexit</STRONG> (Thumb, 46 bytes, Stack size 0 bytes, aeabi_atexit.o(.text))
<BR><BR>[Calls]<UL><LI><a href="#[ed]">&gt;&gt;</a>&nbsp;&nbsp;&nbsp;__rt_ddtor_pointer_addr
<LI><a href="#[ec]">&gt;&gt;</a>&nbsp;&nbsp;&nbsp;malloc
</UL>
<BR>[Called By]<UL><LI><a href="#[266]">&gt;&gt;</a>&nbsp;&nbsp;&nbsp;CardReader::diveToFile(bool, SdFile*&, const char*, bool)
<LI><a href="#[d4]">&gt;&gt;</a>&nbsp;&nbsp;&nbsp;__sti___14_cardreader_cpp_M23_STR
</UL>

<P><STRONG><a name="[ee]"></a>__aeabi_dadd</STRONG> (Thumb, 322 bytes, Stack size 0 bytes, dadd.o(.text))
<BR><BR>[Calls]<UL><LI><a href="#[ef]">&gt;&gt;</a>&nbsp;&nbsp;&nbsp;__aeabi_lasr
<LI><a href="#[e0]">&gt;&gt;</a>&nbsp;&nbsp;&nbsp;__aeabi_llsl
<LI><a href="#[f1]">&gt;&gt;</a>&nbsp;&nbsp;&nbsp;_double_round
<LI><a href="#[f0]">&gt;&gt;</a>&nbsp;&nbsp;&nbsp;_double_epilogue
</UL>
<BR>[Called By]<UL><LI><a href="#[3ea]">&gt;&gt;</a>&nbsp;&nbsp;&nbsp;Print::printFloat(double, unsigned char)
<LI><a href="#[f2]">&gt;&gt;</a>&nbsp;&nbsp;&nbsp;__aeabi_dsub
<LI><a href="#[f3]">&gt;&gt;</a>&nbsp;&nbsp;&nbsp;__aeabi_drsub
<LI><a href="#[44c]">&gt;&gt;</a>&nbsp;&nbsp;&nbsp;_fp_digits
</UL>

<P><STRONG><a name="[f2]"></a>__aeabi_dsub</STRONG> (Thumb, 6 bytes, Stack size 0 bytes, dadd.o(.text), UNUSED)
<BR><BR>[Calls]<UL><LI><a href="#[ee]">&gt;&gt;</a>&nbsp;&nbsp;&nbsp;__aeabi_dadd
</UL>

<P><STRONG><a name="[f3]"></a>__aeabi_drsub</STRONG> (Thumb, 6 bytes, Stack size 0 bytes, dadd.o(.text))
<BR><BR>[Calls]<UL><LI><a href="#[ee]">&gt;&gt;</a>&nbsp;&nbsp;&nbsp;__aeabi_dadd
</UL>
<BR>[Called By]<UL><LI><a href="#[3ea]">&gt;&gt;</a>&nbsp;&nbsp;&nbsp;Print::printFloat(double, unsigned char)
</UL>

<P><STRONG><a name="[f4]"></a>__aeabi_dmul</STRONG> (Thumb, 228 bytes, Stack size 0 bytes, dmul.o(.text))
<BR><BR>[Calls]<UL><LI><a href="#[f0]">&gt;&gt;</a>&nbsp;&nbsp;&nbsp;_double_epilogue
</UL>
<BR>[Called By]<UL><LI><a href="#[1a5]">&gt;&gt;</a>&nbsp;&nbsp;&nbsp;process_command_dwn()
<LI><a href="#[3ea]">&gt;&gt;</a>&nbsp;&nbsp;&nbsp;Print::printFloat(double, unsigned char)
<LI><a href="#[109]">&gt;&gt;</a>&nbsp;&nbsp;&nbsp;_fp_value
<LI><a href="#[441]">&gt;&gt;</a>&nbsp;&nbsp;&nbsp;frexp
<LI><a href="#[44c]">&gt;&gt;</a>&nbsp;&nbsp;&nbsp;_fp_digits
</UL>

<P><STRONG><a name="[f5]"></a>__aeabi_ddiv</STRONG> (Thumb, 222 bytes, Stack size 0 bytes, ddiv.o(.text))
<BR><BR>[Calls]<UL><LI><a href="#[f1]">&gt;&gt;</a>&nbsp;&nbsp;&nbsp;_double_round
</UL>
<BR>[Called By]<UL><LI><a href="#[230]">&gt;&gt;</a>&nbsp;&nbsp;&nbsp;MarlinSettings::plr_recovery()
<LI><a href="#[3ea]">&gt;&gt;</a>&nbsp;&nbsp;&nbsp;Print::printFloat(double, unsigned char)
<LI><a href="#[109]">&gt;&gt;</a>&nbsp;&nbsp;&nbsp;_fp_value
<LI><a href="#[44c]">&gt;&gt;</a>&nbsp;&nbsp;&nbsp;_fp_digits
</UL>

<P><STRONG><a name="[f6]"></a>__aeabi_i2d</STRONG> (Thumb, 34 bytes, Stack size 0 bytes, dflti.o(.text))
<BR><BR>[Calls]<UL><LI><a href="#[f0]">&gt;&gt;</a>&nbsp;&nbsp;&nbsp;_double_epilogue
</UL>
<BR>[Called By]<UL><LI><a href="#[1a5]">&gt;&gt;</a>&nbsp;&nbsp;&nbsp;process_command_dwn()
<LI><a href="#[3ea]">&gt;&gt;</a>&nbsp;&nbsp;&nbsp;Print::printFloat(double, unsigned char)
</UL>

<P><STRONG><a name="[f7]"></a>__aeabi_ui2d</STRONG> (Thumb, 26 bytes, Stack size 0 bytes, dfltui.o(.text))
<BR><BR>[Calls]<UL><LI><a href="#[f0]">&gt;&gt;</a>&nbsp;&nbsp;&nbsp;_double_epilogue
</UL>
<BR>[Called By]<UL><LI><a href="#[230]">&gt;&gt;</a>&nbsp;&nbsp;&nbsp;MarlinSettings::plr_recovery()
</UL>

<P><STRONG><a name="[f8]"></a>__aeabi_l2d</STRONG> (Thumb, 40 bytes, Stack size 0 bytes, dfltl.o(.text))
<BR><BR>[Calls]<UL><LI><a href="#[f0]">&gt;&gt;</a>&nbsp;&nbsp;&nbsp;_double_epilogue
</UL>
<BR>[Called By]<UL><LI><a href="#[3ea]">&gt;&gt;</a>&nbsp;&nbsp;&nbsp;Print::printFloat(double, unsigned char)
</UL>

<P><STRONG><a name="[f9]"></a>__aeabi_d2iz</STRONG> (Thumb, 62 bytes, Stack size 0 bytes, dfixi.o(.text))
<BR><BR>[Calls]<UL><LI><a href="#[df]">&gt;&gt;</a>&nbsp;&nbsp;&nbsp;__aeabi_llsr
</UL>
<BR>[Called By]<UL><LI><a href="#[3ea]">&gt;&gt;</a>&nbsp;&nbsp;&nbsp;Print::printFloat(double, unsigned char)
</UL>

<P><STRONG><a name="[fa]"></a>__aeabi_d2uiz</STRONG> (Thumb, 50 bytes, Stack size 0 bytes, dfixui.o(.text))
<BR><BR>[Calls]<UL><LI><a href="#[df]">&gt;&gt;</a>&nbsp;&nbsp;&nbsp;__aeabi_llsr
</UL>
<BR>[Called By]<UL><LI><a href="#[1a5]">&gt;&gt;</a>&nbsp;&nbsp;&nbsp;process_command_dwn()
</UL>

<P><STRONG><a name="[fb]"></a>__aeabi_d2lz</STRONG> (Thumb, 74 bytes, Stack size 0 bytes, dfixl.o(.text))
<BR><BR>[Calls]<UL><LI><a href="#[e0]">&gt;&gt;</a>&nbsp;&nbsp;&nbsp;__aeabi_llsl
<LI><a href="#[df]">&gt;&gt;</a>&nbsp;&nbsp;&nbsp;__aeabi_llsr
</UL>
<BR>[Called By]<UL><LI><a href="#[3ea]">&gt;&gt;</a>&nbsp;&nbsp;&nbsp;Print::printFloat(double, unsigned char)
</UL>

<P><STRONG><a name="[1b1]"></a>__aeabi_f2d</STRONG> (Thumb, 38 bytes, Stack size 0 bytes, f2d.o(.text))
<BR><BR>[Called By]<UL><LI><a href="#[334]">&gt;&gt;</a>&nbsp;&nbsp;&nbsp;MarlinSettings::report(bool)
<LI><a href="#[210]">&gt;&gt;</a>&nbsp;&nbsp;&nbsp;void SERIAL_ECHO&lang;float&rang;(T1)
<LI><a href="#[2ee]">&gt;&gt;</a>&nbsp;&nbsp;&nbsp;GcodeSuite::M218()
<LI><a href="#[253]">&gt;&gt;</a>&nbsp;&nbsp;&nbsp;MarlinSettings::plr_save(unsigned, short, short, short, short, float, float)
<LI><a href="#[230]">&gt;&gt;</a>&nbsp;&nbsp;&nbsp;MarlinSettings::plr_recovery()
<LI><a href="#[22f]">&gt;&gt;</a>&nbsp;&nbsp;&nbsp;TJCPauseResumePrinting(bool, int)
<LI><a href="#[22b]">&gt;&gt;</a>&nbsp;&nbsp;&nbsp;process_command_gcode(long*)
<LI><a href="#[1a5]">&gt;&gt;</a>&nbsp;&nbsp;&nbsp;process_command_dwn()
<LI><a href="#[1af]">&gt;&gt;</a>&nbsp;&nbsp;&nbsp;load_filament(int, int)
<LI><a href="#[3dd]">&gt;&gt;</a>&nbsp;&nbsp;&nbsp;void SERIAL_PRINT&lang;float, int&rang;(T1, T2)
</UL>

<P><STRONG><a name="[22e]"></a>__aeabi_cdcmpeq</STRONG> (Thumb, 0 bytes, Stack size 0 bytes, cdcmple.o(.text))
<BR><BR>[Called By]<UL><LI><a href="#[22b]">&gt;&gt;</a>&nbsp;&nbsp;&nbsp;process_command_gcode(long*)
<LI><a href="#[440]">&gt;&gt;</a>&nbsp;&nbsp;&nbsp;__hardfp___mathlib_tofloat
</UL>

<P><STRONG><a name="[3eb]"></a>__aeabi_cdcmple</STRONG> (Thumb, 48 bytes, Stack size 0 bytes, cdcmple.o(.text))
<BR><BR>[Called By]<UL><LI><a href="#[3ea]">&gt;&gt;</a>&nbsp;&nbsp;&nbsp;Print::printFloat(double, unsigned char)
</UL>

<P><STRONG><a name="[22d]"></a>__aeabi_cdrcmple</STRONG> (Thumb, 48 bytes, Stack size 0 bytes, cdrcmple.o(.text))
<BR><BR>[Called By]<UL><LI><a href="#[22b]">&gt;&gt;</a>&nbsp;&nbsp;&nbsp;process_command_gcode(long*)
<LI><a href="#[3ea]">&gt;&gt;</a>&nbsp;&nbsp;&nbsp;Print::printFloat(double, unsigned char)
<LI><a href="#[440]">&gt;&gt;</a>&nbsp;&nbsp;&nbsp;__hardfp___mathlib_tofloat
<LI><a href="#[44c]">&gt;&gt;</a>&nbsp;&nbsp;&nbsp;_fp_digits
</UL>

<P><STRONG><a name="[fc]"></a>__aeabi_d2f</STRONG> (Thumb, 56 bytes, Stack size 0 bytes, d2f.o(.text))
<BR><BR>[Calls]<UL><LI><a href="#[fd]">&gt;&gt;</a>&nbsp;&nbsp;&nbsp;_float_round
</UL>
<BR>[Called By]<UL><LI><a href="#[230]">&gt;&gt;</a>&nbsp;&nbsp;&nbsp;MarlinSettings::plr_recovery()
<LI><a href="#[10b]">&gt;&gt;</a>&nbsp;&nbsp;&nbsp;_scanf_really_real
<LI><a href="#[440]">&gt;&gt;</a>&nbsp;&nbsp;&nbsp;__hardfp___mathlib_tofloat
</UL>

<P><STRONG><a name="[44f]"></a>__aeabi_uidivmod</STRONG> (Thumb, 44 bytes, Stack size 0 bytes, uidiv.o(.text), UNUSED)
<BR><BR>[Called By]<UL><LI><a href="#[43e]">&gt;&gt;</a>&nbsp;&nbsp;&nbsp;_printf_core
</UL>

<P><STRONG><a name="[df]"></a>__aeabi_llsr</STRONG> (Thumb, 32 bytes, Stack size 0 bytes, llushr.o(.text))
<BR><BR>[Called By]<UL><LI><a href="#[fa]">&gt;&gt;</a>&nbsp;&nbsp;&nbsp;__aeabi_d2uiz
<LI><a href="#[fb]">&gt;&gt;</a>&nbsp;&nbsp;&nbsp;__aeabi_d2lz
<LI><a href="#[f9]">&gt;&gt;</a>&nbsp;&nbsp;&nbsp;__aeabi_d2iz
<LI><a href="#[de]">&gt;&gt;</a>&nbsp;&nbsp;&nbsp;__aeabi_uldivmod
<LI><a href="#[f0]">&gt;&gt;</a>&nbsp;&nbsp;&nbsp;_double_epilogue
<LI><a href="#[104]">&gt;&gt;</a>&nbsp;&nbsp;&nbsp;__aeabi_d2ulz
</UL>

<P><STRONG><a name="[e7]"></a>__rt_ctype_table</STRONG> (Thumb, 4 bytes, Stack size 0 bytes, ctype_o.o(.text))
<BR><BR>[Called By]<UL><LI><a href="#[a9]">&gt;&gt;</a>&nbsp;&nbsp;&nbsp;isspace
<LI><a href="#[ea]">&gt;&gt;</a>&nbsp;&nbsp;&nbsp;strtoul
<LI><a href="#[e6]">&gt;&gt;</a>&nbsp;&nbsp;&nbsp;strtol
</UL>

<P><STRONG><a name="[e8]"></a>_strtoul</STRONG> (Thumb, 158 bytes, Stack size 0 bytes, _strtoul.o(.text))
<BR><BR>[Calls]<UL><LI><a href="#[fe]">&gt;&gt;</a>&nbsp;&nbsp;&nbsp;_chval
<LI><a href="#[e9]">&gt;&gt;</a>&nbsp;&nbsp;&nbsp;__aeabi_errno_addr
</UL>
<BR>[Called By]<UL><LI><a href="#[ea]">&gt;&gt;</a>&nbsp;&nbsp;&nbsp;strtoul
<LI><a href="#[e6]">&gt;&gt;</a>&nbsp;&nbsp;&nbsp;strtol
</UL>

<P><STRONG><a name="[ff]"></a>__strtof_int</STRONG> (Thumb, 26 bytes, Stack size 0 bytes, strtof.o(.text))
<BR><BR>[Calls]<UL><LI><a href="#[100]">&gt;&gt;</a>&nbsp;&nbsp;&nbsp;__strtod_int
<LI><a href="#[101]">&gt;&gt;</a>&nbsp;&nbsp;&nbsp;__mathlib_narrow
</UL>
<BR>[Called By]<UL><LI><a href="#[35a]">&gt;&gt;</a>&nbsp;&nbsp;&nbsp;__hardfp_strtof
</UL>

<P><STRONG><a name="[ed]"></a>__rt_ddtor_pointer_addr</STRONG> (Thumb, 4 bytes, Stack size 0 bytes, cpp_dtor.o(.text))
<BR><BR>[Called By]<UL><LI><a href="#[dd]">&gt;&gt;</a>&nbsp;&nbsp;&nbsp;__cxa_finalize
<LI><a href="#[eb]">&gt;&gt;</a>&nbsp;&nbsp;&nbsp;__aeabi_atexit
</UL>

<P><STRONG><a name="[dd]"></a>__cxa_finalize</STRONG> (Thumb, 66 bytes, Stack size 0 bytes, cxa_finalize.o(.text))
<BR><BR>[Calls]<UL><LI><a href="#[ed]">&gt;&gt;</a>&nbsp;&nbsp;&nbsp;__rt_ddtor_pointer_addr
<LI><a href="#[102]">&gt;&gt;</a>&nbsp;&nbsp;&nbsp;free
</UL>
<BR>[Called By]<UL><LI><a href="#[dc]">&gt;&gt;</a>&nbsp;&nbsp;&nbsp;__rt_final_cpp$nonempty
</UL>

<P><STRONG><a name="[fd]"></a>_float_round</STRONG> (Thumb, 18 bytes, Stack size 0 bytes, fepilogue.o(.text))
<BR><BR>[Called By]<UL><LI><a href="#[fc]">&gt;&gt;</a>&nbsp;&nbsp;&nbsp;__aeabi_d2f
<LI><a href="#[103]">&gt;&gt;</a>&nbsp;&nbsp;&nbsp;_frnd
<LI><a href="#[105]">&gt;&gt;</a>&nbsp;&nbsp;&nbsp;_ffix_r
</UL>

<P><STRONG><a name="[103]"></a>_frnd</STRONG> (Thumb, 60 bytes, Stack size 0 bytes, frnd.o(.text))
<BR><BR>[Calls]<UL><LI><a href="#[fd]">&gt;&gt;</a>&nbsp;&nbsp;&nbsp;_float_round
</UL>
<BR>[Called By]<UL><LI><a href="#[40a]">&gt;&gt;</a>&nbsp;&nbsp;&nbsp;__hardfp_lroundf
</UL>

<P><STRONG><a name="[f1]"></a>_double_round</STRONG> (Thumb, 30 bytes, Stack size 0 bytes, depilogue.o(.text))
<BR><BR>[Called By]<UL><LI><a href="#[f5]">&gt;&gt;</a>&nbsp;&nbsp;&nbsp;__aeabi_ddiv
<LI><a href="#[ee]">&gt;&gt;</a>&nbsp;&nbsp;&nbsp;__aeabi_dadd
<LI><a href="#[f0]">&gt;&gt;</a>&nbsp;&nbsp;&nbsp;_double_epilogue
</UL>

<P><STRONG><a name="[f0]"></a>_double_epilogue</STRONG> (Thumb, 156 bytes, Stack size 0 bytes, depilogue.o(.text))
<BR><BR>[Calls]<UL><LI><a href="#[e0]">&gt;&gt;</a>&nbsp;&nbsp;&nbsp;__aeabi_llsl
<LI><a href="#[df]">&gt;&gt;</a>&nbsp;&nbsp;&nbsp;__aeabi_llsr
<LI><a href="#[f1]">&gt;&gt;</a>&nbsp;&nbsp;&nbsp;_double_round
</UL>
<BR>[Called By]<UL><LI><a href="#[f7]">&gt;&gt;</a>&nbsp;&nbsp;&nbsp;__aeabi_ui2d
<LI><a href="#[f4]">&gt;&gt;</a>&nbsp;&nbsp;&nbsp;__aeabi_dmul
<LI><a href="#[f6]">&gt;&gt;</a>&nbsp;&nbsp;&nbsp;__aeabi_i2d
<LI><a href="#[ee]">&gt;&gt;</a>&nbsp;&nbsp;&nbsp;__aeabi_dadd
<LI><a href="#[f8]">&gt;&gt;</a>&nbsp;&nbsp;&nbsp;__aeabi_l2d
<LI><a href="#[10a]">&gt;&gt;</a>&nbsp;&nbsp;&nbsp;__aeabi_ul2d
</UL>

<P><STRONG><a name="[104]"></a>__aeabi_d2ulz</STRONG> (Thumb, 48 bytes, Stack size 0 bytes, dfixul.o(.text), UNUSED)
<BR><BR>[Calls]<UL><LI><a href="#[e0]">&gt;&gt;</a>&nbsp;&nbsp;&nbsp;__aeabi_llsl
<LI><a href="#[df]">&gt;&gt;</a>&nbsp;&nbsp;&nbsp;__aeabi_llsr
</UL>
<BR>[Called By]<UL><LI><a href="#[44c]">&gt;&gt;</a>&nbsp;&nbsp;&nbsp;_fp_digits
</UL>

<P><STRONG><a name="[105]"></a>_ffix_r</STRONG> (Thumb, 76 bytes, Stack size 0 bytes, ffixir.o(.text))
<BR><BR>[Calls]<UL><LI><a href="#[fd]">&gt;&gt;</a>&nbsp;&nbsp;&nbsp;_float_round
</UL>
<BR>[Called By]<UL><LI><a href="#[40a]">&gt;&gt;</a>&nbsp;&nbsp;&nbsp;__hardfp_lroundf
</UL>

<P><STRONG><a name="[442]"></a>__ieee_status</STRONG> (Thumb, 0 bytes, Stack size 0 bytes, fpstat.o(.text))
<BR><BR>[Called By]<UL><LI><a href="#[440]">&gt;&gt;</a>&nbsp;&nbsp;&nbsp;__hardfp___mathlib_tofloat
</UL>

<P><STRONG><a name="[da]"></a>__scatterload</STRONG> (Thumb, 28 bytes, Stack size 0 bytes, init.o(.text))
<BR><BR>[Calls]<UL><LI><a href="#[106]">&gt;&gt;</a>&nbsp;&nbsp;&nbsp;__main_after_scatterload
</UL>
<BR>[Called By]<UL><LI><a href="#[d9]">&gt;&gt;</a>&nbsp;&nbsp;&nbsp;_main_scatterload
</UL>

<P><STRONG><a name="[fe]"></a>_chval</STRONG> (Thumb, 28 bytes, Stack size 0 bytes, _chval.o(.text))
<BR><BR>[Called By]<UL><LI><a href="#[e8]">&gt;&gt;</a>&nbsp;&nbsp;&nbsp;_strtoul
</UL>

<P><STRONG><a name="[100]"></a>__strtod_int</STRONG> (Thumb, 90 bytes, Stack size 0 bytes, strtod.o(.text))
<BR><BR>[Calls]<UL><LI><a href="#[107]">&gt;&gt;</a>&nbsp;&nbsp;&nbsp;_local_sscanf
</UL>
<BR>[Called By]<UL><LI><a href="#[ff]">&gt;&gt;</a>&nbsp;&nbsp;&nbsp;__strtof_int
</UL>

<P><STRONG><a name="[108]"></a>_scanf_real</STRONG> (Thumb, 0 bytes, Stack size 0 bytes, scanf_fp.o(.text))
<BR><BR>[Called By]<UL><LI><a href="#[107]">&gt;&gt;</a>&nbsp;&nbsp;&nbsp;_local_sscanf
</UL>

<P><STRONG><a name="[10b]"></a>_scanf_really_real</STRONG> (Thumb, 556 bytes, Stack size 0 bytes, scanf_fp.o(.text), UNUSED)
<BR><BR>[Calls]<UL><LI><a href="#[fc]">&gt;&gt;</a>&nbsp;&nbsp;&nbsp;__aeabi_d2f
<LI><a href="#[10c]">&gt;&gt;</a>&nbsp;&nbsp;&nbsp;_is_digit
<LI><a href="#[109]">&gt;&gt;</a>&nbsp;&nbsp;&nbsp;_fp_value
</UL>

<P><STRONG><a name="[a7]"></a>_sgetc</STRONG> (Thumb, 30 bytes, Stack size 0 bytes, _sgetc.o(.text))
<BR>[Address Reference Count : 1]<UL><LI> strtod.o(.text)
</UL>
<P><STRONG><a name="[a8]"></a>_sbackspace</STRONG> (Thumb, 34 bytes, Stack size 0 bytes, _sgetc.o(.text))
<BR>[Address Reference Count : 1]<UL><LI> strtod.o(.text)
</UL>
<P><STRONG><a name="[298]"></a>__aeabi_memcpy</STRONG> (Thumb, 64 bytes, Stack size 0 bytes, memmovea.o(.text))
<BR><BR>[Called By]<UL><LI><a href="#[297]">&gt;&gt;</a>&nbsp;&nbsp;&nbsp;GCodeQueue::enqueue_one_P(const char*)
<LI><a href="#[2a9]">&gt;&gt;</a>&nbsp;&nbsp;&nbsp;GCodeQueue::process_injected_command_P()
<LI><a href="#[305]">&gt;&gt;</a>&nbsp;&nbsp;&nbsp;GcodeSuite::process_subcommands_now_P(const char*)
<LI><a href="#[352]">&gt;&gt;</a>&nbsp;&nbsp;&nbsp;SdBaseFile::write(const void*, unsigned short)
<LI><a href="#[34f]">&gt;&gt;</a>&nbsp;&nbsp;&nbsp;SdBaseFile::read(void*, unsigned short)
</UL>

<P><STRONG><a name="[26b]"></a>__aeabi_memcpy4</STRONG> (Thumb, 0 bytes, Stack size 0 bytes, memmovea.o(.text))
<BR><BR>[Called By]<UL><LI><a href="#[331]">&gt;&gt;</a>&nbsp;&nbsp;&nbsp;MarlinSettings::save()
<LI><a href="#[28c]">&gt;&gt;</a>&nbsp;&nbsp;&nbsp;CardReader::ls()
<LI><a href="#[285]">&gt;&gt;</a>&nbsp;&nbsp;&nbsp;CardReader::cdroot()
<LI><a href="#[273]">&gt;&gt;</a>&nbsp;&nbsp;&nbsp;CardReader::selectFileByName(const char*)
<LI><a href="#[274]">&gt;&gt;</a>&nbsp;&nbsp;&nbsp;CardReader::printListing(SdFile, const char*)
<LI><a href="#[266]">&gt;&gt;</a>&nbsp;&nbsp;&nbsp;CardReader::diveToFile(bool, SdFile*&, const char*, bool)
</UL>

<P><STRONG><a name="[10a]"></a>__aeabi_ul2d</STRONG> (Thumb, 24 bytes, Stack size 0 bytes, dfltul.o(.text), UNUSED)
<BR><BR>[Calls]<UL><LI><a href="#[f0]">&gt;&gt;</a>&nbsp;&nbsp;&nbsp;_double_epilogue
</UL>
<BR>[Called By]<UL><LI><a href="#[109]">&gt;&gt;</a>&nbsp;&nbsp;&nbsp;_fp_value
</UL>

<P><STRONG><a name="[3cb]"></a>ADC_AddAdcChannel</STRONG> (Thumb, 172 bytes, Stack size 0 bytes, hc32f46x_adc.o(i.ADC_AddAdcChannel))
<BR><BR>[Called By]<UL><LI><a href="#[3c9]">&gt;&gt;</a>&nbsp;&nbsp;&nbsp;[local to adc_c]::adc_channelchonfig(adc_dev*, en_pin_mode)
</UL>

<P><STRONG><a name="[3bd]"></a>ADC_Init</STRONG> (Thumb, 74 bytes, Stack size 0 bytes, hc32f46x_adc.o(i.ADC_Init))
<BR><BR>[Called By]<UL><LI><a href="#[3bb]">&gt;&gt;</a>&nbsp;&nbsp;&nbsp;[local to adc_c]::adc_initconfig(adc_dev*)
</UL>

<P><STRONG><a name="[3cc]"></a>ADC_StartConvert</STRONG> (Thumb, 14 bytes, Stack size 0 bytes, hc32f46x_adc.o(i.ADC_StartConvert))
<BR><BR>[Called By]<UL><LI><a href="#[b1]">&gt;&gt;</a>&nbsp;&nbsp;&nbsp;[local to adc_c]::adc_default_config(adc_dev*)
</UL>

<P><STRONG><a name="[3c6]"></a>ADC_TriggerSrcCmd</STRONG> (Thumb, 36 bytes, Stack size 0 bytes, hc32f46x_adc.o(i.ADC_TriggerSrcCmd))
<BR><BR>[Called By]<UL><LI><a href="#[3c5]">&gt;&gt;</a>&nbsp;&nbsp;&nbsp;[local to adc_c]::adc_TriggerConfig(adc_dev*, unsigned)
</UL>

<P><STRONG><a name="[e]"></a>BusFault_Handler</STRONG> (Thumb, 8 bytes, Stack size 0 bytes, hc32f46x_interrupts.o(i.BusFault_Handler))
<BR>[Address Reference Count : 1]<UL><LI> startup_hc32f460petb.o(RESET)
</UL>
<P><STRONG><a name="[3d5]"></a>CLK_GetClockFreq</STRONG> (Thumb, 282 bytes, Stack size 0 bytes, hc32f46x_clk.o(i.CLK_GetClockFreq))
<BR><BR>[Called By]<UL><LI><a href="#[1c4]">&gt;&gt;</a>&nbsp;&nbsp;&nbsp;setup_time2B
<LI><a href="#[1c5]">&gt;&gt;</a>&nbsp;&nbsp;&nbsp;setup_time2A
<LI><a href="#[3cd]">&gt;&gt;</a>&nbsp;&nbsp;&nbsp;[local to startup_cpp]::setup_SysClk()
<LI><a href="#[451]">&gt;&gt;</a>&nbsp;&nbsp;&nbsp;setup_systick
</UL>

<P><STRONG><a name="[10f]"></a>CLK_GetFlagStatus</STRONG> (Thumb, 114 bytes, Stack size 0 bytes, hc32f46x_clk.o(i.CLK_GetFlagStatus))
<BR><BR>[Called By]<UL><LI><a href="#[113]">&gt;&gt;</a>&nbsp;&nbsp;&nbsp;CLK_XtalCmd
<LI><a href="#[112]">&gt;&gt;</a>&nbsp;&nbsp;&nbsp;CLK_UpllCmd
<LI><a href="#[10e]">&gt;&gt;</a>&nbsp;&nbsp;&nbsp;CLK_MpllCmd
<LI><a href="#[3cd]">&gt;&gt;</a>&nbsp;&nbsp;&nbsp;[local to startup_cpp]::setup_SysClk()
</UL>

<P><STRONG><a name="[3d4]"></a>CLK_GetSysClkSource</STRONG> (Thumb, 10 bytes, Stack size 0 bytes, hc32f46x_clk.o(i.CLK_GetSysClkSource))
<BR><BR>[Called By]<UL><LI><a href="#[3cd]">&gt;&gt;</a>&nbsp;&nbsp;&nbsp;[local to startup_cpp]::setup_SysClk()
</UL>

<P><STRONG><a name="[10e]"></a>CLK_MpllCmd</STRONG> (Thumb, 134 bytes, Stack size 0 bytes, hc32f46x_clk.o(i.CLK_MpllCmd))
<BR><BR>[Calls]<UL><LI><a href="#[10f]">&gt;&gt;</a>&nbsp;&nbsp;&nbsp;CLK_GetFlagStatus
</UL>
<BR>[Called By]<UL><LI><a href="#[3cd]">&gt;&gt;</a>&nbsp;&nbsp;&nbsp;[local to startup_cpp]::setup_SysClk()
</UL>

<P><STRONG><a name="[3cf]"></a>CLK_MpllConfig</STRONG> (Thumb, 132 bytes, Stack size 0 bytes, hc32f46x_clk.o(i.CLK_MpllConfig))
<BR><BR>[Called By]<UL><LI><a href="#[3cd]">&gt;&gt;</a>&nbsp;&nbsp;&nbsp;[local to startup_cpp]::setup_SysClk()
</UL>

<P><STRONG><a name="[3b9]"></a>CLK_SetPeriClkSource</STRONG> (Thumb, 48 bytes, Stack size 0 bytes, hc32f46x_clk.o(i.CLK_SetPeriClkSource))
<BR><BR>[Called By]<UL><LI><a href="#[3b5]">&gt;&gt;</a>&nbsp;&nbsp;&nbsp;[local to adc_c]::adc_setclk()
</UL>

<P><STRONG><a name="[3b7]"></a>CLK_SetPllSource</STRONG> (Thumb, 54 bytes, Stack size 0 bytes, hc32f46x_clk.o(i.CLK_SetPllSource))
<BR><BR>[Called By]<UL><LI><a href="#[3cd]">&gt;&gt;</a>&nbsp;&nbsp;&nbsp;[local to startup_cpp]::setup_SysClk()
<LI><a href="#[3b5]">&gt;&gt;</a>&nbsp;&nbsp;&nbsp;[local to adc_c]::adc_setclk()
</UL>

<P><STRONG><a name="[110]"></a>CLK_SetSysClkSource</STRONG> (Thumb, 196 bytes, Stack size 0 bytes, hc32f46x_clk.o(i.CLK_SetSysClkSource))
<BR><BR>[Calls]<UL><LI><a href="#[111]">&gt;&gt;</a>&nbsp;&nbsp;&nbsp;SystemCoreClockUpdate
</UL>
<BR>[Called By]<UL><LI><a href="#[3cd]">&gt;&gt;</a>&nbsp;&nbsp;&nbsp;[local to startup_cpp]::setup_SysClk()
</UL>

<P><STRONG><a name="[3ce]"></a>CLK_SysClkConfig</STRONG> (Thumb, 216 bytes, Stack size 0 bytes, hc32f46x_clk.o(i.CLK_SysClkConfig))
<BR><BR>[Called By]<UL><LI><a href="#[3cd]">&gt;&gt;</a>&nbsp;&nbsp;&nbsp;[local to startup_cpp]::setup_SysClk()
</UL>

<P><STRONG><a name="[112]"></a>CLK_UpllCmd</STRONG> (Thumb, 112 bytes, Stack size 0 bytes, hc32f46x_clk.o(i.CLK_UpllCmd))
<BR><BR>[Calls]<UL><LI><a href="#[10f]">&gt;&gt;</a>&nbsp;&nbsp;&nbsp;CLK_GetFlagStatus
</UL>
<BR>[Called By]<UL><LI><a href="#[3b5]">&gt;&gt;</a>&nbsp;&nbsp;&nbsp;[local to adc_c]::adc_setclk()
</UL>

<P><STRONG><a name="[3b8]"></a>CLK_UpllConfig</STRONG> (Thumb, 132 bytes, Stack size 0 bytes, hc32f46x_clk.o(i.CLK_UpllConfig))
<BR><BR>[Called By]<UL><LI><a href="#[3b5]">&gt;&gt;</a>&nbsp;&nbsp;&nbsp;[local to adc_c]::adc_setclk()
</UL>

<P><STRONG><a name="[113]"></a>CLK_XtalCmd</STRONG> (Thumb, 180 bytes, Stack size 0 bytes, hc32f46x_clk.o(i.CLK_XtalCmd))
<BR><BR>[Calls]<UL><LI><a href="#[10f]">&gt;&gt;</a>&nbsp;&nbsp;&nbsp;CLK_GetFlagStatus
</UL>
<BR>[Called By]<UL><LI><a href="#[3cd]">&gt;&gt;</a>&nbsp;&nbsp;&nbsp;[local to startup_cpp]::setup_SysClk()
<LI><a href="#[3b5]">&gt;&gt;</a>&nbsp;&nbsp;&nbsp;[local to adc_c]::adc_setclk()
</UL>

<P><STRONG><a name="[3b6]"></a>CLK_XtalConfig</STRONG> (Thumb, 92 bytes, Stack size 0 bytes, hc32f46x_clk.o(i.CLK_XtalConfig))
<BR><BR>[Called By]<UL><LI><a href="#[3cd]">&gt;&gt;</a>&nbsp;&nbsp;&nbsp;[local to startup_cpp]::setup_SysClk()
<LI><a href="#[3b5]">&gt;&gt;</a>&nbsp;&nbsp;&nbsp;[local to adc_c]::adc_setclk()
</UL>

<P><STRONG><a name="[116]"></a>DMA_ChannelCfg</STRONG> (Thumb, 342 bytes, Stack size 0 bytes, hc32f46x_dmac.o(i.DMA_ChannelCfg))
<BR><BR>[Called By]<UL><LI><a href="#[114]">&gt;&gt;</a>&nbsp;&nbsp;&nbsp;DMA_InitChannel
</UL>

<P><STRONG><a name="[3c2]"></a>DMA_ChannelCmd</STRONG> (Thumb, 390 bytes, Stack size 0 bytes, hc32f46x_dmac.o(i.DMA_ChannelCmd))
<BR><BR>[Called By]<UL><LI><a href="#[3c0]">&gt;&gt;</a>&nbsp;&nbsp;&nbsp;[local to adc_c]::adc_DMAInitConfig(adc_dev*)
<LI><a href="#[138]">&gt;&gt;</a>&nbsp;&nbsp;&nbsp;[local to sd_card_c]::DmaSdiocTxConfig(M4_DMA_TypeDef*, en_dma_channel, M4_SDIOC_TypeDef*, unsigned char*, unsigned short)
<LI><a href="#[130]">&gt;&gt;</a>&nbsp;&nbsp;&nbsp;[local to sd_card_c]::DmaSdiocRxConfig(M4_DMA_TypeDef*, en_dma_channel, M4_SDIOC_TypeDef*, unsigned char*, unsigned short)
</UL>

<P><STRONG><a name="[3c3]"></a>DMA_ClearIrqFlag</STRONG> (Thumb, 104 bytes, Stack size 0 bytes, hc32f46x_dmac.o(i.DMA_ClearIrqFlag))
<BR><BR>[Called By]<UL><LI><a href="#[3c0]">&gt;&gt;</a>&nbsp;&nbsp;&nbsp;[local to adc_c]::adc_DMAInitConfig(adc_dev*)
<LI><a href="#[138]">&gt;&gt;</a>&nbsp;&nbsp;&nbsp;[local to sd_card_c]::DmaSdiocTxConfig(M4_DMA_TypeDef*, en_dma_channel, M4_SDIOC_TypeDef*, unsigned char*, unsigned short)
<LI><a href="#[130]">&gt;&gt;</a>&nbsp;&nbsp;&nbsp;[local to sd_card_c]::DmaSdiocRxConfig(M4_DMA_TypeDef*, en_dma_channel, M4_SDIOC_TypeDef*, unsigned char*, unsigned short)
</UL>

<P><STRONG><a name="[115]"></a>DMA_Cmd</STRONG> (Thumb, 10 bytes, Stack size 0 bytes, hc32f46x_dmac.o(i.DMA_Cmd))
<BR><BR>[Called By]<UL><LI><a href="#[114]">&gt;&gt;</a>&nbsp;&nbsp;&nbsp;DMA_InitChannel
<LI><a href="#[3c0]">&gt;&gt;</a>&nbsp;&nbsp;&nbsp;[local to adc_c]::adc_DMAInitConfig(adc_dev*)
<LI><a href="#[138]">&gt;&gt;</a>&nbsp;&nbsp;&nbsp;[local to sd_card_c]::DmaSdiocTxConfig(M4_DMA_TypeDef*, en_dma_channel, M4_SDIOC_TypeDef*, unsigned char*, unsigned short)
<LI><a href="#[130]">&gt;&gt;</a>&nbsp;&nbsp;&nbsp;[local to sd_card_c]::DmaSdiocRxConfig(M4_DMA_TypeDef*, en_dma_channel, M4_SDIOC_TypeDef*, unsigned char*, unsigned short)
</UL>

<P><STRONG><a name="[114]"></a>DMA_InitChannel</STRONG> (Thumb, 342 bytes, Stack size 0 bytes, hc32f46x_dmac.o(i.DMA_InitChannel))
<BR><BR>[Calls]<UL><LI><a href="#[115]">&gt;&gt;</a>&nbsp;&nbsp;&nbsp;DMA_Cmd
<LI><a href="#[116]">&gt;&gt;</a>&nbsp;&nbsp;&nbsp;DMA_ChannelCfg
</UL>
<BR>[Called By]<UL><LI><a href="#[3c0]">&gt;&gt;</a>&nbsp;&nbsp;&nbsp;[local to adc_c]::adc_DMAInitConfig(adc_dev*)
<LI><a href="#[138]">&gt;&gt;</a>&nbsp;&nbsp;&nbsp;[local to sd_card_c]::DmaSdiocTxConfig(M4_DMA_TypeDef*, en_dma_channel, M4_SDIOC_TypeDef*, unsigned char*, unsigned short)
<LI><a href="#[130]">&gt;&gt;</a>&nbsp;&nbsp;&nbsp;[local to sd_card_c]::DmaSdiocRxConfig(M4_DMA_TypeDef*, en_dma_channel, M4_SDIOC_TypeDef*, unsigned char*, unsigned short)
</UL>

<P><STRONG><a name="[3c4]"></a>DMA_SetTriggerSrc</STRONG> (Thumb, 38 bytes, Stack size 0 bytes, hc32f46x_dmac.o(i.DMA_SetTriggerSrc))
<BR><BR>[Called By]<UL><LI><a href="#[3c0]">&gt;&gt;</a>&nbsp;&nbsp;&nbsp;[local to adc_c]::adc_DMAInitConfig(adc_dev*)
<LI><a href="#[138]">&gt;&gt;</a>&nbsp;&nbsp;&nbsp;[local to sd_card_c]::DmaSdiocTxConfig(M4_DMA_TypeDef*, en_dma_channel, M4_SDIOC_TypeDef*, unsigned char*, unsigned short)
<LI><a href="#[130]">&gt;&gt;</a>&nbsp;&nbsp;&nbsp;[local to sd_card_c]::DmaSdiocRxConfig(M4_DMA_TypeDef*, en_dma_channel, M4_SDIOC_TypeDef*, unsigned char*, unsigned short)
</UL>

<P><STRONG><a name="[1f8]"></a>Ddl_Delay1ms</STRONG> (Thumb, 46 bytes, Stack size 0 bytes, hc32f46x_utility.o(i.Ddl_Delay1ms))
<BR><BR>[Called By]<UL><LI><a href="#[1b5]">&gt;&gt;</a>&nbsp;&nbsp;&nbsp;iwdg_init
<LI><a href="#[1a0]">&gt;&gt;</a>&nbsp;&nbsp;&nbsp;WIFI_HardwareReset()
</UL>

<P><STRONG><a name="[254]"></a>Ddl_Delay1us</STRONG> (Thumb, 64 bytes, Stack size 0 bytes, hc32f46x_utility.o(i.Ddl_Delay1us))
<BR><BR>[Called By]<UL><LI><a href="#[424]">&gt;&gt;</a>&nbsp;&nbsp;&nbsp;Stepper::do_babystep(AxisEnum, bool)
<LI><a href="#[24d]">&gt;&gt;</a>&nbsp;&nbsp;&nbsp;minkill(bool)
<LI><a href="#[3e7]">&gt;&gt;</a>&nbsp;&nbsp;&nbsp;IIC::send_byte(unsigned char)
<LI><a href="#[3e6]">&gt;&gt;</a>&nbsp;&nbsp;&nbsp;IIC::read_byte(unsigned char)
<LI><a href="#[3e5]">&gt;&gt;</a>&nbsp;&nbsp;&nbsp;IIC::wait_ack()
<LI><a href="#[3e4]">&gt;&gt;</a>&nbsp;&nbsp;&nbsp;IIC::start()
<LI><a href="#[3e3]">&gt;&gt;</a>&nbsp;&nbsp;&nbsp;IIC::stop()
<LI><a href="#[3e2]">&gt;&gt;</a>&nbsp;&nbsp;&nbsp;IIC::nAck()
<LI><a href="#[3e0]">&gt;&gt;</a>&nbsp;&nbsp;&nbsp;IIC::ack()
</UL>

<P><STRONG><a name="[117]"></a>Ddl_UartInit</STRONG> (Thumb, 128 bytes, Stack size 0 bytes, hc32f46x_utility.o(i.Ddl_UartInit))
<BR><BR>[Calls]<UL><LI><a href="#[118]">&gt;&gt;</a>&nbsp;&nbsp;&nbsp;PORT_SetFunc
<LI><a href="#[119]">&gt;&gt;</a>&nbsp;&nbsp;&nbsp;[local to hc32f46x_utility_c]::SetUartBaudrate(unsigned)
</UL>
<BR>[Called By]<UL><LI><a href="#[256]">&gt;&gt;</a>&nbsp;&nbsp;&nbsp;init
</UL>

<P><STRONG><a name="[11]"></a>DebugMon_Handler</STRONG> (Thumb, 8 bytes, Stack size 0 bytes, hc32f46x_interrupts.o(i.DebugMon_Handler))
<BR>[Address Reference Count : 1]<UL><LI> startup_hc32f460petb.o(RESET)
</UL>
<P><STRONG><a name="[450]"></a>DebugOutput</STRONG> (Thumb, 40 bytes, Stack size 0 bytes, hc32f46x_utility.o(i.DebugOutput))
<BR><BR>[Called By]<UL><LI><a href="#[ac]">&gt;&gt;</a>&nbsp;&nbsp;&nbsp;fputc
</UL>

<P><STRONG><a name="[ab]"></a>Dma1Btc3_IrqHandler</STRONG> (Thumb, 18 bytes, Stack size 0 bytes, adc.o(i.Dma1Btc3_IrqHandler))
<BR><BR>[Called By]<UL><LI><a href="#[95]">&gt;&gt;</a>&nbsp;&nbsp;&nbsp;IRQ129_Handler
</UL>
<BR>[Address Reference Count : 1]<UL><LI> adc.o(i._ZN22_INTERNAL_5_adc_c_adc116adc_DMAIrqConfigEv)
</UL>
<P><STRONG><a name="[3d2]"></a>EFM_InstructionCacheCmd</STRONG> (Thumb, 14 bytes, Stack size 0 bytes, hc32f46x_efm.o(i.EFM_InstructionCacheCmd))
<BR><BR>[Called By]<UL><LI><a href="#[3cd]">&gt;&gt;</a>&nbsp;&nbsp;&nbsp;[local to startup_cpp]::setup_SysClk()
</UL>

<P><STRONG><a name="[3d3]"></a>EFM_Lock</STRONG> (Thumb, 20 bytes, Stack size 0 bytes, hc32f46x_efm.o(i.EFM_Lock))
<BR><BR>[Called By]<UL><LI><a href="#[3cd]">&gt;&gt;</a>&nbsp;&nbsp;&nbsp;[local to startup_cpp]::setup_SysClk()
</UL>

<P><STRONG><a name="[1a3]"></a>EFM_ReadUID</STRONG> (Thumb, 34 bytes, Stack size 0 bytes, hc32f46x_efm.o(i.EFM_ReadUID))
<BR><BR>[Called By]<UL><LI><a href="#[1a2]">&gt;&gt;</a>&nbsp;&nbsp;&nbsp;initTLScreen()
</UL>

<P><STRONG><a name="[3d1]"></a>EFM_SetLatency</STRONG> (Thumb, 14 bytes, Stack size 0 bytes, hc32f46x_efm.o(i.EFM_SetLatency))
<BR><BR>[Called By]<UL><LI><a href="#[3cd]">&gt;&gt;</a>&nbsp;&nbsp;&nbsp;[local to startup_cpp]::setup_SysClk()
</UL>

<P><STRONG><a name="[3d0]"></a>EFM_Unlock</STRONG> (Thumb, 16 bytes, Stack size 0 bytes, hc32f46x_efm.o(i.EFM_Unlock))
<BR><BR>[Called By]<UL><LI><a href="#[3cd]">&gt;&gt;</a>&nbsp;&nbsp;&nbsp;[local to startup_cpp]::setup_SysClk()
</UL>

<P><STRONG><a name="[c]"></a>HardFault_Handler</STRONG> (Thumb, 8 bytes, Stack size 0 bytes, hc32f46x_interrupts.o(i.HardFault_Handler))
<BR>[Address Reference Count : 1]<UL><LI> startup_hc32f460petb.o(RESET)
</UL>
<P><STRONG><a name="[14]"></a>IRQ000_Handler</STRONG> (Thumb, 16 bytes, Stack size 0 bytes, hc32f46x_interrupts.o(i.IRQ000_Handler))
<BR>[Address Reference Count : 1]<UL><LI> startup_hc32f460petb.o(RESET)
</UL>
<P><STRONG><a name="[15]"></a>IRQ001_Handler</STRONG> (Thumb, 16 bytes, Stack size 0 bytes, hc32f46x_interrupts.o(i.IRQ001_Handler))
<BR>[Address Reference Count : 1]<UL><LI> startup_hc32f460petb.o(RESET)
</UL>
<P><STRONG><a name="[16]"></a>IRQ002_Handler</STRONG> (Thumb, 16 bytes, Stack size 0 bytes, hc32f46x_interrupts.o(i.IRQ002_Handler))
<BR>[Address Reference Count : 1]<UL><LI> startup_hc32f460petb.o(RESET)
</UL>
<P><STRONG><a name="[17]"></a>IRQ003_Handler</STRONG> (Thumb, 16 bytes, Stack size 0 bytes, hc32f46x_interrupts.o(i.IRQ003_Handler))
<BR>[Address Reference Count : 1]<UL><LI> startup_hc32f460petb.o(RESET)
</UL>
<P><STRONG><a name="[18]"></a>IRQ004_Handler</STRONG> (Thumb, 16 bytes, Stack size 0 bytes, hc32f46x_interrupts.o(i.IRQ004_Handler))
<BR>[Address Reference Count : 1]<UL><LI> startup_hc32f460petb.o(RESET)
</UL>
<P><STRONG><a name="[19]"></a>IRQ005_Handler</STRONG> (Thumb, 16 bytes, Stack size 0 bytes, hc32f46x_interrupts.o(i.IRQ005_Handler))
<BR>[Address Reference Count : 1]<UL><LI> startup_hc32f460petb.o(RESET)
</UL>
<P><STRONG><a name="[1a]"></a>IRQ006_Handler</STRONG> (Thumb, 16 bytes, Stack size 0 bytes, hc32f46x_interrupts.o(i.IRQ006_Handler))
<BR>[Address Reference Count : 1]<UL><LI> startup_hc32f460petb.o(RESET)
</UL>
<P><STRONG><a name="[1b]"></a>IRQ007_Handler</STRONG> (Thumb, 16 bytes, Stack size 0 bytes, hc32f46x_interrupts.o(i.IRQ007_Handler))
<BR>[Address Reference Count : 1]<UL><LI> startup_hc32f460petb.o(RESET)
</UL>
<P><STRONG><a name="[1c]"></a>IRQ008_Handler</STRONG> (Thumb, 16 bytes, Stack size 0 bytes, hc32f46x_interrupts.o(i.IRQ008_Handler))
<BR>[Address Reference Count : 1]<UL><LI> startup_hc32f460petb.o(RESET)
</UL>
<P><STRONG><a name="[1d]"></a>IRQ009_Handler</STRONG> (Thumb, 16 bytes, Stack size 0 bytes, hc32f46x_interrupts.o(i.IRQ009_Handler))
<BR>[Address Reference Count : 1]<UL><LI> startup_hc32f460petb.o(RESET)
</UL>
<P><STRONG><a name="[1e]"></a>IRQ010_Handler</STRONG> (Thumb, 16 bytes, Stack size 0 bytes, hc32f46x_interrupts.o(i.IRQ010_Handler))
<BR>[Address Reference Count : 1]<UL><LI> startup_hc32f460petb.o(RESET)
</UL>
<P><STRONG><a name="[1f]"></a>IRQ011_Handler</STRONG> (Thumb, 16 bytes, Stack size 0 bytes, hc32f46x_interrupts.o(i.IRQ011_Handler))
<BR>[Address Reference Count : 1]<UL><LI> startup_hc32f460petb.o(RESET)
</UL>
<P><STRONG><a name="[20]"></a>IRQ012_Handler</STRONG> (Thumb, 16 bytes, Stack size 0 bytes, hc32f46x_interrupts.o(i.IRQ012_Handler))
<BR>[Address Reference Count : 1]<UL><LI> startup_hc32f460petb.o(RESET)
</UL>
<P><STRONG><a name="[21]"></a>IRQ013_Handler</STRONG> (Thumb, 16 bytes, Stack size 0 bytes, hc32f46x_interrupts.o(i.IRQ013_Handler))
<BR>[Address Reference Count : 1]<UL><LI> startup_hc32f460petb.o(RESET)
</UL>
<P><STRONG><a name="[22]"></a>IRQ014_Handler</STRONG> (Thumb, 16 bytes, Stack size 0 bytes, hc32f46x_interrupts.o(i.IRQ014_Handler))
<BR>[Address Reference Count : 1]<UL><LI> startup_hc32f460petb.o(RESET)
</UL>
<P><STRONG><a name="[23]"></a>IRQ015_Handler</STRONG> (Thumb, 16 bytes, Stack size 0 bytes, hc32f46x_interrupts.o(i.IRQ015_Handler))
<BR>[Address Reference Count : 1]<UL><LI> startup_hc32f460petb.o(RESET)
</UL>
<P><STRONG><a name="[24]"></a>IRQ016_Handler</STRONG> (Thumb, 16 bytes, Stack size 0 bytes, hc32f46x_interrupts.o(i.IRQ016_Handler))
<BR>[Address Reference Count : 1]<UL><LI> startup_hc32f460petb.o(RESET)
</UL>
<P><STRONG><a name="[25]"></a>IRQ017_Handler</STRONG> (Thumb, 16 bytes, Stack size 0 bytes, hc32f46x_interrupts.o(i.IRQ017_Handler))
<BR>[Address Reference Count : 1]<UL><LI> startup_hc32f460petb.o(RESET)
</UL>
<P><STRONG><a name="[26]"></a>IRQ018_Handler</STRONG> (Thumb, 16 bytes, Stack size 0 bytes, hc32f46x_interrupts.o(i.IRQ018_Handler))
<BR>[Address Reference Count : 1]<UL><LI> startup_hc32f460petb.o(RESET)
</UL>
<P><STRONG><a name="[27]"></a>IRQ019_Handler</STRONG> (Thumb, 16 bytes, Stack size 0 bytes, hc32f46x_interrupts.o(i.IRQ019_Handler))
<BR>[Address Reference Count : 1]<UL><LI> startup_hc32f460petb.o(RESET)
</UL>
<P><STRONG><a name="[28]"></a>IRQ020_Handler</STRONG> (Thumb, 16 bytes, Stack size 0 bytes, hc32f46x_interrupts.o(i.IRQ020_Handler))
[...]
</UL>

<P><STRONG><a name="[380]"></a>[local to HardwareSerial_cpp]::usart_data_available(usart_dev*)</STRONG> (Thumb, 12 bytes, Stack size 0 bytes, hardwareserial.o(i._ZN40_INTERNAL_18_HardwareSerial_cpp_1ae1736c20usart_data_availableEP9usart_dev))
<BR><BR>[Calls]<UL><LI><a href="#[3e8]">&gt;&gt;</a>&nbsp;&nbsp;&nbsp;[local to HardwareSerial_cpp]::rb_full_count(ring_buffer*)
</UL>
<BR>[Called By]<UL><LI><a href="#[c9]">&gt;&gt;</a>&nbsp;&nbsp;&nbsp;HardwareSerial::read()
<LI><a href="#[c8]">&gt;&gt;</a>&nbsp;&nbsp;&nbsp;HardwareSerial::available()
</UL>

<P><STRONG><a name="[1fb]"></a>[local to usart_c]::rb_is_full(ring_buffer*)</STRONG> (Thumb, 32 bytes, Stack size 0 bytes, usart.o(i._ZN24_INTERNAL_7_usart_c_dev410rb_is_fullEP11ring_buffer))
<BR><BR>[Called By]<UL><LI><a href="#[385]">&gt;&gt;</a>&nbsp;&nbsp;&nbsp;usart_tx
<LI><a href="#[b4]">&gt;&gt;</a>&nbsp;&nbsp;&nbsp;Usart4RxIrqCallback()
<LI><a href="#[b5]">&gt;&gt;</a>&nbsp;&nbsp;&nbsp;Usart3RxIrqCallback()
<LI><a href="#[b6]">&gt;&gt;</a>&nbsp;&nbsp;&nbsp;Usart2RxIrqCallback()
<LI><a href="#[b7]">&gt;&gt;</a>&nbsp;&nbsp;&nbsp;Usart1RxIrqCallback()
</UL>

<P><STRONG><a name="[1fe]"></a>[local to usart_c]::rb_is_empty(ring_buffer*)</STRONG> (Thumb, 18 bytes, Stack size 0 bytes, usart.o(i._ZN24_INTERNAL_7_usart_c_dev411rb_is_emptyEP11ring_buffer))
<BR><BR>[Called By]<UL><LI><a href="#[385]">&gt;&gt;</a>&nbsp;&nbsp;&nbsp;usart_tx
<LI><a href="#[37f]">&gt;&gt;</a>&nbsp;&nbsp;&nbsp;usart_disable
<LI><a href="#[bc]">&gt;&gt;</a>&nbsp;&nbsp;&nbsp;Usart4TxIrqCallback()
<LI><a href="#[bd]">&gt;&gt;</a>&nbsp;&nbsp;&nbsp;Usart3TxIrqCallback()
<LI><a href="#[be]">&gt;&gt;</a>&nbsp;&nbsp;&nbsp;Usart2TxIrqCallback()
<LI><a href="#[bf]">&gt;&gt;</a>&nbsp;&nbsp;&nbsp;Usart1TxIrqCallback()
</UL>

<P><STRONG><a name="[46c]"></a>[local to usart_c]::__NVIC_EnableIRQ(IRQn)</STRONG> (Thumb, 26 bytes, Stack size 0 bytes, usart.o(i._ZN24_INTERNAL_7_usart_c_dev416__NVIC_EnableIRQE4IRQn))
<BR><BR>[Called By]<UL><LI><a href="#[384]">&gt;&gt;</a>&nbsp;&nbsp;&nbsp;usart_enable
</UL>

<P><STRONG><a name="[46a]"></a>[local to usart_c]::__NVIC_SetPriority(IRQn, unsigned)</STRONG> (Thumb, 32 bytes, Stack size 0 bytes, usart.o(i._ZN24_INTERNAL_7_usart_c_dev418__NVIC_SetPriorityE4IRQnj))
<BR><BR>[Called By]<UL><LI><a href="#[384]">&gt;&gt;</a>&nbsp;&nbsp;&nbsp;usart_enable
</UL>

<P><STRONG><a name="[46b]"></a>[local to usart_c]::__NVIC_ClearPendingIRQ(IRQn)</STRONG> (Thumb, 22 bytes, Stack size 0 bytes, usart.o(i._ZN24_INTERNAL_7_usart_c_dev422__NVIC_ClearPendingIRQE4IRQn))
<BR><BR>[Called By]<UL><LI><a href="#[384]">&gt;&gt;</a>&nbsp;&nbsp;&nbsp;usart_enable
</UL>

<P><STRONG><a name="[46d]"></a>[local to usart_c]::rb_init(ring_buffer*, unsigned short, unsigned char*)</STRONG> (Thumb, 14 bytes, Stack size 0 bytes, usart.o(i._ZN24_INTERNAL_7_usart_c_dev47rb_initEP11ring_buffertPh))
<BR><BR>[Called By]<UL><LI><a href="#[382]">&gt;&gt;</a>&nbsp;&nbsp;&nbsp;usart_init
</UL>

<P><STRONG><a name="[469]"></a>[local to usart_c]::rb_reset(ring_buffer*)</STRONG> (Thumb, 6 bytes, Stack size 0 bytes, usart.o(i._ZN24_INTERNAL_7_usart_c_dev48rb_resetEP11ring_buffer))
<BR><BR>[Called By]<UL><LI><a href="#[37f]">&gt;&gt;</a>&nbsp;&nbsp;&nbsp;usart_disable
</UL>

<P><STRONG><a name="[1fd]"></a>[local to usart_c]::rb_insert(ring_buffer*, unsigned char)</STRONG> (Thumb, 26 bytes, Stack size 0 bytes, usart.o(i._ZN24_INTERNAL_7_usart_c_dev49rb_insertEP11ring_bufferh))
<BR><BR>[Called By]<UL><LI><a href="#[385]">&gt;&gt;</a>&nbsp;&nbsp;&nbsp;usart_tx
<LI><a href="#[b4]">&gt;&gt;</a>&nbsp;&nbsp;&nbsp;Usart4RxIrqCallback()
<LI><a href="#[b5]">&gt;&gt;</a>&nbsp;&nbsp;&nbsp;Usart3RxIrqCallback()
<LI><a href="#[b6]">&gt;&gt;</a>&nbsp;&nbsp;&nbsp;Usart2RxIrqCallback()
<LI><a href="#[b7]">&gt;&gt;</a>&nbsp;&nbsp;&nbsp;Usart1RxIrqCallback()
</UL>

<P><STRONG><a name="[1fc]"></a>[local to usart_c]::rb_remove(ring_buffer*)</STRONG> (Thumb, 28 bytes, Stack size 0 bytes, usart.o(i._ZN24_INTERNAL_7_usart_c_dev49rb_removeEP11ring_buffer))
<BR><BR>[Called By]<UL><LI><a href="#[bc]">&gt;&gt;</a>&nbsp;&nbsp;&nbsp;Usart4TxIrqCallback()
<LI><a href="#[b4]">&gt;&gt;</a>&nbsp;&nbsp;&nbsp;Usart4RxIrqCallback()
<LI><a href="#[bd]">&gt;&gt;</a>&nbsp;&nbsp;&nbsp;Usart3TxIrqCallback()
<LI><a href="#[b5]">&gt;&gt;</a>&nbsp;&nbsp;&nbsp;Usart3RxIrqCallback()
<LI><a href="#[be]">&gt;&gt;</a>&nbsp;&nbsp;&nbsp;Usart2TxIrqCallback()
<LI><a href="#[b6]">&gt;&gt;</a>&nbsp;&nbsp;&nbsp;Usart2RxIrqCallback()
<LI><a href="#[bf]">&gt;&gt;</a>&nbsp;&nbsp;&nbsp;Usart1TxIrqCallback()
<LI><a href="#[b7]">&gt;&gt;</a>&nbsp;&nbsp;&nbsp;Usart1RxIrqCallback()
</UL>

<P><STRONG><a name="[129]"></a>[local to sd_card_c]::SdCardInitSd(stc_sd_handle*)</STRONG> (Thumb, 106 bytes, Stack size 0 bytes, sd_card.o(i._ZN30_INTERNAL_9_sd_card_c_c2602c0a12SdCardInitSdEP13stc_sd_handle))
<BR><BR>[Calls]<UL><LI><a href="#[157]">&gt;&gt;</a>&nbsp;&nbsp;&nbsp;SDMMC_Cmd9_SendCSD
<LI><a href="#[154]">&gt;&gt;</a>&nbsp;&nbsp;&nbsp;SDMMC_Cmd7_SelectDeselectCard
<LI><a href="#[150]">&gt;&gt;</a>&nbsp;&nbsp;&nbsp;SDMMC_Cmd3_SendRelativeAddr
<LI><a href="#[14e]">&gt;&gt;</a>&nbsp;&nbsp;&nbsp;SDMMC_Cmd2_AllSendCID
<LI><a href="#[3d6]">&gt;&gt;</a>&nbsp;&nbsp;&nbsp;SDCARD_GetCardCSD
</UL>
<BR>[Called By]<UL><LI><a href="#[125]">&gt;&gt;</a>&nbsp;&nbsp;&nbsp;SDCARD_Init
</UL>

<P><STRONG><a name="[128]"></a>[local to sd_card_c]::SdCardPowerON(stc_sd_handle*)</STRONG> (Thumb, 284 bytes, Stack size 0 bytes, sd_card.o(i._ZN30_INTERNAL_9_sd_card_c_c2602c0a13SdCardPowerONEP13stc_sd_handle))
<BR><BR>[Calls]<UL><LI><a href="#[155]">&gt;&gt;</a>&nbsp;&nbsp;&nbsp;SDMMC_Cmd8_SendIfCond
<LI><a href="#[152]">&gt;&gt;</a>&nbsp;&nbsp;&nbsp;SDMMC_Cmd55_AppCmd
<LI><a href="#[14b]">&gt;&gt;</a>&nbsp;&nbsp;&nbsp;SDMMC_Cmd0_GoIdleState
<LI><a href="#[145]">&gt;&gt;</a>&nbsp;&nbsp;&nbsp;SDMMC_Acmd41_SdSendOpCond
</UL>
<BR>[Called By]<UL><LI><a href="#[125]">&gt;&gt;</a>&nbsp;&nbsp;&nbsp;SDCARD_Init
</UL>

<P><STRONG><a name="[126]"></a>[local to sd_card_c]::SdCardInitHost(const stc_sd_handle*)</STRONG> (Thumb, 72 bytes, Stack size 0 bytes, sd_card.o(i._ZN30_INTERNAL_9_sd_card_c_c2602c0a14SdCardInitHostEPK13stc_sd_handle))
<BR><BR>[Calls]<UL><LI><a href="#[13d]">&gt;&gt;</a>&nbsp;&nbsp;&nbsp;SDIOC_Init
<LI><a href="#[1a7]">&gt;&gt;</a>&nbsp;&nbsp;&nbsp;PWC_Fcg1PeriphClockCmd
</UL>
<BR>[Called By]<UL><LI><a href="#[125]">&gt;&gt;</a>&nbsp;&nbsp;&nbsp;SDCARD_Init
</UL>

<P><STRONG><a name="[12b]"></a>[local to sd_card_c]::SdCardSetSpeed(stc_sd_handle*)</STRONG> (Thumb, 328 bytes, Stack size 0 bytes, sd_card.o(i._ZN30_INTERNAL_9_sd_card_c_c2602c0a14SdCardSetSpeedEP13stc_sd_handle))
<BR><BR>[Calls]<UL><LI><a href="#[3d7]">&gt;&gt;</a>&nbsp;&nbsp;&nbsp;SDIOC_SetSpeedMode
<LI><a href="#[140]">&gt;&gt;</a>&nbsp;&nbsp;&nbsp;SDIOC_SetClk
<LI><a href="#[135]">&gt;&gt;</a>&nbsp;&nbsp;&nbsp;SDIOC_ReadBuffer
<LI><a href="#[133]">&gt;&gt;</a>&nbsp;&nbsp;&nbsp;SDIOC_GetStatus
<LI><a href="#[134]">&gt;&gt;</a>&nbsp;&nbsp;&nbsp;SDIOC_GetNormalIrqFlag
<LI><a href="#[12f]">&gt;&gt;</a>&nbsp;&nbsp;&nbsp;SDIOC_ConfigData
<LI><a href="#[136]">&gt;&gt;</a>&nbsp;&nbsp;&nbsp;SDIOC_ClearNormalIrqFlag
<LI><a href="#[16d]">&gt;&gt;</a>&nbsp;&nbsp;&nbsp;__aeabi_memclr4
<LI><a href="#[153]">&gt;&gt;</a>&nbsp;&nbsp;&nbsp;SDMMC_Cmd6_SwitchFunc
<LI><a href="#[12e]">&gt;&gt;</a>&nbsp;&nbsp;&nbsp;SDMMC_Cmd16_SetBlockLength
</UL>
<BR>[Called By]<UL><LI><a href="#[125]">&gt;&gt;</a>&nbsp;&nbsp;&nbsp;SDCARD_Init
</UL>

<P><STRONG><a name="[130]"></a>[local to sd_card_c]::DmaSdiocRxConfig(M4_DMA_TypeDef*, en_dma_channel, M4_SDIOC_TypeDef*, unsigned char*, unsigned short)</STRONG> (Thumb, 208 bytes, Stack size 0 bytes, sd_card.o(i._ZN30_INTERNAL_9_sd_card_c_c2602c0a16DmaSdiocRxConfigEP14M4_DMA_TypeDef14en_dma_channelP16M4_SDIOC_TypeDefPht))
<BR><BR>[Calls]<UL><LI><a href="#[3c4]">&gt;&gt;</a>&nbsp;&nbsp;&nbsp;DMA_SetTriggerSrc
<LI><a href="#[114]">&gt;&gt;</a>&nbsp;&nbsp;&nbsp;DMA_InitChannel
<LI><a href="#[115]">&gt;&gt;</a>&nbsp;&nbsp;&nbsp;DMA_Cmd
<LI><a href="#[3c3]">&gt;&gt;</a>&nbsp;&nbsp;&nbsp;DMA_ClearIrqFlag
<LI><a href="#[3c2]">&gt;&gt;</a>&nbsp;&nbsp;&nbsp;DMA_ChannelCmd
<LI><a href="#[3c1]">&gt;&gt;</a>&nbsp;&nbsp;&nbsp;PWC_Fcg0PeriphClockCmd
<LI><a href="#[16d]">&gt;&gt;</a>&nbsp;&nbsp;&nbsp;__aeabi_memclr4
</UL>
<BR>[Called By]<UL><LI><a href="#[12c]">&gt;&gt;</a>&nbsp;&nbsp;&nbsp;SDCARD_ReadBlocks
</UL>

<P><STRONG><a name="[138]"></a>[local to sd_card_c]::DmaSdiocTxConfig(M4_DMA_TypeDef*, en_dma_channel, M4_SDIOC_TypeDef*, unsigned char*, unsigned short)</STRONG> (Thumb, 208 bytes, Stack size 0 bytes, sd_card.o(i._ZN30_INTERNAL_9_sd_card_c_c2602c0a16DmaSdiocTxConfigEP14M4_DMA_TypeDef14en_dma_channelP16M4_SDIOC_TypeDefPht))
<BR><BR>[Calls]<UL><LI><a href="#[3c4]">&gt;&gt;</a>&nbsp;&nbsp;&nbsp;DMA_SetTriggerSrc
<LI><a href="#[114]">&gt;&gt;</a>&nbsp;&nbsp;&nbsp;DMA_InitChannel
<LI><a href="#[115]">&gt;&gt;</a>&nbsp;&nbsp;&nbsp;DMA_Cmd
<LI><a href="#[3c3]">&gt;&gt;</a>&nbsp;&nbsp;&nbsp;DMA_ClearIrqFlag
<LI><a href="#[3c2]">&gt;&gt;</a>&nbsp;&nbsp;&nbsp;DMA_ChannelCmd
<LI><a href="#[3c1]">&gt;&gt;</a>&nbsp;&nbsp;&nbsp;PWC_Fcg0PeriphClockCmd
<LI><a href="#[16d]">&gt;&gt;</a>&nbsp;&nbsp;&nbsp;__aeabi_memclr4
</UL>
<BR>[Called By]<UL><LI><a href="#[137]">&gt;&gt;</a>&nbsp;&nbsp;&nbsp;SDCARD_WriteBlocks
</UL>

<P><STRONG><a name="[12a]"></a>[local to sd_card_c]::SdCardSetBusWidth(stc_sd_handle*)</STRONG> (Thumb, 112 bytes, Stack size 0 bytes, sd_card.o(i._ZN30_INTERNAL_9_sd_card_c_c2602c0a17SdCardSetBusWidthEP13stc_sd_handle))
<BR><BR>[Calls]<UL><LI><a href="#[3d8]">&gt;&gt;</a>&nbsp;&nbsp;&nbsp;SDIOC_SetBusWidth
<LI><a href="#[152]">&gt;&gt;</a>&nbsp;&nbsp;&nbsp;SDMMC_Cmd55_AppCmd
<LI><a href="#[149]">&gt;&gt;</a>&nbsp;&nbsp;&nbsp;SDMMC_Acmd6_SetBusWidth
</UL>
<BR>[Called By]<UL><LI><a href="#[125]">&gt;&gt;</a>&nbsp;&nbsp;&nbsp;SDCARD_Init
</UL>

<P><STRONG><a name="[13c]"></a>[local to sd_card_c]::SdCardCheckReayForData(stc_sd_handle*, unsigned)</STRONG> (Thumb, 56 bytes, Stack size 0 bytes, sd_card.o(i._ZN30_INTERNAL_9_sd_card_c_c2602c0a22SdCardCheckReayForDataEP13stc_sd_handlej))
<BR><BR>[Calls]<UL><LI><a href="#[14d]">&gt;&gt;</a>&nbsp;&nbsp;&nbsp;SDMMC_Cmd13_SendStatus
</UL>
<BR>[Called By]<UL><LI><a href="#[137]">&gt;&gt;</a>&nbsp;&nbsp;&nbsp;SDCARD_WriteBlocks
</UL>

<P><STRONG><a name="[14a]"></a>[local to sdmmc_cmd_c]::SDMMC_GetCmdResp1(M4_SDIOC_TypeDef*, unsigned*, unsigned)</STRONG> (Thumb, 72 bytes, Stack size 0 bytes, sdmmc_cmd.o(i._ZN33_INTERNAL_11_sdmmc_cmd_c_1dd5230f17SDMMC_GetCmdResp1EP16M4_SDIOC_TypeDefPjj))
<BR><BR>[Calls]<UL><LI><a href="#[3d9]">&gt;&gt;</a>&nbsp;&nbsp;&nbsp;SDIOC_GetResponse
<LI><a href="#[14c]">&gt;&gt;</a>&nbsp;&nbsp;&nbsp;[local to sdmmc_cmd_c]::SDMMC_WaitResponse(M4_SDIOC_TypeDef*, unsigned)
</UL>
<BR>[Called By]<UL><LI><a href="#[154]">&gt;&gt;</a>&nbsp;&nbsp;&nbsp;SDMMC_Cmd7_SelectDeselectCard
<LI><a href="#[153]">&gt;&gt;</a>&nbsp;&nbsp;&nbsp;SDMMC_Cmd6_SwitchFunc
<LI><a href="#[152]">&gt;&gt;</a>&nbsp;&nbsp;&nbsp;SDMMC_Cmd55_AppCmd
<LI><a href="#[13a]">&gt;&gt;</a>&nbsp;&nbsp;&nbsp;SDMMC_Cmd25_WriteMultipleBlock
<LI><a href="#[139]">&gt;&gt;</a>&nbsp;&nbsp;&nbsp;SDMMC_Cmd24_WriteSingleBlock
<LI><a href="#[132]">&gt;&gt;</a>&nbsp;&nbsp;&nbsp;SDMMC_Cmd18_ReadMultipleBlock
<LI><a href="#[131]">&gt;&gt;</a>&nbsp;&nbsp;&nbsp;SDMMC_Cmd17_ReadSingleBlock
<LI><a href="#[12e]">&gt;&gt;</a>&nbsp;&nbsp;&nbsp;SDMMC_Cmd16_SetBlockLength
<LI><a href="#[14d]">&gt;&gt;</a>&nbsp;&nbsp;&nbsp;SDMMC_Cmd13_SendStatus
<LI><a href="#[149]">&gt;&gt;</a>&nbsp;&nbsp;&nbsp;SDMMC_Acmd6_SetBusWidth
</UL>

<P><STRONG><a name="[14f]"></a>[local to sdmmc_cmd_c]::SDMMC_GetCmdResp2(M4_SDIOC_TypeDef*, unsigned*)</STRONG> (Thumb, 80 bytes, Stack size 0 bytes, sdmmc_cmd.o(i._ZN33_INTERNAL_11_sdmmc_cmd_c_1dd5230f17SDMMC_GetCmdResp2EP16M4_SDIOC_TypeDefPj))
<BR><BR>[Calls]<UL><LI><a href="#[3d9]">&gt;&gt;</a>&nbsp;&nbsp;&nbsp;SDIOC_GetResponse
<LI><a href="#[14c]">&gt;&gt;</a>&nbsp;&nbsp;&nbsp;[local to sdmmc_cmd_c]::SDMMC_WaitResponse(M4_SDIOC_TypeDef*, unsigned)
</UL>
<BR>[Called By]<UL><LI><a href="#[157]">&gt;&gt;</a>&nbsp;&nbsp;&nbsp;SDMMC_Cmd9_SendCSD
<LI><a href="#[14e]">&gt;&gt;</a>&nbsp;&nbsp;&nbsp;SDMMC_Cmd2_AllSendCID
</UL>

<P><STRONG><a name="[148]"></a>[local to sdmmc_cmd_c]::SDMMC_GetCmdResp3(M4_SDIOC_TypeDef*, unsigned*)</STRONG> (Thumb, 50 bytes, Stack size 0 bytes, sdmmc_cmd.o(i._ZN33_INTERNAL_11_sdmmc_cmd_c_1dd5230f17SDMMC_GetCmdResp3EP16M4_SDIOC_TypeDefPj))
<BR><BR>[Calls]<UL><LI><a href="#[3d9]">&gt;&gt;</a>&nbsp;&nbsp;&nbsp;SDIOC_GetResponse
<LI><a href="#[14c]">&gt;&gt;</a>&nbsp;&nbsp;&nbsp;[local to sdmmc_cmd_c]::SDMMC_WaitResponse(M4_SDIOC_TypeDef*, unsigned)
</UL>
<BR>[Called By]<UL><LI><a href="#[145]">&gt;&gt;</a>&nbsp;&nbsp;&nbsp;SDMMC_Acmd41_SdSendOpCond
</UL>

<P><STRONG><a name="[151]"></a>[local to sdmmc_cmd_c]::SDMMC_GetCmdResp6(M4_SDIOC_TypeDef*, unsigned*)</STRONG> (Thumb, 70 bytes, Stack size 0 bytes, sdmmc_cmd.o(i._ZN33_INTERNAL_11_sdmmc_cmd_c_1dd5230f17SDMMC_GetCmdResp6EP16M4_SDIOC_TypeDefPj))
<BR><BR>[Calls]<UL><LI><a href="#[3d9]">&gt;&gt;</a>&nbsp;&nbsp;&nbsp;SDIOC_GetResponse
<LI><a href="#[14c]">&gt;&gt;</a>&nbsp;&nbsp;&nbsp;[local to sdmmc_cmd_c]::SDMMC_WaitResponse(M4_SDIOC_TypeDef*, unsigned)
</UL>
<BR>[Called By]<UL><LI><a href="#[150]">&gt;&gt;</a>&nbsp;&nbsp;&nbsp;SDMMC_Cmd3_SendRelativeAddr
</UL>

<P><STRONG><a name="[156]"></a>[local to sdmmc_cmd_c]::SDMMC_GetCmdResp7(M4_SDIOC_TypeDef*, unsigned*)</STRONG> (Thumb, 50 bytes, Stack size 0 bytes, sdmmc_cmd.o(i._ZN33_INTERNAL_11_sdmmc_cmd_c_1dd5230f17SDMMC_GetCmdResp7EP16M4_SDIOC_TypeDefPj))
<BR><BR>[Calls]<UL><LI><a href="#[3d9]">&gt;&gt;</a>&nbsp;&nbsp;&nbsp;SDIOC_GetResponse
<LI><a href="#[14c]">&gt;&gt;</a>&nbsp;&nbsp;&nbsp;[local to sdmmc_cmd_c]::SDMMC_WaitResponse(M4_SDIOC_TypeDef*, unsigned)
</UL>
<BR>[Called By]<UL><LI><a href="#[155]">&gt;&gt;</a>&nbsp;&nbsp;&nbsp;SDMMC_Cmd8_SendIfCond
</UL>

<P><STRONG><a name="[146]"></a>[local to sdmmc_cmd_c]::SDMMC_WaitBusIdle(M4_SDIOC_TypeDef*)</STRONG> (Thumb, 78 bytes, Stack size 0 bytes, sdmmc_cmd.o(i._ZN33_INTERNAL_11_sdmmc_cmd_c_1dd5230f17SDMMC_WaitBusIdleEP16M4_SDIOC_TypeDef))
<BR><BR>[Calls]<UL><LI><a href="#[133]">&gt;&gt;</a>&nbsp;&nbsp;&nbsp;SDIOC_GetStatus
</UL>
<BR>[Called By]<UL><LI><a href="#[157]">&gt;&gt;</a>&nbsp;&nbsp;&nbsp;SDMMC_Cmd9_SendCSD
<LI><a href="#[155]">&gt;&gt;</a>&nbsp;&nbsp;&nbsp;SDMMC_Cmd8_SendIfCond
<LI><a href="#[154]">&gt;&gt;</a>&nbsp;&nbsp;&nbsp;SDMMC_Cmd7_SelectDeselectCard
<LI><a href="#[153]">&gt;&gt;</a>&nbsp;&nbsp;&nbsp;SDMMC_Cmd6_SwitchFunc
<LI><a href="#[152]">&gt;&gt;</a>&nbsp;&nbsp;&nbsp;SDMMC_Cmd55_AppCmd
<LI><a href="#[150]">&gt;&gt;</a>&nbsp;&nbsp;&nbsp;SDMMC_Cmd3_SendRelativeAddr
<LI><a href="#[14e]">&gt;&gt;</a>&nbsp;&nbsp;&nbsp;SDMMC_Cmd2_AllSendCID
<LI><a href="#[13a]">&gt;&gt;</a>&nbsp;&nbsp;&nbsp;SDMMC_Cmd25_WriteMultipleBlock
<LI><a href="#[139]">&gt;&gt;</a>&nbsp;&nbsp;&nbsp;SDMMC_Cmd24_WriteSingleBlock
<LI><a href="#[132]">&gt;&gt;</a>&nbsp;&nbsp;&nbsp;SDMMC_Cmd18_ReadMultipleBlock
<LI><a href="#[131]">&gt;&gt;</a>&nbsp;&nbsp;&nbsp;SDMMC_Cmd17_ReadSingleBlock
<LI><a href="#[12e]">&gt;&gt;</a>&nbsp;&nbsp;&nbsp;SDMMC_Cmd16_SetBlockLength
<LI><a href="#[14d]">&gt;&gt;</a>&nbsp;&nbsp;&nbsp;SDMMC_Cmd13_SendStatus
<LI><a href="#[14b]">&gt;&gt;</a>&nbsp;&nbsp;&nbsp;SDMMC_Cmd0_GoIdleState
<LI><a href="#[149]">&gt;&gt;</a>&nbsp;&nbsp;&nbsp;SDMMC_Acmd6_SetBusWidth
<LI><a href="#[145]">&gt;&gt;</a>&nbsp;&nbsp;&nbsp;SDMMC_Acmd41_SdSendOpCond
</UL>

<P><STRONG><a name="[14c]"></a>[local to sdmmc_cmd_c]::SDMMC_WaitResponse(M4_SDIOC_TypeDef*, unsigned)</STRONG> (Thumb, 172 bytes, Stack size 0 bytes, sdmmc_cmd.o(i._ZN33_INTERNAL_11_sdmmc_cmd_c_1dd5230f18SDMMC_WaitResponseEP16M4_SDIOC_TypeDefj))
<BR><BR>[Calls]<UL><LI><a href="#[134]">&gt;&gt;</a>&nbsp;&nbsp;&nbsp;SDIOC_GetNormalIrqFlag
<LI><a href="#[136]">&gt;&gt;</a>&nbsp;&nbsp;&nbsp;SDIOC_ClearNormalIrqFlag
<LI><a href="#[3da]">&gt;&gt;</a>&nbsp;&nbsp;&nbsp;[local to sdmmc_cmd_c]::SDMMC_GetCardDetection(M4_SDIOC_TypeDef*)
</UL>
<BR>[Called By]<UL><LI><a href="#[156]">&gt;&gt;</a>&nbsp;&nbsp;&nbsp;[local to sdmmc_cmd_c]::SDMMC_GetCmdResp7(M4_SDIOC_TypeDef*, unsigned*)
<LI><a href="#[151]">&gt;&gt;</a>&nbsp;&nbsp;&nbsp;[local to sdmmc_cmd_c]::SDMMC_GetCmdResp6(M4_SDIOC_TypeDef*, unsigned*)
<LI><a href="#[148]">&gt;&gt;</a>&nbsp;&nbsp;&nbsp;[local to sdmmc_cmd_c]::SDMMC_GetCmdResp3(M4_SDIOC_TypeDef*, unsigned*)
<LI><a href="#[14f]">&gt;&gt;</a>&nbsp;&nbsp;&nbsp;[local to sdmmc_cmd_c]::SDMMC_GetCmdResp2(M4_SDIOC_TypeDef*, unsigned*)
<LI><a href="#[14a]">&gt;&gt;</a>&nbsp;&nbsp;&nbsp;[local to sdmmc_cmd_c]::SDMMC_GetCmdResp1(M4_SDIOC_TypeDef*, unsigned*, unsigned)
<LI><a href="#[14b]">&gt;&gt;</a>&nbsp;&nbsp;&nbsp;SDMMC_Cmd0_GoIdleState
</UL>

<P><STRONG><a name="[3da]"></a>[local to sdmmc_cmd_c]::SDMMC_GetCardDetection(M4_SDIOC_TypeDef*)</STRONG> (Thumb, 86 bytes, Stack size 0 bytes, sdmmc_cmd.o(i._ZN33_INTERNAL_11_sdmmc_cmd_c_1dd5230f22SDMMC_GetCardDetectionEP16M4_SDIOC_TypeDef))
<BR><BR>[Calls]<UL><LI><a href="#[133]">&gt;&gt;</a>&nbsp;&nbsp;&nbsp;SDIOC_GetStatus
</UL>
<BR>[Called By]<UL><LI><a href="#[14c]">&gt;&gt;</a>&nbsp;&nbsp;&nbsp;[local to sdmmc_cmd_c]::SDMMC_WaitResponse(M4_SDIOC_TypeDef*, unsigned)
</UL>

<P><STRONG><a name="[44c]"></a>_fp_digits</STRONG> (Thumb, 366 bytes, Stack size 0 bytes, printfa.o(i._fp_digits), UNUSED)
<BR><BR>[Calls]<UL><LI><a href="#[f4]">&gt;&gt;</a>&nbsp;&nbsp;&nbsp;__aeabi_dmul
<LI><a href="#[22d]">&gt;&gt;</a>&nbsp;&nbsp;&nbsp;__aeabi_cdrcmple
<LI><a href="#[f5]">&gt;&gt;</a>&nbsp;&nbsp;&nbsp;__aeabi_ddiv
<LI><a href="#[ee]">&gt;&gt;</a>&nbsp;&nbsp;&nbsp;__aeabi_dadd
<LI><a href="#[de]">&gt;&gt;</a>&nbsp;&nbsp;&nbsp;__aeabi_uldivmod
<LI><a href="#[104]">&gt;&gt;</a>&nbsp;&nbsp;&nbsp;__aeabi_d2ulz
</UL>
<BR>[Called By]<UL><LI><a href="#[43e]">&gt;&gt;</a>&nbsp;&nbsp;&nbsp;_printf_core
</UL>

<P><STRONG><a name="[43e]"></a>_printf_core</STRONG> (Thumb, 1704 bytes, Stack size 0 bytes, printfa.o(i._printf_core), UNUSED)
<BR><BR>[Calls]<UL><LI><a href="#[de]">&gt;&gt;</a>&nbsp;&nbsp;&nbsp;__aeabi_uldivmod
<LI><a href="#[44f]">&gt;&gt;</a>&nbsp;&nbsp;&nbsp;__aeabi_uidivmod
<LI><a href="#[44d]">&gt;&gt;</a>&nbsp;&nbsp;&nbsp;_printf_pre_padding
<LI><a href="#[44e]">&gt;&gt;</a>&nbsp;&nbsp;&nbsp;_printf_post_padding
<LI><a href="#[44c]">&gt;&gt;</a>&nbsp;&nbsp;&nbsp;_fp_digits
</UL>
<BR>[Called By]<UL><LI><a href="#[43f]">&gt;&gt;</a>&nbsp;&nbsp;&nbsp;__0sprintf
<LI><a href="#[43d]">&gt;&gt;</a>&nbsp;&nbsp;&nbsp;__0printf
</UL>

<P><STRONG><a name="[44e]"></a>_printf_post_padding</STRONG> (Thumb, 36 bytes, Stack size 0 bytes, printfa.o(i._printf_post_padding), UNUSED)
<BR><BR>[Called By]<UL><LI><a href="#[43e]">&gt;&gt;</a>&nbsp;&nbsp;&nbsp;_printf_core
</UL>

<P><STRONG><a name="[44d]"></a>_printf_pre_padding</STRONG> (Thumb, 46 bytes, Stack size 0 bytes, printfa.o(i._printf_pre_padding), UNUSED)
<BR><BR>[Called By]<UL><LI><a href="#[43e]">&gt;&gt;</a>&nbsp;&nbsp;&nbsp;_printf_core
</UL>

<P><STRONG><a name="[ad]"></a>_sputc</STRONG> (Thumb, 10 bytes, Stack size 0 bytes, printfa.o(i._sputc))
<BR><BR>[Called By]<UL><LI><a href="#[43f]">&gt;&gt;</a>&nbsp;&nbsp;&nbsp;__0sprintf
</UL>
<BR>[Address Reference Count : 1]<UL><LI> printfa.o(i.__0sprintf)
</UL>
<P><STRONG><a name="[107]"></a>_local_sscanf</STRONG> (Thumb, 54 bytes, Stack size 0 bytes, strtod.o(.text))
<BR><BR>[Calls]<UL><LI><a href="#[108]">&gt;&gt;</a>&nbsp;&nbsp;&nbsp;_scanf_real
</UL>
<BR>[Called By]<UL><LI><a href="#[100]">&gt;&gt;</a>&nbsp;&nbsp;&nbsp;__strtod_int
</UL>

<P><STRONG><a name="[109]"></a>_fp_value</STRONG> (Thumb, 296 bytes, Stack size 0 bytes, scanf_fp.o(.text), UNUSED)
<BR><BR>[Calls]<UL><LI><a href="#[f4]">&gt;&gt;</a>&nbsp;&nbsp;&nbsp;__aeabi_dmul
<LI><a href="#[f5]">&gt;&gt;</a>&nbsp;&nbsp;&nbsp;__aeabi_ddiv
<LI><a href="#[10a]">&gt;&gt;</a>&nbsp;&nbsp;&nbsp;__aeabi_ul2d
</UL>
<BR>[Called By]<UL><LI><a href="#[10b]">&gt;&gt;</a>&nbsp;&nbsp;&nbsp;_scanf_really_real
</UL>
<P>
<H3>
Undefined Global Symbols
</H3><HR></body></html>
