<html>
<body>
<pre>
<h1>µVision Build Log</h1>
<h2>Tool Versions:</h2>
IDE-Version: ¦ÌVision V5.36.0.0
Copyright (C) 2021 ARM Ltd and ARM Germany GmbH. All rights reserved.
License Information: Y.F. Cheung, TENLOG, LIC=TIVNB-2YRU0-JJY6S-LQZ4V-S54IA-8NTDC
 
Tool Versions:
Toolchain:       MDK-ARM Plus  Version: 5.36.0.0
Toolchain Path:  C:\Tenlog\Keil_v5\ARM\ARMCC\Bin
C Compiler:      Armcc.exe V5.06 update 7 (build 960)
Assembler:       Armasm.exe V5.06 update 7 (build 960)
Linker/Locator:  ArmLink.exe V5.06 update 7 (build 960)
Library Manager: ArmAr.exe V5.06 update 7 (build 960)
Hex Converter:   FromElf.exe V5.06 update 7 (build 960)
CPU DLL:         SARMCM3.DLL V5.36.0.0
Dialog DLL:      DCM.DLL V1.17.3.0
Target DLL:      UL2CM3.DLL V1.164.0.0
Dialog DLL:      TCM.DLL V1.53.0.0
 
<h2>Project:</h2>
C:\Users\zyf\TL-D3V2\workspace\TLFDM460.uvprojx
Project File Date:  03/31/2022

<h2>Output:</h2>
*** Using Compiler 'V5.06 update 7 (build 960)', folder: 'C:\Tenlog\Keil_v5\ARM\ARMCC\Bin'
*** Warning: You are compiling one or more files of source type C++ and have selected 'use MicroLIB'. MicroLIB does not support C++!
  
Build target 'firmware_Release'
Clean started - Project: 'TLFDM460'
   deleting intermediate output files for target 'firmware_Release'
compiling hc32f46x_adc.c...
compiling hc32f46x_aes.c...
compiling hc32f46x_can.c...
compiling hc32f46x_clk.c...
compiling hc32f46x_cmp.c...
compiling hc32f46x_crc.c...
compiling hc32f46x_dcu.c...
compiling hc32f46x_dmac.c...
compiling hc32f46x_efm.c...
compiling hc32f46x_emb.c...
compiling hc32f46x_event_port.c...
compiling hc32f46x_exint_nmi_swi.c...
compiling hc32f46x_gpio.c...
compiling hc32f46x_hash.c...
compiling hc32f46x_i2c.c...
compiling hc32f46x_i2s.c...
compiling hc32f46x_icg.c...
compiling hc32f46x_interrupts.c...
compiling hc32f46x_keyscan.c...
compiling hc32f46x_mpu.c...
compiling hc32f46x_ots.c...
compiling hc32f46x_pwc.c...
compiling hc32f46x_qspi.c...
compiling hc32f46x_rmu.c...
compiling hc32f46x_rtc.c...
compiling hc32f46x_sdioc.c...
compiling hc32f46x_spi.c...
compiling hc32f46x_sram.c...
compiling hc32f46x_swdt.c...
compiling hc32f46x_timer0.c...
compiling hc32f46x_timer4_cnt.c...
compiling hc32f46x_timer4_emb.c...
compiling hc32f46x_timer4_oco.c...
compiling hc32f46x_timer4_pwm.c...
compiling hc32f46x_timer4_sevt.c...
compiling hc32f46x_timer6.c...
compiling hc32f46x_timera.c...
compiling hc32f46x_trng.c...
compiling hc32f46x_usart.c...
compiling hc32f46x_utility.c...
compiling hc32f46x_wdt.c...
compiling main.cpp...
compiling board_gpio.c...
assembling startup_hc32f460petb.s...
compiling system_hc32f460petb.c...
compiling MarlinCore.cpp...
..\source\Marlin\src\HAL/ESP32_SPI/esp32_wifi.h(79): warning:  #1-D: last line of file ends without a newline
  #endif
..\source\Marlin\src\MarlinCore.cpp(878): warning:  #177-D: variable "cnt"  was declared but never referenced
    uint32_t cnt=0;
..\source\Marlin\src\MarlinCore.cpp: 2 warnings, 0 errors
compiling serial.cpp...
compiling utility.cpp...
compiling babystep.cpp...
compiling powerloss.cpp...
compiling runout.cpp...
compiling pause.cpp...
compiling G28.cpp...
compiling M92.cpp...
compiling M200-M205.cpp...
compiling M220.cpp...
compiling M221.cpp...
compiling M301.cpp...
compiling M302.cpp...
compiling M304.cpp...
compiling M309.cpp...
compiling M17_M18_M84.cpp...
compiling M80_M81.cpp...
compiling M85.cpp...
compiling M108_M112_M410.cpp...
compiling M111.cpp...
compiling M120_M121.cpp...
compiling M211.cpp...
compiling M400.cpp...
compiling M993_M994.cpp...
compiling M997.cpp...
compiling M999.cpp...
compiling T.cpp...
compiling M500-M504.cpp...
compiling M907-M910.cpp...
compiling G27.cpp...
compiling M413.cpp...
compiling M1000.cpp...
compiling G92.cpp...
compiling M206_M428.cpp...
compiling M110.cpp...
compiling M113.cpp...
compiling M114.cpp...
compiling M115.cpp...
compiling M118.cpp...
compiling M119.cpp...
compiling M0_M1.cpp...
compiling M117.cpp...
compiling M145.cpp...
compiling M300.cpp...
compiling M414.cpp...
compiling G0_G1.cpp...
compiling G2_G3.cpp...
compiling G4.cpp...
compiling M290.cpp...
compiling M20.cpp...
compiling M21_M22.cpp...
compiling M23.cpp...
compiling M24_M25.cpp...
compiling M26.cpp...
compiling M27.cpp...
compiling M28_M29.cpp...
compiling M30.cpp...
compiling M32.cpp...
compiling M33.cpp...
compiling M34.cpp...
compiling M524.cpp...
compiling M928.cpp...
compiling M1001.cpp...
compiling M31.cpp...
compiling M75-M78.cpp...
compiling M104_M109.cpp...
compiling M105.cpp...
compiling M106_M107.cpp...
compiling M140_M190.cpp...
compiling M141_M191.cpp...
compiling M143_M193.cpp...
compiling M155.cpp...
compiling M303.cpp...
compiling M82_M83.cpp...
compiling gcode.cpp...
..\source\Marlin\src\gcode\gcode.cpp(153): warning:  #1293-D: assignment in condition
      if ( (seen[i] = parser.seenval(XYZ_CHAR(i))) ) {
..\source\Marlin\src\gcode\gcode.cpp(165): warning:  #1293-D: assignment in condition
    if ( (seen.e = parser.seenval('E')) ) {
..\source\Marlin\src\gcode\gcode.cpp: 2 warnings, 0 errors
compiling gcode_d.cpp...
compiling parser.cpp...
compiling queue.cpp...
..\source\Marlin\src\gcode\queue.cpp(145): warning:  #1293-D: assignment in condition
    while ((c = pgm_read_byte(&injected_commands_P[i])) && c != '\n') i++;
..\source\Marlin\src\gcode\queue.cpp(170): warning:  #1293-D: assignment in condition
    while ((c = injected_commands[i]) && c != '\n') i++;
..\source\Marlin\src\gcode\queue.cpp(182): warning:  #1293-D: assignment in condition
      (injected_commands[d] = injected_commands[s]);  // copy, exit if 0
..\source\Marlin\src\gcode\queue.cpp(203): warning:  #1293-D: assignment in condition
    while ((c = pgm_read_byte(&p[i])) && c != '\n') i++;
..\source\Marlin\src\gcode\queue.cpp(219): warning:  #1293-D: assignment in condition
      while ((c = pgm_read_byte(&p[i])) && c != '\n') i++;
..\source\Marlin\src\gcode\queue.cpp: 5 warnings, 0 errors
compiling G34_M422.cpp...
compiling G34.cpp...
compiling M217.cpp...
compiling M218.cpp...
compiling M605.cpp...
..\source\Marlin\src\gcode\control\M605.cpp(72): warning:  #177-D: variable "previous_mode"  was declared but never referenced
        const DualXMode previous_mode = dual_x_carriage_mode;
..\source\Marlin\src\gcode\control\M605.cpp: 1 warning, 0 errors
compiling M666.cpp...
compiling M412.cpp...
compiling M600.cpp...
compiling M603.cpp...
compiling M1501-1510.cpp...
compiling Delay.cpp...
compiling eeprom_api.cpp...
compiling servo.cpp...
compiling tft_fsmc.cpp...
compiling tft_spi.cpp...
compiling xpt2046.cpp...
compiling eeprom_bl24cxx.cpp...
..\source\Marlin\src\HAL\STM32F1\eeprom_bl24cxx.cpp(53): warning:  #191-D: type qualifier is meaningless on cast type
      uint8_t * const p = (uint8_t * const)pos;
..\source\Marlin\src\HAL\STM32F1\eeprom_bl24cxx.cpp(71): warning:  #191-D: type qualifier is meaningless on cast type
      uint8_t * const p = (uint8_t * const)pos;
..\source\Marlin\src\HAL\STM32F1\eeprom_bl24cxx.cpp: 2 warnings, 0 errors
compiling eeprom_flash.cpp...
compiling eeprom_if_iic.cpp...
compiling eeprom_sdcard.cpp...
compiling eeprom_wired.cpp...
compiling fast_pwm.cpp...
compiling HAL.cpp...
compiling sdio.cpp...
compiling timers.cpp...
compiling watchdog.cpp...
compiling HAL_MinSerial.cpp...
compiling MarlinSerial.cpp...
compiling msc_sd.cpp...
compiling onboard_sd.cpp...
compiling tenlog_touch_lcd.cpp...
..\source\Marlin\src\lcd\tenlog\../../HAL/ESP32_SPI/esp32_wifi.h(79): warning:  #1-D: last line of file ends without a newline
  #endif
..\source\Marlin\src\lcd\tenlog\tenlog_touch_lcd.cpp(721): warning:  #181-D: argument is incompatible with corresponding format string conversion
                  sprintf_P(cmd, PSTR("reload.vaMode2Offset.val=%d"), duplicate_extruder_x_offset);
..\source\Marlin\src\lcd\tenlog\tenlog_touch_lcd.cpp(2192): warning:  #1166-D: returning pointer to local variable
      return wifi_status;
..\source\Marlin\src\lcd\tenlog\tenlog_touch_lcd.cpp: 3 warnings, 0 errors
compiling BL24CXX.cpp...
compiling buzzer.cpp...
compiling crc16.cpp...
compiling nozzle.cpp...
compiling numtostr.cpp...
compiling stopwatch.cpp...
..\source\Marlin\src\libs\stopwatch.cpp(80): warning:  #1293-D: assignment in condition
    if ((accumulator = with_time)) state = RUNNING;
..\source\Marlin\src\libs\stopwatch.cpp: 1 warning, 0 errors
compiling vector_3.cpp...
compiling indirection.cpp...
compiling endstops.cpp...
compiling motion.cpp...
..\source\Marlin\src\module\motion.cpp(1210): warning:  #1293-D: assignment in condition
      if ((axis_bits = axes_should_home(axis_bits))) {
..\source\Marlin\src\module\motion.cpp: 1 warning, 0 errors
compiling planner.cpp...
..\source\Marlin\src\module\planner.cpp(2919): warning:  #117-D: non-void function "Planner::buffer_line(float, float, float, float, float, std::uint8_t, float)"  should return a value
      return;
..\source\Marlin\src\module\planner.cpp(2922): warning:  #117-D: non-void function "Planner::buffer_line(float, float, float, float, float, std::uint8_t, float)"  should return a value
        return;
..\source\Marlin\src\module\planner.cpp: 2 warnings, 0 errors
compiling settings.cpp...
compiling stepper.cpp...
..\source\Marlin\src\module\stepper.cpp(2017): warning:  #1293-D: assignment in condition
      if ((current_block = planner.get_current_block())) {
..\source\Marlin\src\module\stepper.cpp(2034): warning:  #1293-D: assignment in condition
          if (!(current_block = planner.get_current_block()))
..\source\Marlin\src\module\stepper.cpp: 2 warnings, 0 errors
compiling temperature.cpp...
..\source\Marlin\src\module\temperature.cpp(1825): warning:  #111-D: statement is unreachable
      return 0;
..\source\Marlin\src\module\temperature.cpp(3174): warning:  #177-D: variable "do_buttons"  was declared but never referenced
    static bool do_buttons;
..\source\Marlin\src\module\temperature.cpp: 2 warnings, 0 errors
compiling tool_change.cpp...
compiling cardreader.cpp...
..\source\Marlin\src\sd\cardreader.cpp(889): warning:  #1293-D: assignment in condition
    if ((npos = strchr(buf, 'N'))) {
..\source\Marlin\src\sd\cardreader.cpp: 1 warning, 0 errors
compiling Sd2Card.cpp...
compiling SdBaseFile.cpp...
..\source\Marlin\src\sd\SdBaseFile.cpp(327): warning:  #1293-D: assignment in condition
    while ((status = lsPrintNext(flags, indent))) {
..\source\Marlin\src\sd\SdBaseFile.cpp(1345): warning:  #1293-D: assignment in condition
    if ((d = cacheDirEntry(SdVolume::CACHE_FOR_WRITE))) {
..\source\Marlin\src\sd\SdBaseFile.cpp: 2 warnings, 0 errors
compiling SdFatUtil.cpp...
compiling SdFile.cpp...
..\source\Marlin\src\sd\SdFile.cpp(89): warning:  #1293-D: assignment in condition
    for (uint8_t c; (c = pgm_read_byte(str)); str++) write(c);
..\source\Marlin\src\sd\SdFile.cpp(103): warning:  #1-D: last line of file ends without a newline
   
..\source\Marlin\src\sd\SdFile.cpp: 2 warnings, 0 errors
compiling SdVolume.cpp...
compiling esp8266_wifi.cpp...
compiling cdecode.c...
..\source\Marlin\src\HAL\ESP8266_AT\ESP8266WebServer\libb64\cdecode.c(51): warning:  #68-D: integer conversion resulted in a change of sign
    { 62, -1, -1, -1, 63, 52, 53, 54, 55, 56, 57, 58, 59, 60, 61,
..\source\Marlin\src\HAL\ESP8266_AT\ESP8266WebServer\libb64\cdecode.c(51): warning:  #68-D: integer conversion resulted in a change of sign
    { 62, -1, -1, -1, 63, 52, 53, 54, 55, 56, 57, 58, 59, 60, 61,
..\source\Marlin\src\HAL\ESP8266_AT\ESP8266WebServer\libb64\cdecode.c(51): warning:  #68-D: integer conversion resulted in a change of sign
    { 62, -1, -1, -1, 63, 52, 53, 54, 55, 56, 57, 58, 59, 60, 61,
..\source\Marlin\src\HAL\ESP8266_AT\ESP8266WebServer\libb64\cdecode.c(52): warning:  #68-D: integer conversion resulted in a change of sign
      -1, -1, -1, -2, -1, -1, -1, 0, 1, 2, 3, 4, 5, 6, 7, 8, 9,
..\source\Marlin\src\HAL\ESP8266_AT\ESP8266WebServer\libb64\cdecode.c(52): warning:  #68-D: integer conversion resulted in a change of sign
      -1, -1, -1, -2, -1, -1, -1, 0, 1, 2, 3, 4, 5, 6, 7, 8, 9,
..\source\Marlin\src\HAL\ESP8266_AT\ESP8266WebServer\libb64\cdecode.c(52): warning:  #68-D: integer conversion resulted in a change of sign
      -1, -1, -1, -2, -1, -1, -1, 0, 1, 2, 3, 4, 5, 6, 7, 8, 9,
..\source\Marlin\src\HAL\ESP8266_AT\ESP8266WebServer\libb64\cdecode.c(52): warning:  #68-D: integer conversion resulted in a change of sign
      -1, -1, -1, -2, -1, -1, -1, 0, 1, 2, 3, 4, 5, 6, 7, 8, 9,
..\source\Marlin\src\HAL\ESP8266_AT\ESP8266WebServer\libb64\cdecode.c(52): warning:  #68-D: integer conversion resulted in a change of sign
      -1, -1, -1, -2, -1, -1, -1, 0, 1, 2, 3, 4, 5, 6, 7, 8, 9,
..\source\Marlin\src\HAL\ESP8266_AT\ESP8266WebServer\libb64\cdecode.c(52): warning:  #68-D: integer conversion resulted in a change of sign
      -1, -1, -1, -2, -1, -1, -1, 0, 1, 2, 3, 4, 5, 6, 7, 8, 9,
..\source\Marlin\src\HAL\ESP8266_AT\ESP8266WebServer\libb64\cdecode.c(52): warning:  #68-D: integer conversion resulted in a change of sign
      -1, -1, -1, -2, -1, -1, -1, 0, 1, 2, 3, 4, 5, 6, 7, 8, 9,
..\source\Marlin\src\HAL\ESP8266_AT\ESP8266WebServer\libb64\cdecode.c(54): warning:  #68-D: integer conversion resulted in a change of sign
      -1, -1, -1, -1, -1, -1, 26, 27, 28, 29, 30, 31, 32, 33, 34, 35,
..\source\Marlin\src\HAL\ESP8266_AT\ESP8266WebServer\libb64\cdecode.c(54): warning:  #68-D: integer conversion resulted in a change of sign
      -1, -1, -1, -1, -1, -1, 26, 27, 28, 29, 30, 31, 32, 33, 34, 35,
..\source\Marlin\src\HAL\ESP8266_AT\ESP8266WebServer\libb64\cdecode.c(54): warning:  #68-D: integer conversion resulted in a change of sign
      -1, -1, -1, -1, -1, -1, 26, 27, 28, 29, 30, 31, 32, 33, 34, 35,
..\source\Marlin\src\HAL\ESP8266_AT\ESP8266WebServer\libb64\cdecode.c(54): warning:  #68-D: integer conversion resulted in a change of sign
      -1, -1, -1, -1, -1, -1, 26, 27, 28, 29, 30, 31, 32, 33, 34, 35,
..\source\Marlin\src\HAL\ESP8266_AT\ESP8266WebServer\libb64\cdecode.c(54): warning:  #68-D: integer conversion resulted in a change of sign
      -1, -1, -1, -1, -1, -1, 26, 27, 28, 29, 30, 31, 32, 33, 34, 35,
..\source\Marlin\src\HAL\ESP8266_AT\ESP8266WebServer\libb64\cdecode.c(54): warning:  #68-D: integer conversion resulted in a change of sign
      -1, -1, -1, -1, -1, -1, 26, 27, 28, 29, 30, 31, 32, 33, 34, 35,
..\source\Marlin\src\HAL\ESP8266_AT\ESP8266WebServer\libb64\cdecode.c: 16 warnings, 0 errors
compiling cencode.c...
compiling ESP8266_AT_Drv.cpp...
compiling RingBuffer.cpp...
compiling IPAddress.cpp...
compiling esp32_wifi.cpp...
..\source\Marlin\src\HAL\ESP32_SPI\esp32_wifi.h(79): warning:  #1-D: last line of file ends without a newline
  #endif
..\source\Marlin\src\HAL\ESP32_SPI\esp32_wifi.cpp(204): warning:  #1-D: last line of file ends without a newline
  #endif
..\source\Marlin\src\HAL\ESP32_SPI\esp32_wifi.cpp: 2 warnings, 0 errors
compiling BasicMathFunctions.c...
C:\Tenlog\Keil_v5\Packs\ARM\CMSIS\5.8.0\CMSIS\DSP\Source\BasicMathFunctions\BasicMathFunctions.c(79): warning:  #1-D: last line of file ends without a newline
  #include "arm_clip_q7.c"
C:\Tenlog\Keil_v5\Packs\ARM\CMSIS\5.8.0\CMSIS\DSP\Source\BasicMathFunctions\BasicMathFunctions.c: 1 warning, 0 errors
compiling BasicMathFunctionsF16.c...
compiling BayesFunctions.c...
compiling BayesFunctionsF16.c...
compiling CommonTables.c...
compiling CommonTablesF16.c...
compiling ComplexMathFunctions.c...
compiling ComplexMathFunctionsF16.c...
C:\Tenlog\Keil_v5\Packs\ARM\CMSIS\5.8.0\CMSIS\DSP\Source\ComplexMathFunctions\arm_cmplx_conj_f16.c(185): warning:  #1-D: last line of file ends without a newline
  #endif /* #if defined(ARM_FLOAT16_SUPPORTED) */
C:\Tenlog\Keil_v5\Packs\ARM\CMSIS\5.8.0\CMSIS\DSP\Source\ComplexMathFunctions\arm_cmplx_dot_prod_f16.c(288): warning:  #1-D: last line of file ends without a newline
  #endif /* #if defined(ARM_FLOAT16_SUPPORTED) */
C:\Tenlog\Keil_v5\Packs\ARM\CMSIS\5.8.0\CMSIS\DSP\Source\ComplexMathFunctions\arm_cmplx_mag_f16.c(241): warning:  #1-D: last line of file ends without a newline
  #endif /* #if defined(ARM_FLOAT16_SUPPORTED) */
C:\Tenlog\Keil_v5\Packs\ARM\CMSIS\5.8.0\CMSIS\DSP\Source\ComplexMathFunctions\arm_cmplx_mag_squared_f16.c(174): warning:  #1-D: last line of file ends without a newline
  #endif /* #if defined(ARM_FLOAT16_SUPPORTED) */
C:\Tenlog\Keil_v5\Packs\ARM\CMSIS\5.8.0\CMSIS\DSP\Source\ComplexMathFunctions\arm_cmplx_mult_cmplx_f16.c(271): warning:  #1-D: last line of file ends without a newline
  #endif /* #if defined(ARM_FLOAT16_SUPPORTED) */
C:\Tenlog\Keil_v5\Packs\ARM\CMSIS\5.8.0\CMSIS\DSP\Source\ComplexMathFunctions\arm_cmplx_mult_real_f16.c(194): warning:  #1-D: last line of file ends without a newline
  #endif /* #if defined(ARM_FLOAT16_SUPPORTED) */
C:\Tenlog\Keil_v5\Packs\ARM\CMSIS\5.8.0\CMSIS\DSP\Source\ComplexMathFunctions\ComplexMathFunctionsF16.c: 6 warnings, 0 errors
compiling ControllerFunctions.c...
C:\Tenlog\Keil_v5\Packs\ARM\CMSIS\5.8.0\CMSIS\DSP\Source\ControllerFunctions\ControllerFunctions.c(46): warning:  #1-D: last line of file ends without a newline
  #endif
C:\Tenlog\Keil_v5\Packs\ARM\CMSIS\5.8.0\CMSIS\DSP\Source\ControllerFunctions\ControllerFunctions.c: 1 warning, 0 errors
compiling DistanceFunctions.c...
compiling DistanceFunctionsF16.c...
compiling FastMathFunctions.c...
compiling FastMathFunctionsF16.c...
compiling FilteringFunctions.c...
C:\Tenlog\Keil_v5\Packs\ARM\CMSIS\5.8.0\CMSIS\DSP\Source\FilteringFunctions\arm_levinson_durbin_q31.c(58): warning:  #550-D: variable "status"  was set but never used
    arm_status status;
C:\Tenlog\Keil_v5\Packs\ARM\CMSIS\5.8.0\CMSIS\DSP\Source\FilteringFunctions\FilteringFunctions.c: 1 warning, 0 errors
compiling FilteringFunctionsF16.c...
C:\Tenlog\Keil_v5\Packs\ARM\CMSIS\5.8.0\CMSIS\DSP\Source\FilteringFunctions\arm_biquad_cascade_df1_f16.c(491): warning:  #1-D: last line of file ends without a newline
  #endif /*#if defined(ARM_FLOAT16_SUPPORTED)*/
C:\Tenlog\Keil_v5\Packs\ARM\CMSIS\5.8.0\CMSIS\DSP\Source\FilteringFunctions\arm_biquad_cascade_df1_init_f16.c(160): warning:  #1-D: last line of file ends without a newline
  #endif /* #if defined(ARM_FLOAT16_SUPPORTED) */
C:\Tenlog\Keil_v5\Packs\ARM\CMSIS\5.8.0\CMSIS\DSP\Source\FilteringFunctions\arm_biquad_cascade_df2T_init_f16.c(114): warning:  #1-D: last line of file ends without a newline
  #endif /* #if defined(ARM_FLOAT16_SUPPORTED) */
C:\Tenlog\Keil_v5\Packs\ARM\CMSIS\5.8.0\CMSIS\DSP\Source\FilteringFunctions\arm_biquad_cascade_stereo_df2T_f16.c(434): warning:  #1-D: last line of file ends without a newline
  #endif /* #if defined(ARM_FLOAT16_SUPPORTED) */
C:\Tenlog\Keil_v5\Packs\ARM\CMSIS\5.8.0\CMSIS\DSP\Source\FilteringFunctions\FilteringFunctionsF16.c: 4 warnings, 0 errors
compiling InterpolationFunctions.c...
compiling InterpolationFunctionsF16.c...
compiling MatrixFunctions.c...
C:\Tenlog\Keil_v5\Packs\ARM\CMSIS\5.8.0\CMSIS\DSP\Source\MatrixFunctions\arm_mat_ldlt_f32.c(435): warning:  #1035-D: single-precision operand implicitly converted to double-precision
          if (fabs(a) < 1.0e-8)
C:\Tenlog\Keil_v5\Packs\ARM\CMSIS\5.8.0\CMSIS\DSP\Source\MatrixFunctions\MatrixFunctions.c: 1 warning, 0 errors
compiling MatrixFunctionsF16.c...
compiling QuaternionMathFunctions.c...
C:\Tenlog\Keil_v5\Packs\ARM\CMSIS\5.8.0\CMSIS\DSP\Source\QuaternionMathFunctions\arm_rotation2quaternion_f32.c(183): warning:  #1035-D: single-precision operand implicitly converted to double-precision
          doubler = sqrtf(trace + 1.0) * 2; // invs=4*qw
C:\Tenlog\Keil_v5\Packs\ARM\CMSIS\5.8.0\CMSIS\DSP\Source\QuaternionMathFunctions\arm_rotation2quaternion_f32.c(184): warning:  #1035-D: single-precision operand implicitly converted to double-precision
          s = 1.0 / doubler;
C:\Tenlog\Keil_v5\Packs\ARM\CMSIS\5.8.0\CMSIS\DSP\Source\QuaternionMathFunctions\arm_rotation2quaternion_f32.c(185): warning:  #1035-D: single-precision operand implicitly converted to double-precision
          q[0] = 0.25 * doubler;
C:\Tenlog\Keil_v5\Packs\ARM\CMSIS\5.8.0\CMSIS\DSP\Source\QuaternionMathFunctions\arm_rotation2quaternion_f32.c(192): warning:  #1035-D: single-precision operand implicitly converted to double-precision
          doubler = sqrtf(1.0 + RI(0,0) - RI(1,1) - RI(2,2)) * 2; // invs=4*qx
C:\Tenlog\Keil_v5\Packs\ARM\CMSIS\5.8.0\CMSIS\DSP\Source\QuaternionMathFunctions\arm_rotation2quaternion_f32.c(193): warning:  #1035-D: single-precision operand implicitly converted to double-precision
          s = 1.0 / doubler;
C:\Tenlog\Keil_v5\Packs\ARM\CMSIS\5.8.0\CMSIS\DSP\Source\QuaternionMathFunctions\arm_rotation2quaternion_f32.c(195): warning:  #1035-D: single-precision operand implicitly converted to double-precision
          q[1] = 0.25 * doubler;
C:\Tenlog\Keil_v5\Packs\ARM\CMSIS\5.8.0\CMSIS\DSP\Source\QuaternionMathFunctions\arm_rotation2quaternion_f32.c(201): warning:  #1035-D: single-precision operand implicitly converted to double-precision
          doubler = sqrtf(1.0 + RI(1,1) - RI(0,0) - RI(2,2)) * 2; // invs=4*qy
C:\Tenlog\Keil_v5\Packs\ARM\CMSIS\5.8.0\CMSIS\DSP\Source\QuaternionMathFunctions\arm_rotation2quaternion_f32.c(202): warning:  #1035-D: single-precision operand implicitly converted to double-precision
          s = 1.0 / doubler;
C:\Tenlog\Keil_v5\Packs\ARM\CMSIS\5.8.0\CMSIS\DSP\Source\QuaternionMathFunctions\arm_rotation2quaternion_f32.c(205): warning:  #1035-D: single-precision operand implicitly converted to double-precision
          q[2] = 0.25 * doubler;
C:\Tenlog\Keil_v5\Packs\ARM\CMSIS\5.8.0\CMSIS\DSP\Source\QuaternionMathFunctions\arm_rotation2quaternion_f32.c(210): warning:  #1035-D: single-precision operand implicitly converted to double-precision
          doubler = sqrtf(1.0 + RI(2,2) - RI(0,0) - RI(1,1)) * 2; // invs=4*qz
C:\Tenlog\Keil_v5\Packs\ARM\CMSIS\5.8.0\CMSIS\DSP\Source\QuaternionMathFunctions\arm_rotation2quaternion_f32.c(211): warning:  #1035-D: single-precision operand implicitly converted to double-precision
          s = 1.0 / doubler;
C:\Tenlog\Keil_v5\Packs\ARM\CMSIS\5.8.0\CMSIS\DSP\Source\QuaternionMathFunctions\arm_rotation2quaternion_f32.c(215): warning:  #1035-D: single-precision operand implicitly converted to double-precision
          q[3] = 0.25 * doubler;
C:\Tenlog\Keil_v5\Packs\ARM\CMSIS\5.8.0\CMSIS\DSP\Source\QuaternionMathFunctions\QuaternionMathFunctions.c: 12 warnings, 0 errors
compiling SVMFunctions.c...
compiling SVMFunctionsF16.c...
compiling StatisticsFunctions.c...
C:\Tenlog\Keil_v5\Packs\ARM\CMSIS\5.8.0\CMSIS\DSP\Source\StatisticsFunctions\StatisticsFunctions.c(68): warning:  #1-D: last line of file ends without a newline
  #include "arm_absmin_q7.c"
C:\Tenlog\Keil_v5\Packs\ARM\CMSIS\5.8.0\CMSIS\DSP\Source\StatisticsFunctions\StatisticsFunctions.c: 1 warning, 0 errors
compiling StatisticsFunctionsF16.c...
C:\Tenlog\Keil_v5\Packs\ARM\CMSIS\5.8.0\CMSIS\DSP\Source\StatisticsFunctions\StatisticsFunctionsF16.c(42): warning:  #1-D: last line of file ends without a newline
  #include "arm_absmin_f16.c"
C:\Tenlog\Keil_v5\Packs\ARM\CMSIS\5.8.0\CMSIS\DSP\Source\StatisticsFunctions\StatisticsFunctionsF16.c: 1 warning, 0 errors
compiling SupportFunctions.c...
compiling SupportFunctionsF16.c...
compiling TransformFunctions.c...
compiling TransformFunctionsF16.c...
C:\Tenlog\Keil_v5\Packs\ARM\CMSIS\5.8.0\CMSIS\DSP\Include\arm_const_structs_f16.h(77): warning:  #1-D: last line of file ends without a newline
  #endif
C:\Tenlog\Keil_v5\Packs\ARM\CMSIS\5.8.0\CMSIS\DSP\Source\TransformFunctions\arm_cfft_radix2_f16.c(475): warning:  #1-D: last line of file ends without a newline
  #endif /* #if defined(ARM_FLOAT16_SUPPORTED) */
C:\Tenlog\Keil_v5\Packs\ARM\CMSIS\5.8.0\CMSIS\DSP\Source\TransformFunctions\arm_cfft_radix4_f16.c(1272): warning:  #1-D: last line of file ends without a newline
  #endif /* #if defined(ARM_FLOAT16_SUPPORTED) */
C:\Tenlog\Keil_v5\Packs\ARM\CMSIS\5.8.0\CMSIS\DSP\Source\TransformFunctions\arm_rfft_fast_init_f16.c(357): warning:  #1-D: last line of file ends without a newline
  #endif /*  #if defined(ARM_FLOAT16_SUPPORTED) */
C:\Tenlog\Keil_v5\Packs\ARM\CMSIS\5.8.0\CMSIS\DSP\Source\TransformFunctions\arm_cfft_radix8_f16.c(289): warning:  #1-D: last line of file ends without a newline
  #endif /* #if defined(ARM_FLOAT16_SUPPORTED) */
C:\Tenlog\Keil_v5\Packs\ARM\CMSIS\5.8.0\CMSIS\DSP\Source\TransformFunctions\arm_bitreversal_f16.c(102): warning:  #1-D: last line of file ends without a newline
  #endif /* #if defined(ARM_FLOAT16_SUPPORTED) */
C:\Tenlog\Keil_v5\Packs\ARM\CMSIS\5.8.0\CMSIS\DSP\Source\TransformFunctions\TransformFunctionsF16.c: 6 warnings, 0 errors
linking...
Program Size: Code=144436 RO-data=4408 RW-data=2072 ZI-data=16256  
".\obj\firmware.axf" - 0 Error(s), 80 Warning(s).

*** Performing Cross-Module-Optimization:
compiling hc32f46x_adc.c...
compiling hc32f46x_aes.c...
compiling hc32f46x_can.c...
compiling hc32f46x_clk.c...
compiling hc32f46x_cmp.c...
compiling hc32f46x_crc.c...
compiling hc32f46x_dcu.c...
compiling hc32f46x_dmac.c...
compiling hc32f46x_efm.c...
compiling hc32f46x_emb.c...
compiling hc32f46x_event_port.c...
compiling hc32f46x_exint_nmi_swi.c...
compiling hc32f46x_gpio.c...
compiling hc32f46x_hash.c...
compiling hc32f46x_i2c.c...
compiling hc32f46x_i2s.c...
compiling hc32f46x_icg.c...
compiling hc32f46x_interrupts.c...
compiling hc32f46x_keyscan.c...
compiling hc32f46x_mpu.c...
compiling hc32f46x_ots.c...
compiling hc32f46x_pwc.c...
compiling hc32f46x_qspi.c...
compiling hc32f46x_rmu.c...
compiling hc32f46x_rtc.c...
compiling hc32f46x_sdioc.c...
compiling hc32f46x_spi.c...
compiling hc32f46x_sram.c...
compiling hc32f46x_swdt.c...
compiling hc32f46x_timer0.c...
compiling hc32f46x_timer4_cnt.c...
compiling hc32f46x_timer4_emb.c...
compiling hc32f46x_timer4_oco.c...
compiling hc32f46x_timer4_pwm.c...
compiling hc32f46x_timer4_sevt.c...
compiling hc32f46x_timer6.c...
compiling hc32f46x_timera.c...
compiling hc32f46x_trng.c...
compiling hc32f46x_usart.c...
compiling hc32f46x_utility.c...
compiling hc32f46x_wdt.c...
compiling main.cpp...
compiling board_gpio.c...
compiling system_hc32f460petb.c...
compiling MarlinCore.cpp...
..\source\Marlin\src\HAL/ESP32_SPI/esp32_wifi.h(79): warning:  #1-D: last line of file ends without a newline
  #endif
..\source\Marlin\src\MarlinCore.cpp(878): warning:  #177-D: variable "cnt"  was declared but never referenced
    uint32_t cnt=0;
..\source\Marlin\src\MarlinCore.cpp: 2 warnings, 0 errors
compiling serial.cpp...
compiling utility.cpp...
compiling babystep.cpp...
compiling runout.cpp...
compiling G28.cpp...
compiling M92.cpp...
compiling M200-M205.cpp...
compiling M220.cpp...
compiling M221.cpp...
compiling M301.cpp...
compiling M302.cpp...
compiling M304.cpp...
compiling M309.cpp...
compiling M17_M18_M84.cpp...
compiling M80_M81.cpp...
compiling M85.cpp...
compiling M108_M112_M410.cpp...
compiling M111.cpp...
compiling M120_M121.cpp...
compiling M211.cpp...
compiling M400.cpp...
compiling M993_M994.cpp...
compiling M997.cpp...
compiling M999.cpp...
compiling T.cpp...
compiling M500-M504.cpp...
compiling M907-M910.cpp...
compiling G27.cpp...
compiling M413.cpp...
compiling M1000.cpp...
compiling G92.cpp...
compiling M206_M428.cpp...
compiling M110.cpp...
compiling M113.cpp...
compiling M114.cpp...
compiling M115.cpp...
compiling M118.cpp...
compiling M119.cpp...
compiling M117.cpp...
compiling M145.cpp...
compiling M300.cpp...
compiling M414.cpp...
compiling G0_G1.cpp...
compiling G2_G3.cpp...
compiling G4.cpp...
compiling M290.cpp...
compiling M20.cpp...
compiling M21_M22.cpp...
compiling M23.cpp...
compiling M24_M25.cpp...
compiling M26.cpp...
compiling M27.cpp...
compiling M28_M29.cpp...
compiling M30.cpp...
compiling M32.cpp...
compiling M33.cpp...
compiling M34.cpp...
compiling M524.cpp...
compiling M928.cpp...
compiling M1001.cpp...
compiling M31.cpp...
compiling M75-M78.cpp...
compiling M104_M109.cpp...
compiling M105.cpp...
compiling M106_M107.cpp...
compiling M140_M190.cpp...
compiling M141_M191.cpp...
compiling M143_M193.cpp...
compiling M155.cpp...
compiling M303.cpp...
compiling M82_M83.cpp...
compiling gcode.cpp...
..\source\Marlin\src\gcode\gcode.cpp(153): warning:  #1293-D: assignment in condition
      if ( (seen[i] = parser.seenval(XYZ_CHAR(i))) ) {
..\source\Marlin\src\gcode\gcode.cpp(165): warning:  #1293-D: assignment in condition
    if ( (seen.e = parser.seenval('E')) ) {
..\source\Marlin\src\gcode\gcode.cpp: 2 warnings, 0 errors
compiling parser.cpp...
compiling queue.cpp...
..\source\Marlin\src\gcode\queue.cpp(145): warning:  #1293-D: assignment in condition
    while ((c = pgm_read_byte(&injected_commands_P[i])) && c != '\n') i++;
..\source\Marlin\src\gcode\queue.cpp(170): warning:  #1293-D: assignment in condition
    while ((c = injected_commands[i]) && c != '\n') i++;
..\source\Marlin\src\gcode\queue.cpp(182): warning:  #1293-D: assignment in condition
      (injected_commands[d] = injected_commands[s]);  // copy, exit if 0
..\source\Marlin\src\gcode\queue.cpp(203): warning:  #1293-D: assignment in condition
    while ((c = pgm_read_byte(&p[i])) && c != '\n') i++;
..\source\Marlin\src\gcode\queue.cpp(219): warning:  #1293-D: assignment in condition
      while ((c = pgm_read_byte(&p[i])) && c != '\n') i++;
..\source\Marlin\src\gcode\queue.cpp: 5 warnings, 0 errors
compiling G34_M422.cpp...
compiling M217.cpp...
compiling M218.cpp...
compiling M605.cpp...
..\source\Marlin\src\gcode\control\M605.cpp(72): warning:  #177-D: variable "previous_mode"  was declared but never referenced
        const DualXMode previous_mode = dual_x_carriage_mode;
..\source\Marlin\src\gcode\control\M605.cpp: 1 warning, 0 errors
compiling M666.cpp...
compiling M412.cpp...
compiling M600.cpp...
compiling M603.cpp...
compiling M1501-1510.cpp...
compiling Delay.cpp...
compiling servo.cpp...
compiling tft_fsmc.cpp...
compiling tft_spi.cpp...
compiling xpt2046.cpp...
compiling eeprom_bl24cxx.cpp...
..\source\Marlin\src\HAL\STM32F1\eeprom_bl24cxx.cpp(53): warning:  #191-D: type qualifier is meaningless on cast type
      uint8_t * const p = (uint8_t * const)pos;
..\source\Marlin\src\HAL\STM32F1\eeprom_bl24cxx.cpp(71): warning:  #191-D: type qualifier is meaningless on cast type
      uint8_t * const p = (uint8_t * const)pos;
..\source\Marlin\src\HAL\STM32F1\eeprom_bl24cxx.cpp: 2 warnings, 0 errors
compiling eeprom_flash.cpp...
compiling eeprom_if_iic.cpp...
compiling eeprom_sdcard.cpp...
compiling eeprom_wired.cpp...
compiling HAL.cpp...
compiling sdio.cpp...
compiling timers.cpp...
compiling watchdog.cpp...
compiling HAL_MinSerial.cpp...
compiling MarlinSerial.cpp...
compiling tenlog_touch_lcd.cpp...
..\source\Marlin\src\lcd\tenlog\../../HAL/ESP32_SPI/esp32_wifi.h(79): warning:  #1-D: last line of file ends without a newline
  #endif
..\source\Marlin\src\lcd\tenlog\tenlog_touch_lcd.cpp(721): warning:  #181-D: argument is incompatible with corresponding format string conversion
                  sprintf_P(cmd, PSTR("reload.vaMode2Offset.val=%d"), duplicate_extruder_x_offset);
..\source\Marlin\src\lcd\tenlog\tenlog_touch_lcd.cpp(2192): warning:  #1166-D: returning pointer to local variable
      return wifi_status;
..\source\Marlin\src\lcd\tenlog\tenlog_touch_lcd.cpp: 3 warnings, 0 errors
compiling BL24CXX.cpp...
compiling buzzer.cpp...
compiling nozzle.cpp...
compiling numtostr.cpp...
compiling stopwatch.cpp...
..\source\Marlin\src\libs\stopwatch.cpp(80): warning:  #1293-D: assignment in condition
    if ((accumulator = with_time)) state = RUNNING;
..\source\Marlin\src\libs\stopwatch.cpp: 1 warning, 0 errors
compiling vector_3.cpp...
compiling indirection.cpp...
compiling endstops.cpp...
compiling motion.cpp...
..\source\Marlin\src\module\motion.cpp(1210): warning:  #1293-D: assignment in condition
      if ((axis_bits = axes_should_home(axis_bits))) {
..\source\Marlin\src\module\motion.cpp: 1 warning, 0 errors
compiling planner.cpp...
..\source\Marlin\src\module\planner.cpp(2919): warning:  #117-D: non-void function "Planner::buffer_line(float, float, float, float, float, std::uint8_t, float)"  should return a value
      return;
..\source\Marlin\src\module\planner.cpp(2922): warning:  #117-D: non-void function "Planner::buffer_line(float, float, float, float, float, std::uint8_t, float)"  should return a value
        return;
..\source\Marlin\src\module\planner.cpp: 2 warnings, 0 errors
compiling settings.cpp...
compiling stepper.cpp...
..\source\Marlin\src\module\stepper.cpp(2017): warning:  #1293-D: assignment in condition
      if ((current_block = planner.get_current_block())) {
..\source\Marlin\src\module\stepper.cpp(2034): warning:  #1293-D: assignment in condition
          if (!(current_block = planner.get_current_block()))
..\source\Marlin\src\module\stepper.cpp: 2 warnings, 0 errors
compiling temperature.cpp...
..\source\Marlin\src\module\temperature.cpp(1825): warning:  #111-D: statement is unreachable
      return 0;
..\source\Marlin\src\module\temperature.cpp(3174): warning:  #177-D: variable "do_buttons"  was declared but never referenced
    static bool do_buttons;
..\source\Marlin\src\module\temperature.cpp: 2 warnings, 0 errors
compiling tool_change.cpp...
compiling cardreader.cpp...
..\source\Marlin\src\sd\cardreader.cpp(889): warning:  #1293-D: assignment in condition
    if ((npos = strchr(buf, 'N'))) {
..\source\Marlin\src\sd\cardreader.cpp: 1 warning, 0 errors
compiling Sd2Card.cpp...
compiling SdBaseFile.cpp...
..\source\Marlin\src\sd\SdBaseFile.cpp(327): warning:  #1293-D: assignment in condition
    while ((status = lsPrintNext(flags, indent))) {
..\source\Marlin\src\sd\SdBaseFile.cpp(1345): warning:  #1293-D: assignment in condition
    if ((d = cacheDirEntry(SdVolume::CACHE_FOR_WRITE))) {
..\source\Marlin\src\sd\SdBaseFile.cpp: 2 warnings, 0 errors
compiling SdFatUtil.cpp...
compiling SdFile.cpp...
..\source\Marlin\src\sd\SdFile.cpp(89): warning:  #1293-D: assignment in condition
    for (uint8_t c; (c = pgm_read_byte(str)); str++) write(c);
..\source\Marlin\src\sd\SdFile.cpp(103): warning:  #1-D: last line of file ends without a newline
   
..\source\Marlin\src\sd\SdFile.cpp: 2 warnings, 0 errors
compiling SdVolume.cpp...
compiling esp8266_wifi.cpp...
compiling cdecode.c...
..\source\Marlin\src\HAL\ESP8266_AT\ESP8266WebServer\libb64\cdecode.c(51): warning:  #68-D: integer conversion resulted in a change of sign
    { 62, -1, -1, -1, 63, 52, 53, 54, 55, 56, 57, 58, 59, 60, 61,
..\source\Marlin\src\HAL\ESP8266_AT\ESP8266WebServer\libb64\cdecode.c(51): warning:  #68-D: integer conversion resulted in a change of sign
    { 62, -1, -1, -1, 63, 52, 53, 54, 55, 56, 57, 58, 59, 60, 61,
..\source\Marlin\src\HAL\ESP8266_AT\ESP8266WebServer\libb64\cdecode.c(51): warning:  #68-D: integer conversion resulted in a change of sign
    { 62, -1, -1, -1, 63, 52, 53, 54, 55, 56, 57, 58, 59, 60, 61,
..\source\Marlin\src\HAL\ESP8266_AT\ESP8266WebServer\libb64\cdecode.c(52): warning:  #68-D: integer conversion resulted in a change of sign
      -1, -1, -1, -2, -1, -1, -1, 0, 1, 2, 3, 4, 5, 6, 7, 8, 9,
..\source\Marlin\src\HAL\ESP8266_AT\ESP8266WebServer\libb64\cdecode.c(52): warning:  #68-D: integer conversion resulted in a change of sign
      -1, -1, -1, -2, -1, -1, -1, 0, 1, 2, 3, 4, 5, 6, 7, 8, 9,
..\source\Marlin\src\HAL\ESP8266_AT\ESP8266WebServer\libb64\cdecode.c(52): warning:  #68-D: integer conversion resulted in a change of sign
      -1, -1, -1, -2, -1, -1, -1, 0, 1, 2, 3, 4, 5, 6, 7, 8, 9,
..\source\Marlin\src\HAL\ESP8266_AT\ESP8266WebServer\libb64\cdecode.c(52): warning:  #68-D: integer conversion resulted in a change of sign
      -1, -1, -1, -2, -1, -1, -1, 0, 1, 2, 3, 4, 5, 6, 7, 8, 9,
..\source\Marlin\src\HAL\ESP8266_AT\ESP8266WebServer\libb64\cdecode.c(52): warning:  #68-D: integer conversion resulted in a change of sign
      -1, -1, -1, -2, -1, -1, -1, 0, 1, 2, 3, 4, 5, 6, 7, 8, 9,
..\source\Marlin\src\HAL\ESP8266_AT\ESP8266WebServer\libb64\cdecode.c(52): warning:  #68-D: integer conversion resulted in a change of sign
      -1, -1, -1, -2, -1, -1, -1, 0, 1, 2, 3, 4, 5, 6, 7, 8, 9,
..\source\Marlin\src\HAL\ESP8266_AT\ESP8266WebServer\libb64\cdecode.c(52): warning:  #68-D: integer conversion resulted in a change of sign
      -1, -1, -1, -2, -1, -1, -1, 0, 1, 2, 3, 4, 5, 6, 7, 8, 9,
..\source\Marlin\src\HAL\ESP8266_AT\ESP8266WebServer\libb64\cdecode.c(54): warning:  #68-D: integer conversion resulted in a change of sign
      -1, -1, -1, -1, -1, -1, 26, 27, 28, 29, 30, 31, 32, 33, 34, 35,
..\source\Marlin\src\HAL\ESP8266_AT\ESP8266WebServer\libb64\cdecode.c(54): warning:  #68-D: integer conversion resulted in a change of sign
      -1, -1, -1, -1, -1, -1, 26, 27, 28, 29, 30, 31, 32, 33, 34, 35,
..\source\Marlin\src\HAL\ESP8266_AT\ESP8266WebServer\libb64\cdecode.c(54): warning:  #68-D: integer conversion resulted in a change of sign
      -1, -1, -1, -1, -1, -1, 26, 27, 28, 29, 30, 31, 32, 33, 34, 35,
..\source\Marlin\src\HAL\ESP8266_AT\ESP8266WebServer\libb64\cdecode.c(54): warning:  #68-D: integer conversion resulted in a change of sign
      -1, -1, -1, -1, -1, -1, 26, 27, 28, 29, 30, 31, 32, 33, 34, 35,
..\source\Marlin\src\HAL\ESP8266_AT\ESP8266WebServer\libb64\cdecode.c(54): warning:  #68-D: integer conversion resulted in a change of sign
      -1, -1, -1, -1, -1, -1, 26, 27, 28, 29, 30, 31, 32, 33, 34, 35,
..\source\Marlin\src\HAL\ESP8266_AT\ESP8266WebServer\libb64\cdecode.c(54): warning:  #68-D: integer conversion resulted in a change of sign
      -1, -1, -1, -1, -1, -1, 26, 27, 28, 29, 30, 31, 32, 33, 34, 35,
..\source\Marlin\src\HAL\ESP8266_AT\ESP8266WebServer\libb64\cdecode.c: 16 warnings, 0 errors
compiling cencode.c...
compiling ESP8266_AT_Drv.cpp...
compiling RingBuffer.cpp...
compiling IPAddress.cpp...
compiling esp32_wifi.cpp...
..\source\Marlin\src\HAL\ESP32_SPI\esp32_wifi.h(79): warning:  #1-D: last line of file ends without a newline
  #endif
..\source\Marlin\src\HAL\ESP32_SPI\esp32_wifi.cpp(204): warning:  #1-D: last line of file ends without a newline
  #endif
..\source\Marlin\src\HAL\ESP32_SPI\esp32_wifi.cpp: 2 warnings, 0 errors
compiling BasicMathFunctions.c...
C:\Tenlog\Keil_v5\Packs\ARM\CMSIS\5.8.0\CMSIS\DSP\Source\BasicMathFunctions\BasicMathFunctions.c(79): warning:  #1-D: last line of file ends without a newline
  #include "arm_clip_q7.c"
C:\Tenlog\Keil_v5\Packs\ARM\CMSIS\5.8.0\CMSIS\DSP\Source\BasicMathFunctions\BasicMathFunctions.c: 1 warning, 0 errors
compiling BasicMathFunctionsF16.c...
compiling BayesFunctions.c...
compiling BayesFunctionsF16.c...
compiling CommonTables.c...
compiling CommonTablesF16.c...
compiling ComplexMathFunctions.c...
compiling ComplexMathFunctionsF16.c...
C:\Tenlog\Keil_v5\Packs\ARM\CMSIS\5.8.0\CMSIS\DSP\Source\ComplexMathFunctions\arm_cmplx_conj_f16.c(185): warning:  #1-D: last line of file ends without a newline
  #endif /* #if defined(ARM_FLOAT16_SUPPORTED) */
C:\Tenlog\Keil_v5\Packs\ARM\CMSIS\5.8.0\CMSIS\DSP\Source\ComplexMathFunctions\arm_cmplx_dot_prod_f16.c(288): warning:  #1-D: last line of file ends without a newline
  #endif /* #if defined(ARM_FLOAT16_SUPPORTED) */
C:\Tenlog\Keil_v5\Packs\ARM\CMSIS\5.8.0\CMSIS\DSP\Source\ComplexMathFunctions\arm_cmplx_mag_f16.c(241): warning:  #1-D: last line of file ends without a newline
  #endif /* #if defined(ARM_FLOAT16_SUPPORTED) */
C:\Tenlog\Keil_v5\Packs\ARM\CMSIS\5.8.0\CMSIS\DSP\Source\ComplexMathFunctions\arm_cmplx_mag_squared_f16.c(174): warning:  #1-D: last line of file ends without a newline
  #endif /* #if defined(ARM_FLOAT16_SUPPORTED) */
C:\Tenlog\Keil_v5\Packs\ARM\CMSIS\5.8.0\CMSIS\DSP\Source\ComplexMathFunctions\arm_cmplx_mult_cmplx_f16.c(271): warning:  #1-D: last line of file ends without a newline
  #endif /* #if defined(ARM_FLOAT16_SUPPORTED) */
C:\Tenlog\Keil_v5\Packs\ARM\CMSIS\5.8.0\CMSIS\DSP\Source\ComplexMathFunctions\arm_cmplx_mult_real_f16.c(194): warning:  #1-D: last line of file ends without a newline
  #endif /* #if defined(ARM_FLOAT16_SUPPORTED) */
C:\Tenlog\Keil_v5\Packs\ARM\CMSIS\5.8.0\CMSIS\DSP\Source\ComplexMathFunctions\ComplexMathFunctionsF16.c: 6 warnings, 0 errors
compiling ControllerFunctions.c...
C:\Tenlog\Keil_v5\Packs\ARM\CMSIS\5.8.0\CMSIS\DSP\Source\ControllerFunctions\ControllerFunctions.c(46): warning:  #1-D: last line of file ends without a newline
  #endif
C:\Tenlog\Keil_v5\Packs\ARM\CMSIS\5.8.0\CMSIS\DSP\Source\ControllerFunctions\ControllerFunctions.c: 1 warning, 0 errors
compiling DistanceFunctions.c...
compiling DistanceFunctionsF16.c...
compiling FastMathFunctions.c...
compiling FastMathFunctionsF16.c...
compiling FilteringFunctions.c...
C:\Tenlog\Keil_v5\Packs\ARM\CMSIS\5.8.0\CMSIS\DSP\Source\FilteringFunctions\arm_levinson_durbin_q31.c(58): warning:  #550-D: variable "status"  was set but never used
    arm_status status;
C:\Tenlog\Keil_v5\Packs\ARM\CMSIS\5.8.0\CMSIS\DSP\Source\FilteringFunctions\FilteringFunctions.c: 1 warning, 0 errors
compiling FilteringFunctionsF16.c...
C:\Tenlog\Keil_v5\Packs\ARM\CMSIS\5.8.0\CMSIS\DSP\Source\FilteringFunctions\arm_biquad_cascade_df1_f16.c(491): warning:  #1-D: last line of file ends without a newline
  #endif /*#if defined(ARM_FLOAT16_SUPPORTED)*/
C:\Tenlog\Keil_v5\Packs\ARM\CMSIS\5.8.0\CMSIS\DSP\Source\FilteringFunctions\arm_biquad_cascade_df1_init_f16.c(160): warning:  #1-D: last line of file ends without a newline
  #endif /* #if defined(ARM_FLOAT16_SUPPORTED) */
C:\Tenlog\Keil_v5\Packs\ARM\CMSIS\5.8.0\CMSIS\DSP\Source\FilteringFunctions\arm_biquad_cascade_df2T_init_f16.c(114): warning:  #1-D: last line of file ends without a newline
  #endif /* #if defined(ARM_FLOAT16_SUPPORTED) */
C:\Tenlog\Keil_v5\Packs\ARM\CMSIS\5.8.0\CMSIS\DSP\Source\FilteringFunctions\arm_biquad_cascade_stereo_df2T_f16.c(434): warning:  #1-D: last line of file ends without a newline
  #endif /* #if defined(ARM_FLOAT16_SUPPORTED) */
C:\Tenlog\Keil_v5\Packs\ARM\CMSIS\5.8.0\CMSIS\DSP\Source\FilteringFunctions\FilteringFunctionsF16.c: 4 warnings, 0 errors
compiling InterpolationFunctions.c...
compiling InterpolationFunctionsF16.c...
compiling MatrixFunctions.c...
C:\Tenlog\Keil_v5\Packs\ARM\CMSIS\5.8.0\CMSIS\DSP\Source\MatrixFunctions\arm_mat_ldlt_f32.c(435): warning:  #1035-D: single-precision operand implicitly converted to double-precision
          if (fabs(a) < 1.0e-8)
C:\Tenlog\Keil_v5\Packs\ARM\CMSIS\5.8.0\CMSIS\DSP\Source\MatrixFunctions\MatrixFunctions.c: 1 warning, 0 errors
compiling MatrixFunctionsF16.c...
compiling QuaternionMathFunctions.c...
C:\Tenlog\Keil_v5\Packs\ARM\CMSIS\5.8.0\CMSIS\DSP\Source\QuaternionMathFunctions\arm_rotation2quaternion_f32.c(183): warning:  #1035-D: single-precision operand implicitly converted to double-precision
          doubler = sqrtf(trace + 1.0) * 2; // invs=4*qw
C:\Tenlog\Keil_v5\Packs\ARM\CMSIS\5.8.0\CMSIS\DSP\Source\QuaternionMathFunctions\arm_rotation2quaternion_f32.c(184): warning:  #1035-D: single-precision operand implicitly converted to double-precision
          s = 1.0 / doubler;
C:\Tenlog\Keil_v5\Packs\ARM\CMSIS\5.8.0\CMSIS\DSP\Source\QuaternionMathFunctions\arm_rotation2quaternion_f32.c(185): warning:  #1035-D: single-precision operand implicitly converted to double-precision
          q[0] = 0.25 * doubler;
C:\Tenlog\Keil_v5\Packs\ARM\CMSIS\5.8.0\CMSIS\DSP\Source\QuaternionMathFunctions\arm_rotation2quaternion_f32.c(192): warning:  #1035-D: single-precision operand implicitly converted to double-precision
          doubler = sqrtf(1.0 + RI(0,0) - RI(1,1) - RI(2,2)) * 2; // invs=4*qx
C:\Tenlog\Keil_v5\Packs\ARM\CMSIS\5.8.0\CMSIS\DSP\Source\QuaternionMathFunctions\arm_rotation2quaternion_f32.c(193): warning:  #1035-D: single-precision operand implicitly converted to double-precision
          s = 1.0 / doubler;
C:\Tenlog\Keil_v5\Packs\ARM\CMSIS\5.8.0\CMSIS\DSP\Source\QuaternionMathFunctions\arm_rotation2quaternion_f32.c(195): warning:  #1035-D: single-precision operand implicitly converted to double-precision
          q[1] = 0.25 * doubler;
C:\Tenlog\Keil_v5\Packs\ARM\CMSIS\5.8.0\CMSIS\DSP\Source\QuaternionMathFunctions\arm_rotation2quaternion_f32.c(201): warning:  #1035-D: single-precision operand implicitly converted to double-precision
          doubler = sqrtf(1.0 + RI(1,1) - RI(0,0) - RI(2,2)) * 2; // invs=4*qy
C:\Tenlog\Keil_v5\Packs\ARM\CMSIS\5.8.0\CMSIS\DSP\Source\QuaternionMathFunctions\arm_rotation2quaternion_f32.c(202): warning:  #1035-D: single-precision operand implicitly converted to double-precision
          s = 1.0 / doubler;
C:\Tenlog\Keil_v5\Packs\ARM\CMSIS\5.8.0\CMSIS\DSP\Source\QuaternionMathFunctions\arm_rotation2quaternion_f32.c(205): warning:  #1035-D: single-precision operand implicitly converted to double-precision
          q[2] = 0.25 * doubler;
C:\Tenlog\Keil_v5\Packs\ARM\CMSIS\5.8.0\CMSIS\DSP\Source\QuaternionMathFunctions\arm_rotation2quaternion_f32.c(210): warning:  #1035-D: single-precision operand implicitly converted to double-precision
          doubler = sqrtf(1.0 + RI(2,2) - RI(0,0) - RI(1,1)) * 2; // invs=4*qz
C:\Tenlog\Keil_v5\Packs\ARM\CMSIS\5.8.0\CMSIS\DSP\Source\QuaternionMathFunctions\arm_rotation2quaternion_f32.c(211): warning:  #1035-D: single-precision operand implicitly converted to double-precision
          s = 1.0 / doubler;
C:\Tenlog\Keil_v5\Packs\ARM\CMSIS\5.8.0\CMSIS\DSP\Source\QuaternionMathFunctions\arm_rotation2quaternion_f32.c(215): warning:  #1035-D: single-precision operand implicitly converted to double-precision
          q[3] = 0.25 * doubler;
C:\Tenlog\Keil_v5\Packs\ARM\CMSIS\5.8.0\CMSIS\DSP\Source\QuaternionMathFunctions\QuaternionMathFunctions.c: 12 warnings, 0 errors
compiling SVMFunctions.c...
compiling SVMFunctionsF16.c...
compiling StatisticsFunctions.c...
C:\Tenlog\Keil_v5\Packs\ARM\CMSIS\5.8.0\CMSIS\DSP\Source\StatisticsFunctions\StatisticsFunctions.c(68): warning:  #1-D: last line of file ends without a newline
  #include "arm_absmin_q7.c"
C:\Tenlog\Keil_v5\Packs\ARM\CMSIS\5.8.0\CMSIS\DSP\Source\StatisticsFunctions\StatisticsFunctions.c: 1 warning, 0 errors
compiling StatisticsFunctionsF16.c...
C:\Tenlog\Keil_v5\Packs\ARM\CMSIS\5.8.0\CMSIS\DSP\Source\StatisticsFunctions\StatisticsFunctionsF16.c(42): warning:  #1-D: last line of file ends without a newline
  #include "arm_absmin_f16.c"
C:\Tenlog\Keil_v5\Packs\ARM\CMSIS\5.8.0\CMSIS\DSP\Source\StatisticsFunctions\StatisticsFunctionsF16.c: 1 warning, 0 errors
compiling SupportFunctions.c...
compiling SupportFunctionsF16.c...
compiling TransformFunctions.c...
compiling TransformFunctionsF16.c...
C:\Tenlog\Keil_v5\Packs\ARM\CMSIS\5.8.0\CMSIS\DSP\Include\arm_const_structs_f16.h(77): warning:  #1-D: last line of file ends without a newline
  #endif
C:\Tenlog\Keil_v5\Packs\ARM\CMSIS\5.8.0\CMSIS\DSP\Source\TransformFunctions\arm_cfft_radix2_f16.c(475): warning:  #1-D: last line of file ends without a newline
  #endif /* #if defined(ARM_FLOAT16_SUPPORTED) */
C:\Tenlog\Keil_v5\Packs\ARM\CMSIS\5.8.0\CMSIS\DSP\Source\TransformFunctions\arm_cfft_radix4_f16.c(1272): warning:  #1-D: last line of file ends without a newline
  #endif /* #if defined(ARM_FLOAT16_SUPPORTED) */
C:\Tenlog\Keil_v5\Packs\ARM\CMSIS\5.8.0\CMSIS\DSP\Source\TransformFunctions\arm_rfft_fast_init_f16.c(357): warning:  #1-D: last line of file ends without a newline
  #endif /*  #if defined(ARM_FLOAT16_SUPPORTED) */
C:\Tenlog\Keil_v5\Packs\ARM\CMSIS\5.8.0\CMSIS\DSP\Source\TransformFunctions\arm_cfft_radix8_f16.c(289): warning:  #1-D: last line of file ends without a newline
  #endif /* #if defined(ARM_FLOAT16_SUPPORTED) */
C:\Tenlog\Keil_v5\Packs\ARM\CMSIS\5.8.0\CMSIS\DSP\Source\TransformFunctions\arm_bitreversal_f16.c(102): warning:  #1-D: last line of file ends without a newline
  #endif /* #if defined(ARM_FLOAT16_SUPPORTED) */
C:\Tenlog\Keil_v5\Packs\ARM\CMSIS\5.8.0\CMSIS\DSP\Source\TransformFunctions\TransformFunctionsF16.c: 6 warnings, 0 errors
linking...
Program Size: Code=144436 RO-data=4408 RW-data=2072 ZI-data=16256  
After Build - User command #1: D:\Keil_v5\ARM\ARMCC\bin\fromelf.exe --bin -o  .\bin\firmware.bin  .\obj\firmware.axf
".\obj\firmware.axf" - 0 Error(s), 80 Warning(s).
*** Completed Cross-Module-Optimization after 2 iteration(s).

<h2>Software Packages used:</h2>

Package Vendor: ARM
                http://www.keil.com/pack/ARM.CMSIS.5.8.0.pack
                ARM.CMSIS.5.8.0
                CMSIS (Common Microcontroller Software Interface Standard)
   * Component: CORE Version: 5.5.0
   * Component: DSP Variant: Source Version: 1.9.0-dev

Package Vendor: HDSC
                https://raw.githubusercontent.com/hdscmcu/pack/master/HDSC.HC32F460.1.0.7.pack
                HDSC.HC32F460.1.0.7
                HC32F460 ARM Cortex-M4 Device Family Pack

<h2>Collection of Component include folders:</h2>
  .\RTE\_firmware_Release
  C:\Tenlog\Keil_v5\Packs\ARM\CMSIS\5.8.0\CMSIS\Core\Include
  C:\Tenlog\Keil_v5\Packs\ARM\CMSIS\5.8.0\CMSIS\DSP\Include
  C:\Tenlog\Keil_v5\Packs\ARM\CMSIS\5.8.0\CMSIS\DSP\PrivateInclude
  C:\Tenlog\Keil_v5\Packs\HDSC\HC32F460\1.0.7\Device\Include

<h2>Collection of Component Files used:</h2>

   * Component: ARM::CMSIS:CORE:5.5.0

   * Component: ARM::CMSIS:DSP:Source:1.9.0-dev
      Include file:  CMSIS\DSP\Include\arm_common_tables.h
      Include file:  CMSIS\DSP\Include\arm_const_structs_f16.h
      Source file:   CMSIS\DSP\Source\BasicMathFunctions\BasicMathFunctions.c
      Source file:   CMSIS\DSP\Source\ComplexMathFunctions\ComplexMathFunctions.c
      Include file:  CMSIS\DSP\Include\arm_math.h
      Source file:   CMSIS\DSP\Source\QuaternionMathFunctions\QuaternionMathFunctions.c
      Include file:  CMSIS\DSP\Include\arm_math_f16.h
      Source file:   CMSIS\DSP\Source\DistanceFunctions\DistanceFunctions.c
      Source file:   CMSIS\DSP\Source\FastMathFunctions\FastMathFunctions.c
      Source file:   CMSIS\DSP\Source\CommonTables\CommonTables.c
      Include file:  CMSIS\DSP\Include\arm_common_tables_f16.h
      Include file:  CMSIS\DSP\Include\arm_const_structs.h
      Source file:   CMSIS\DSP\Source\BayesFunctions\BayesFunctions.c
      Source file:   CMSIS\DSP\Source\ControllerFunctions\ControllerFunctions.c
      Source file:   CMSIS\DSP\Source\FastMathFunctions\FastMathFunctionsF16.c
      Source file:   CMSIS\DSP\Source\BayesFunctions\BayesFunctionsF16.c
      Source file:   CMSIS\DSP\Source\BasicMathFunctions\BasicMathFunctionsF16.c
      Source file:   CMSIS\DSP\Source\CommonTables\CommonTablesF16.c
      Source file:   CMSIS\DSP\Source\TransformFunctions\TransformFunctionsF16.c
      Source file:   CMSIS\DSP\Source\SVMFunctions\SVMFunctionsF16.c
      Source file:   CMSIS\DSP\Source\SupportFunctions\SupportFunctionsF16.c
      Source file:   CMSIS\DSP\Source\TransformFunctions\TransformFunctions.c
      Source file:   CMSIS\DSP\Source\InterpolationFunctions\InterpolationFunctions.c
      Source file:   CMSIS\DSP\Source\MatrixFunctions\MatrixFunctionsF16.c
      Source file:   CMSIS\DSP\Source\SVMFunctions\SVMFunctions.c
      Source file:   CMSIS\DSP\Source\InterpolationFunctions\InterpolationFunctionsF16.c
      Source file:   CMSIS\DSP\Source\FilteringFunctions\FilteringFunctions.c
      Source file:   CMSIS\DSP\Source\StatisticsFunctions\StatisticsFunctionsF16.c
      Source file:   CMSIS\DSP\Source\MatrixFunctions\MatrixFunctions.c
      Source file:   CMSIS\DSP\Source\StatisticsFunctions\StatisticsFunctions.c
      Source file:   CMSIS\DSP\Source\DistanceFunctions\DistanceFunctionsF16.c
      Source file:   CMSIS\DSP\Source\ComplexMathFunctions\ComplexMathFunctionsF16.c
      Source file:   CMSIS\DSP\Source\SupportFunctions\SupportFunctions.c
      Source file:   CMSIS\DSP\Source\FilteringFunctions\FilteringFunctionsF16.c
Build Time Elapsed:  00:06:03
</pre>
</body>
</html>
