Component: ARM Compiler 5.06 update 7 (build 960) Tool: armlink [4d3601]

==============================================================================

Removing Unused input sections from the image.

    Removing hc32f46x_adc.o(.rev16_text), (4 bytes).
    Removing hc32f46x_adc.o(.revsh_text), (4 bytes).
    Removing hc32f46x_adc.o(.rrx_text), (6 bytes).
    Removing hc32f46x_adc.o(i.ADC_AddAvgChannel), (56 bytes).
    Removing hc32f46x_adc.o(i.ADC_AddAwdChannel), (64 bytes).
    Removing hc32f46x_adc.o(i.ADC_AddPgaChannel), (24 bytes).
    Removing hc32f46x_adc.o(i.ADC_AwdCmd), (22 bytes).
    Removing hc32f46x_adc.o(i.ADC_AwdITCmd), (22 bytes).
    Removing hc32f46x_adc.o(i.ADC_ChannleRemap), (160 bytes).
    Removing hc32f46x_adc.o(i.ADC_ClrAwdChFlag), (40 bytes).
    Removing hc32f46x_adc.o(i.ADC_ClrAwdFlag), (32 bytes).
    Removing hc32f46x_adc.o(i.ADC_ClrEocFlag), (18 bytes).
    Removing hc32f46x_adc.o(i.ADC_ConfigAvg), (18 bytes).
    Removing hc32f46x_adc.o(i.ADC_ConfigAwd), (62 bytes).
    Removing hc32f46x_adc.o(i.ADC_ConfigPga), (36 bytes).
    Removing hc32f46x_adc.o(i.ADC_ConfigSync), (52 bytes).
    Removing hc32f46x_adc.o(i.ADC_ConfigTriggerSrc), (128 bytes).
    Removing hc32f46x_adc.o(i.ADC_DeInit), (172 bytes).
    Removing hc32f46x_adc.o(i.ADC_DelAdcChannel), (64 bytes).
    Removing hc32f46x_adc.o(i.ADC_DelAvgChannel), (40 bytes).
    Removing hc32f46x_adc.o(i.ADC_DelAwdChannel), (48 bytes).
    Removing hc32f46x_adc.o(i.ADC_DelPgaChannel), (20 bytes).
    Removing hc32f46x_adc.o(i.ADC_GetAllData), (60 bytes).
    Removing hc32f46x_adc.o(i.ADC_GetAwdFlag), (32 bytes).
    Removing hc32f46x_adc.o(i.ADC_GetChData), (104 bytes).
    Removing hc32f46x_adc.o(i.ADC_GetChannelPinNum), (52 bytes).
    Removing hc32f46x_adc.o(i.ADC_GetEocFlag), (22 bytes).
    Removing hc32f46x_adc.o(i.ADC_GetValue), (12 bytes).
    Removing hc32f46x_adc.o(i.ADC_PgaCmd), (48 bytes).
    Removing hc32f46x_adc.o(i.ADC_PollingSa), (196 bytes).
    Removing hc32f46x_adc.o(i.ADC_SeqITCmd), (62 bytes).
    Removing hc32f46x_adc.o(i.ADC_SetScanMode), (18 bytes).
    Removing hc32f46x_adc.o(i.ADC_StopConvert), (48 bytes).
    Removing hc32f46x_adc.o(i.ADC_SyncCmd), (24 bytes).
    Removing hc32f46x_adc.o(i._ZN36_INTERNAL_14_hc32f46x_adc_c_ADC_Init15ADC_ReadAllDataEPK14M4_ADC_TypeDefPth), (30 bytes).
    Removing hc32f46x_adc.o(.ARM.exidx), (8 bytes).
    Removing hc32f46x_adc.o(.ARM.exidx), (8 bytes).
    Removing hc32f46x_adc.o(.ARM.exidx), (8 bytes).
    Removing hc32f46x_adc.o(.ARM.exidx), (8 bytes).
    Removing hc32f46x_adc.o(.ARM.exidx), (8 bytes).
    Removing hc32f46x_adc.o(.ARM.exidx), (8 bytes).
    Removing hc32f46x_adc.o(.ARM.exidx), (8 bytes).
    Removing hc32f46x_adc.o(.ARM.exidx), (8 bytes).
    Removing hc32f46x_adc.o(.ARM.exidx), (8 bytes).
    Removing hc32f46x_adc.o(.ARM.exidx), (8 bytes).
    Removing hc32f46x_adc.o(.ARM.exidx), (8 bytes).
    Removing hc32f46x_adc.o(.ARM.exidx), (8 bytes).
    Removing hc32f46x_adc.o(.ARM.exidx), (8 bytes).
    Removing hc32f46x_adc.o(.ARM.exidx), (8 bytes).
    Removing hc32f46x_adc.o(.ARM.exidx), (8 bytes).
    Removing hc32f46x_adc.o(.ARM.exidx), (8 bytes).
    Removing hc32f46x_adc.o(.ARM.exidx), (8 bytes).
    Removing hc32f46x_adc.o(.ARM.exidx), (8 bytes).
    Removing hc32f46x_adc.o(.ARM.exidx), (8 bytes).
    Removing hc32f46x_adc.o(.ARM.exidx), (8 bytes).
    Removing hc32f46x_adc.o(.ARM.exidx), (8 bytes).
    Removing hc32f46x_adc.o(.ARM.exidx), (8 bytes).
    Removing hc32f46x_adc.o(.ARM.exidx), (8 bytes).
    Removing hc32f46x_adc.o(.ARM.exidx), (8 bytes).
    Removing hc32f46x_adc.o(.ARM.exidx), (8 bytes).
    Removing hc32f46x_adc.o(.ARM.exidx), (8 bytes).
    Removing hc32f46x_adc.o(.ARM.exidx), (8 bytes).
    Removing hc32f46x_adc.o(.ARM.exidx), (8 bytes).
    Removing hc32f46x_adc.o(.ARM.exidx), (8 bytes).
    Removing hc32f46x_adc.o(.ARM.exidx), (8 bytes).
    Removing hc32f46x_adc.o(.ARM.exidx), (8 bytes).
    Removing hc32f46x_adc.o(.ARM.exidx), (8 bytes).
    Removing hc32f46x_adc.o(.ARM.exidx), (8 bytes).
    Removing hc32f46x_adc.o(.ARM.exidx), (8 bytes).
    Removing hc32f46x_adc.o(.ARM.exidx), (8 bytes).
    Removing hc32f46x_adc.o(.ARM.exidx), (8 bytes).
    Removing hc32f46x_aes.o(.rev16_text), (4 bytes).
    Removing hc32f46x_aes.o(.revsh_text), (4 bytes).
    Removing hc32f46x_aes.o(.rrx_text), (6 bytes).
    Removing hc32f46x_can.o(.rev16_text), (4 bytes).
    Removing hc32f46x_can.o(.revsh_text), (4 bytes).
    Removing hc32f46x_can.o(.rrx_text), (6 bytes).
    Removing hc32f46x_clk.o(.rev16_text), (4 bytes).
    Removing hc32f46x_clk.o(.revsh_text), (4 bytes).
    Removing hc32f46x_clk.o(.rrx_text), (6 bytes).
    Removing hc32f46x_clk.o(i.CLK_ClearFcmFlag), (68 bytes).
    Removing hc32f46x_clk.o(i.CLK_ClearXtalStdFlag), (72 bytes).
    Removing hc32f46x_clk.o(i.CLK_FcmCmd), (12 bytes).
    Removing hc32f46x_clk.o(i.CLK_FcmConfig), (308 bytes).
    Removing hc32f46x_clk.o(i.CLK_GetFcmCounter), (12 bytes).
[...]
    0x0001dd0c   0x0001dd0c   0x00000042   Code   RO        23956    i._ZN10SdBaseFile10getDosNameEPc  sdbasefile.o
    0x0001dd4e   0x0001dd4e   0x00000002   PAD
    0x0001dd50   0x0001dd50   0x000000b0   Code   RO        23957    i._ZN10SdBaseFile10make83NameEPKcPhPS1_  sdbasefile.o
    0x0001de00   0x0001de00   0x00000038   Code   RO        23961    i._ZN10SdBaseFile12readDirCacheEv  sdbasefile.o
    0x0001de38   0x0001de38   0x00000080   Code   RO        23962    i._ZN10SdBaseFile13addDirClusterEv  sdbasefile.o
    0x0001deb8   0x0001deb8   0x0000002c   Code   RO        23963    i._ZN10SdBaseFile13cacheDirEntryEh  sdbasefile.o
    0x0001dee4   0x0001dee4   0x000000b0   Code   RO        23965    i._ZN10SdBaseFile15openCachedEntryEhh  sdbasefile.o
    0x0001df94   0x0001df94   0x00000104   Code   RO        23969    i._ZN10SdBaseFile4openEPS_PKch  sdbasefile.o
    0x0001e098   0x0001e098   0x0000013c   Code   RO        23970    i._ZN10SdBaseFile4openEPS_PKhh  sdbasefile.o
    0x0001e1d4   0x0001e1d4   0x0000012c   Code   RO        23973    i._ZN10SdBaseFile4readEPvt  sdbasefile.o
    0x0001e300   0x0001e300   0x0000001e   Code   RO        23974    i._ZN10SdBaseFile4readEv  sdbasefile.o
    0x0001e31e   0x0001e31e   0x00000002   PAD
    0x0001e320   0x0001e320   0x00000074   Code   RO        23975    i._ZN10SdBaseFile4syncEv  sdbasefile.o
    0x0001e394   0x0001e394   0x00000014   Code   RO        23976    i._ZN10SdBaseFile5closeEv  sdbasefile.o
    0x0001e3a8   0x0001e3a8   0x00000198   Code   RO        23981    i._ZN10SdBaseFile5writeEPKvt  sdbasefile.o
    0x0001e540   0x0001e540   0x00000034   Code   RO        23984    i._ZN10SdBaseFile6removeEPS_PKc  sdbasefile.o
    0x0001e574   0x0001e574   0x00000030   Code   RO        23985    i._ZN10SdBaseFile6removeEv  sdbasefile.o
    0x0001e5a4   0x0001e5a4   0x0000000e   Code   RO        23505    i._ZN10SdBaseFile6rewindEv  cardreader.o
    0x0001e5b2   0x0001e5b2   0x0000003a   Code   RO        23988    i._ZN10SdBaseFile7dirNameERK14directoryEntryPc  sdbasefile.o
    0x0001e5ec   0x0001e5ec   0x00000150   Code   RO        23989    i._ZN10SdBaseFile7readDirEP14directoryEntryPc  sdbasefile.o
    0x0001e73c   0x0001e73c   0x00000012   Code   RO        24343    i._ZN10SdBaseFile7seekEndEi  sdbasefile.o
    0x0001e74e   0x0001e74e   0x0000007e   Code   RO        23990    i._ZN10SdBaseFile7seekSetEj  sdbasefile.o
    0x0001e7cc   0x0001e7cc   0x0000006e   Code   RO        23993    i._ZN10SdBaseFile8openRootEP8SdVolume  sdbasefile.o
    0x0001e83a   0x0001e83a   0x000000c2   Code   RO        23995    i._ZN10SdBaseFile8truncateEj  sdbasefile.o
    0x0001e8fc   0x0001e8fc   0x00000008   Code   RO        24325    i._ZN10SdBaseFileC1Ev  sdbasefile.o
    0x0001e904   0x0001e904   0x00000016   Code   RO        24337    i._ZN10SdBaseFileD1Ev  sdbasefile.o
    0x0001e91a   0x0001e91a   0x00000002   PAD
    0x0001e91c   0x0001e91c   0x00000020   Code   RO         7316    i._ZN11GCodeParser10value_longEv  g28.o
    0x0001e93c   0x0001e93c   0x00000064   Code   RO         7322    i._ZN11GCodeParser11value_floatEv  g28.o
    0x0001e9a0   0x0001e9a0   0x00000024   Code   RO        13958    i._ZN11GCodeParser13value_celsiusEv  m104_m109.o
    0x0001e9c4   0x0001e9c4   0x0000000c   Code   RO         7883    i._ZN11GCodeParser16value_axis_unitsE8AxisEnum  m200-m205.o
    0x0001e9d0   0x0001e9d0   0x0000000a   Code   RO         7877    i._ZN11GCodeParser18value_linear_unitsEv  m200-m205.o
    0x0001e9da   0x0001e9da   0x0000000c   Code   RO         7623    i._ZN11GCodeParser20value_per_axis_unitsE8AxisEnum  m92.o
    0x0001e9e6   0x0001e9e6   0x00000002   PAD
    0x0001e9e8   0x0001e9e8   0x00000040   Code   RO        15294    i._ZN11GCodeParser23unknown_command_warningEv  parser.o
    0x0001ea28   0x0001ea28   0x000000cc   Code   RO         7304    i._ZN11GCodeParser4seenEc  g28.o
    0x0001eaf4   0x0001eaf4   0x00000300   Code   RO        15295    i._ZN11GCodeParser5parseEPc  parser.o
    0x0001edf4   0x0001edf4   0x00000030   Code   RO        15296    i._ZN11GCodeParser5resetEv  parser.o
    0x0001ee24   0x0001ee24   0x00000018   Code   RO        14723    i._ZN11GCodeParser6intvalEcs  m303.o
    0x0001ee3c   0x0001ee3c   0x00000060   Code   RO         7328    i._ZN11GCodeParser7boolvalEcb  g28.o
    0x0001ee9c   0x0001ee9c   0x00000054   Code   RO         8234    i._ZN11GCodeParser7bytevalEch  m301.o
    0x0001eef0   0x0001eef0   0x00000028   Code   RO         7310    i._ZN11GCodeParser7seenvalEc  g28.o
    0x0001ef18   0x0001ef18   0x00000050   Code   RO        10089    i._ZN11GCodeParser9ushortvalEct  g27.o
    0x0001ef68   0x0001ef68   0x0000000a   Code   RO        14716    i._ZN11GCodeParser9value_intEv  m303.o
    0x0001ef72   0x0001ef72   0x00000002   PAD
    0x0001ef74   0x0001ef74   0x0000003c   Code   RO        25188    i._ZN11Sdioc_Class4initEv  sdio_hal.o
    0x0001efb0   0x0001efb0   0x00000020   Code   RO        25189    i._ZN11Sdioc_Class4readEjtPh  sdio_hal.o
    0x0001efd0   0x0001efd0   0x00000020   Code   RO        25191    i._ZN11Sdioc_Class5writeEjtPKh  sdio_hal.o
    0x0001eff0   0x0001eff0   0x00000060   Code   RO        25192    i._ZN11Sdioc_ClassC1EP16M4_SDIOC_TypeDef  sdio_hal.o
    0x0001f050   0x0001f050   0x00000002   Code   RO        25193    i._ZN11Sdioc_ClassD1Ev  sdio_hal.o
    0x0001f052   0x0001f052   0x00000002   PAD
    0x0001f054   0x0001f054   0x000000e4   Code   RO        22595    i._ZN11Temperature11_temp_errorE11heater_id_tPKcS2_  temperature.o
    0x0001f138   0x0001f138   0x00000754   Code   RO        22596    i._ZN11Temperature12PID_autotuneEs11heater_id_tab  temperature.o
    0x0001f88c   0x0001f88c   0x0000000c   Code   RO        18792    i._ZN11Temperature12degTargetBedEv  tenlog_touch_lcd.o
    0x0001f898   0x0001f898   0x0000002c   Code   RO        22887    i._ZN11Temperature12isHeatingBedEv  temperature.o
    0x0001f8c4   0x0001f8c4   0x00000024   Code   RO        14477    i._ZN11Temperature12setTargetBedEs  m140_m190.o
    0x0001f8e8   0x0001f8e8   0x00000164   Code   RO        22597    i._ZN11Temperature12wait_for_bedEb  temperature.o
    0x0001fa4c   0x0001fa4c   0x0000027c   Code   RO        22598    i._ZN11Temperature13manage_heaterEv  temperature.o
    0x0001fcc8   0x0001fcc8   0x00000028   Code   RO        22599    i._ZN11Temperature13set_fan_speedEht  temperature.o
    0x0001fcf0   0x0001fcf0   0x00000018   Code   RO        22600    i._ZN11Temperature14AutoReportTemp6reportEv  temperature.o
    0x0001fd08   0x0001fd08   0x00000024   Code   RO        22601    i._ZN11Temperature14getHeaterPowerE11heater_id_t  temperature.o
    0x0001fd2c   0x0001fd2c   0x00000028   Code   RO        22602    i._ZN11Temperature14max_temp_errorE11heater_id_t  temperature.o
    0x0001fd54   0x0001fd54   0x00000028   Code   RO        22603    i._ZN11Temperature14min_temp_errorE11heater_id_t  temperature.o
    0x0001fd7c   0x0001fd7c   0x00000104   Code   RO        22604    i._ZN11Temperature14readings_readyEv  temperature.o
    0x0001fe80   0x0001fe80   0x00000018   Code   RO        18804    i._ZN11Temperature15degTargetHotendEh  tenlog_touch_lcd.o
    0x0001fe98   0x0001fe98   0x0000003c   Code   RO        18761    i._ZN11Temperature15isHeatingHotendEh  tenlog_touch_lcd.o
    0x0001fed4   0x0001fed4   0x00000040   Code   RO        13964    i._ZN11Temperature15setTargetHotendEsh  m104_m109.o
    0x0001ff14   0x0001ff14   0x000001ac   Code   RO        22605    i._ZN11Temperature15wait_for_hotendEhb  temperature.o
    0x000200c0   0x000200c0   0x000001e4   Code   RO        22606    i._ZN11Temperature18get_pid_output_bedEv  temperature.o
    0x000202a4   0x000202a4   0x00000048   Code   RO        22607    i._ZN11Temperature18start_watching_bedEv  temperature.o
    0x000202ec   0x000202ec   0x000000c4   Code   RO        22608    i._ZN11Temperature18tr_state_machine_t3runEff11heater_id_tts  temperature.o
    0x000203b0   0x000203b0   0x00000008   Code   RO        22899    i._ZN11Temperature18tr_state_machine_tC1Ev  temperature.o
    0x000203b8   0x000203b8   0x000000a4   Code   RO        22609    i._ZN11Temperature19disable_all_heatersEv  temperature.o
    0x0002045c   0x0002045c   0x000000e4   Code   RO        22610    i._ZN11Temperature19print_heater_statesEh  temperature.o
    0x00020540   0x00020540   0x0000001c   Code   RO        22611    i._ZN11Temperature20auto_job_check_timerEbb  temperature.o
    0x0002055c   0x0002055c   0x000000d4   Code   RO        22613    i._ZN11Temperature21analog_to_celsius_bedEs  temperature.o
    0x00020630   0x00020630   0x00000264   Code   RO        22614    i._ZN11Temperature21checkExtruderAutoFansEv  temperature.o
    0x00020894   0x00020894   0x0000028c   Code   RO        22615    i._ZN11Temperature21get_pid_output_hotendEh  temperature.o
    0x00020b20   0x00020b20   0x0000005c   Code   RO        22616    i._ZN11Temperature21start_watching_hotendEh  temperature.o
    0x00020b7c   0x00020b7c   0x00000030   Code   RO        22617    i._ZN11Temperature23auto_job_over_thresholdEv  temperature.o
    0x00020bac   0x00020bac   0x0000002c   Code   RO        22618    i._ZN11Temperature23update_raw_temperaturesEv  temperature.o
    0x00020bd8   0x00020bd8   0x00000150   Code   RO        22619    i._ZN11Temperature24analog_to_celsius_hotendEsh  temperature.o
    0x00020d28   0x00020d28   0x00000058   Code   RO        22620    i._ZN11Temperature31updateTemperaturesFromRawValuesEv  temperature.o
    0x00020d80   0x00020d80   0x00000340   Code   RO        22621    i._ZN11Temperature3isrEv  temperature.o
    0x000210c0   0x000210c0   0x00000294   Code   RO        22622    i._ZN11Temperature4initEv  temperature.o
    0x00021354   0x00021354   0x0000000c   Code   RO        22869    i._ZN11Temperature6degBedEv  temperature.o
    0x00021360   0x00021360   0x00000014   Code   RO        18798    i._ZN11Temperature9degHotendEh  tenlog_touch_lcd.o
    0x00021374   0x00021374   0x0000000c   Code   RO        30891    i._ZN14HardwareSerial3endEv  glib.lib(hardwareserial.o)
    0x00021380   0x00021380   0x00000036   Code   RO        30893    i._ZN14HardwareSerial4readEv  glib.lib(hardwareserial.o)
    0x000213b6   0x000213b6   0x00000012   Code   RO        30894    i._ZN14HardwareSerial5beginEj  glib.lib(hardwareserial.o)
    0x000213c8   0x000213c8   0x0000003a   Code   RO        30895    i._ZN14HardwareSerial5beginEjh  glib.lib(hardwareserial.o)
    0x00021402   0x00021402   0x0000001c   Code   RO        30896    i._ZN14HardwareSerial5flushEv  glib.lib(hardwareserial.o)
    0x0002141e   0x0002141e   0x0000001a   Code   RO        30897    i._ZN14HardwareSerial5writeEh  glib.lib(hardwareserial.o)
    0x00021438   0x00021438   0x00000012   Code   RO         8137    i._ZN14HardwareSerial5writeEi  m221.o
    0x0002144a   0x0002144a   0x00000012   Code   RO        18773    i._ZN14HardwareSerial5writeEl  tenlog_touch_lcd.o
    0x0002145c   0x0002145c   0x00000002   Code   RO        30899    i._ZN14HardwareSerial7msgDoneEv  glib.lib(hardwareserial.o)
    0x0002145e   0x0002145e   0x0000000c   Code   RO        30900    i._ZN14HardwareSerial9availableEv  glib.lib(hardwareserial.o)
    0x0002146a   0x0002146a   0x00000006   Code   RO        30901    i._ZN14HardwareSerial9connectedEv  glib.lib(hardwareserial.o)
    0x00021470   0x00021470   0x00000034   Code   RO        30902    i._ZN14HardwareSerialC1EP9usart_devhh  glib.lib(hardwareserial.o)
    0x000214a4   0x000214a4   0x00000014   Code   RO        21660    i._ZN14MarlinSettings10size_errorEt  settings.o
    0x000214b8   0x000214b8   0x0000002c   Code   RO        21986    i._ZN14MarlinSettings11EEPROM_READEPhj  settings.o
    0x000214e4   0x000214e4   0x00000084   Code   RO        21661    i._ZN14MarlinSettings11plr_fn_saveEi  settings.o
    0x00021568   0x00021568   0x0000008c   Code   RO        21662    i._ZN14MarlinSettings11postprocessEv  settings.o
    0x000215f4   0x000215f4   0x00000038   Code   RO        21806    i._ZN14MarlinSettings12EEPROM_STARTEi  settings.o
    0x0002162c   0x0002162c   0x00000074   Code   RO        21663    i._ZN14MarlinSettings12plr_pre_saveEjssssfs  settings.o
    0x000216a0   0x000216a0   0x00000330   Code   RO        21664    i._ZN14MarlinSettings12plr_recoveryEv  settings.o
    0x000219d0   0x000219d0   0x00000018   Code   RO        21890    i._ZN14MarlinSettings16PLR_EEPROM_STARTEi  settings.o
    0x000219e8   0x000219e8   0x00000040   Code   RO        21665    i._ZN14MarlinSettings4loadEv  settings.o
    0x00021a28   0x00021a28   0x00000578   Code   RO        21666    i._ZN14MarlinSettings4saveEv  settings.o
    0x00021fa0   0x00021fa0   0x00000998   Code   RO        21667    i._ZN14MarlinSettings5_loadEv  settings.o
    0x00022938   0x00022938   0x000001d8   Code   RO        21668    i._ZN14MarlinSettings5resetEv  settings.o
    0x00022b10   0x00022b10   0x00000b00   Code   RO        21669    i._ZN14MarlinSettings6reportEb  settings.o
    0x00023610   0x00023610   0x00000006   Code   RO        21670    i._ZN14MarlinSettings8datasizeEv  settings.o
    0x00023616   0x00023616   0x00000002   PAD
    0x00023618   0x00023618   0x00000054   Code   RO        21671    i._ZN14MarlinSettings8plr_saveEjaf  settings.o
    0x0002366c   0x0002366c   0x0000001c   Code   RO        21672    i._ZN14MarlinSettings8validateEv  settings.o
    0x00023688   0x00023688   0x00000088   Code   RO        21673    i._ZN14MarlinSettings9plr_is_plEv  settings.o
    0x00023710   0x00023710   0x0000003c   Code   RO        21674    i._ZN14MarlinSettings9plr_resetEv  settings.o
    0x0002374c   0x0002374c   0x00000004   Code   RO        15564    i._ZN14serial_index_tC1Ea  queue.o
    0x00023750   0x00023750   0x000000ac   Code   RO        17406    i._ZN15PersistentStore10write_dataERiPKhjPt  eeprom_bl24cxx.o
    0x000237fc   0x000237fc   0x0000000a   Code   RO        17407    i._ZN15PersistentStore12access_startEv  eeprom_bl24cxx.o
    0x00023806   0x00023806   0x00000004   Code   RO        17408    i._ZN15PersistentStore13access_finishEv  eeprom_bl24cxx.o
    0x0002380a   0x0002380a   0x00000046   Code   RO        17410    i._ZN15PersistentStore9read_dataERiPhjPtb  eeprom_bl24cxx.o
    0x00023850   0x00023850   0x00000012   Code   RO        23585    i._ZN17DiskIODriver_SDIO10writeBlockEjPKh  cardreader.o
    0x00023862   0x00023862   0x0000000e   Code   RO        23531    i._ZN17DiskIODriver_SDIO4initEha  cardreader.o
    0x00023870   0x00023870   0x00000012   Code   RO        23579    i._ZN17DiskIODriver_SDIO9readBlockEjPh  cardreader.o
    0x00023882   0x00023882   0x00000002   PAD
    0x00023884   0x00023884   0x00000048   Code   RO         5512    i._ZN18FilamentSensorBase18poll_runout_statesEv  marlincore.o
    0x000238cc   0x000238cc   0x00000088   Code   RO         5506    i._ZN20FilamentSensorSwitch3runEv  marlincore.o
    0x00023954   0x00023954   0x0000005a   Code   RO        25263    i._ZN22_INTERNAL_5_adc_c_adc110adc_setclkEv  adc.o
    0x000239ae   0x000239ae   0x00000002   PAD
    0x000239b0   0x000239b0   0x00000010   Code   RO        25264    i._ZN22_INTERNAL_5_adc_c_adc111adc_foreachEPFvP7adc_devE  adc.o
    0x000239c0   0x000239c0   0x000000b0   Code   RO        25265    i._ZN22_INTERNAL_5_adc_c_adc114adc_SetPinModeEh11en_pin_mode  adc.o
    0x00023a70   0x00023a70   0x00000036   Code   RO        25266    i._ZN22_INTERNAL_5_adc_c_adc114adc_initconfigEP7adc_dev  adc.o
    0x00023aa6   0x00023aa6   0x00000002   PAD
    0x00023aa8   0x00023aa8   0x00000028   Code   RO        25267    i._ZN22_INTERNAL_5_adc_c_adc116adc_DMAIrqConfigEv  adc.o
    0x00023ad0   0x00023ad0   0x000000c0   Code   RO        25268    i._ZN22_INTERNAL_5_adc_c_adc117adc_DMAInitConfigEP7adc_dev  adc.o
    0x00023b90   0x00023b90   0x00000020   Code   RO        25269    i._ZN22_INTERNAL_5_adc_c_adc117adc_TriggerConfigEP7adc_devj  adc.o
    0x00023bb0   0x00023bb0   0x000000a4   Code   RO        25270    i._ZN22_INTERNAL_5_adc_c_adc118adc_DmaIrqRegisterEP17stc_irq_regi_confj  adc.o
    0x00023c54   0x00023c54   0x0000003c   Code   RO        25271    i._ZN22_INTERNAL_5_adc_c_adc118adc_channelchonfigEP7adc_dev11en_pin_mode  adc.o
    0x00023c90   0x00023c90   0x0000002e   Code   RO        25272    i._ZN22_INTERNAL_5_adc_c_adc118adc_default_configEP7adc_dev  adc.o
    0x00023cbe   0x00023cbe   0x00000002   PAD
    0x00023cc0   0x00023cc0   0x00000048   Code   RO        25273    i._ZN22_INTERNAL_5_adc_c_adc121adc_SetChannelPinModeEPK14M4_ADC_TypeDefj11en_pin_mode  adc.o
    0x00023d08   0x00023d08   0x0000000c   Code   RO         5500    i._ZN23RunoutResponseDebounced16filament_presentEh  marlincore.o
    0x00023d14   0x00023d14   0x00000020   Code   RO        31306    i._ZN24_INTERNAL_7_usart_c_dev410rb_is_fullEP11ring_buffer  glib.lib(usart.o)
    0x00023d34   0x00023d34   0x00000012   Code   RO        31307    i._ZN24_INTERNAL_7_usart_c_dev411rb_is_emptyEP11ring_buffer  glib.lib(usart.o)
    0x00023d46   0x00023d46   0x0000001a   Code   RO        31308    i._ZN24_INTERNAL_7_usart_c_dev416__NVIC_EnableIRQE4IRQn  glib.lib(usart.o)
    0x00023d60   0x00023d60   0x00000028   Code   RO        31309    i._ZN24_INTERNAL_7_usart_c_dev418__NVIC_SetPriorityE4IRQnj  glib.lib(usart.o)
    0x00023d88   0x00023d88   0x0000001c   Code   RO        31310    i._ZN24_INTERNAL_7_usart_c_dev422__NVIC_ClearPendingIRQE4IRQn  glib.lib(usart.o)
    0x00023da4   0x00023da4   0x0000000e   Code   RO        31311    i._ZN24_INTERNAL_7_usart_c_dev47rb_initEP11ring_buffertPh  glib.lib(usart.o)
    0x00023db2   0x00023db2   0x00000006   Code   RO        31312    i._ZN24_INTERNAL_7_usart_c_dev48rb_resetEP11ring_buffer  glib.lib(usart.o)
    0x00023db8   0x00023db8   0x0000001a   Code   RO        31313    i._ZN24_INTERNAL_7_usart_c_dev49rb_insertEP11ring_bufferh  glib.lib(usart.o)
    0x00023dd2   0x00023dd2   0x0000001c   Code   RO        31314    i._ZN24_INTERNAL_7_usart_c_dev49rb_removeEP11ring_buffer  glib.lib(usart.o)
    0x00023dee   0x00023dee   0x00000002   PAD
    0x00023df0   0x00023df0   0x0000002c   Code   RO        11388    i._ZN29_INTERNAL_8_M115_cpp_d86c21268cap_lineEPKcb  m115.o
    0x00023e1c   0x00023e1c   0x0000001c   Code   RO        15406    i._ZN29_INTERNAL_9_queue_cpp_G28_STR21serial_data_availableE14serial_index_t  queue.o
    0x00023e38   0x00023e38   0x000000c4   Code   RO        30875    i._ZN30_INTERNAL_11_startup_cpp_F_CPU12setup_SysClkEv  glib.lib(startup.o)
    0x00023efc   0x00023efc   0x0000006a   Code   RO        30760    i._ZN30_INTERNAL_9_sd_card_c_c2602c0a12SdCardInitSdEP13stc_sd_handle  glib.lib(sd_card.o)
    0x00023f66   0x00023f66   0x0000011c   Code   RO        30761    i._ZN30_INTERNAL_9_sd_card_c_c2602c0a13SdCardPowerONEP13stc_sd_handle  glib.lib(sd_card.o)
    0x00024082   0x00024082   0x00000002   PAD
    0x00024084   0x00024084   0x00000050   Code   RO        30762    i._ZN30_INTERNAL_9_sd_card_c_c2602c0a14SdCardInitHostEPK13stc_sd_handle  glib.lib(sd_card.o)
    0x000240d4   0x000240d4   0x00000150   Code   RO        30763    i._ZN30_INTERNAL_9_sd_card_c_c2602c0a14SdCardSetSpeedEP13stc_sd_handle  glib.lib(sd_card.o)
    0x00024224   0x00024224   0x000000d8   Code   RO        30764    i._ZN30_INTERNAL_9_sd_card_c_c2602c0a16DmaSdiocRxConfigEP14M4_DMA_TypeDef14en_dma_channelP16M4_SDIOC_TypeDefPht  glib.lib(sd_card.o)
    0x000242fc   0x000242fc   0x000000d8   Code   RO        30765    i._ZN30_INTERNAL_9_sd_card_c_c2602c0a16DmaSdiocTxConfigEP14M4_DMA_TypeDef14en_dma_channelP16M4_SDIOC_TypeDefPht  glib.lib(sd_card.o)
    0x000243d4   0x000243d4   0x00000070   Code   RO        30766    i._ZN30_INTERNAL_9_sd_card_c_c2602c0a17SdCardSetBusWidthEP13stc_sd_handle  glib.lib(sd_card.o)
    0x00024444   0x00024444   0x00000038   Code   RO        30767    i._ZN30_INTERNAL_9_sd_card_c_c2602c0a22SdCardCheckReayForDataEP13stc_sd_handlej  glib.lib(sd_card.o)
    0x0002447c   0x0002447c   0x00000054   Code   RO        31151    i._ZN33_INTERNAL_11_sdmmc_cmd_c_1dd5230f17SDMMC_GetCmdResp1EP16M4_SDIOC_TypeDefPjj  glib.lib(sdmmc_cmd.o)
    0x000244d0   0x000244d0   0x00000058   Code   RO        31152    i._ZN33_INTERNAL_11_sdmmc_cmd_c_1dd5230f17SDMMC_GetCmdResp2EP16M4_SDIOC_TypeDefPj  glib.lib(sdmmc_cmd.o)
    0x00024528   0x00024528   0x0000003c   Code   RO        31153    i._ZN33_INTERNAL_11_sdmmc_cmd_c_1dd5230f17SDMMC_GetCmdResp3EP16M4_SDIOC_TypeDefPj  glib.lib(sdmmc_cmd.o)
    0x00024564   0x00024564   0x00000050   Code   RO        31154    i._ZN33_INTERNAL_11_sdmmc_cmd_c_1dd5230f17SDMMC_GetCmdResp6EP16M4_SDIOC_TypeDefPj  glib.lib(sdmmc_cmd.o)
    0x000245b4   0x000245b4   0x0000003c   Code   RO        31155    i._ZN33_INTERNAL_11_sdmmc_cmd_c_1dd5230f17SDMMC_GetCmdResp7EP16M4_SDIOC_TypeDefPj  glib.lib(sdmmc_cmd.o)
    0x000245f0   0x000245f0   0x0000005c   Code   RO        31156    i._ZN33_INTERNAL_11_sdmmc_cmd_c_1dd5230f17SDMMC_WaitBusIdleEP16M4_SDIOC_TypeDef  glib.lib(sdmmc_cmd.o)
    0x0002464c   0x0002464c   0x000000b8   Code   RO        31158    i._ZN33_INTERNAL_11_sdmmc_cmd_c_1dd5230f18SDMMC_WaitResponseEP16M4_SDIOC_TypeDefj  glib.lib(sdmmc_cmd.o)
    0x00024704   0x00024704   0x0000005c   Code   RO        31159    i._ZN33_INTERNAL_11_sdmmc_cmd_c_1dd5230f22SDMMC_GetCardDetectionEP16M4_SDIOC_TypeDef  glib.lib(sdmmc_cmd.o)
    0x00024760   0x00024760   0x0000001a   Code   RO        30808    i._ZN34_INTERNAL_12_board_tim0_c_e2b14bb216__NVIC_EnableIRQE4IRQn  glib.lib(board_tim0.o)
    0x0002477a   0x0002477a   0x00000002   PAD
    0x0002477c   0x0002477c   0x00000028   Code   RO        30809    i._ZN34_INTERNAL_12_board_tim0_c_e2b14bb218__NVIC_SetPriorityE4IRQnj  glib.lib(board_tim0.o)
    0x000247a4   0x000247a4   0x0000001c   Code   RO        30810    i._ZN34_INTERNAL_12_board_tim0_c_e2b14bb222__NVIC_ClearPendingIRQE4IRQn  glib.lib(board_tim0.o)
    0x000247c0   0x000247c0   0x00000048   Code   RO        20172    i._ZN34_INTERNAL_12_endstops_cpp_endstops14print_es_stateEbPKc  endstops.o
    0x00024808   0x00024808   0x00000028   Code   RO        21675    i._ZN34_INTERNAL_12_settings_cpp_7a1ff5ce14config_headingEbPKcb  settings.o
    0x00024830   0x00024830   0x00000014   Code   RO        23242    i._ZN35_INTERNAL_14_cardreader_cpp_M23_STR13DIR_IS_SUBDIREPK14directoryEntry  cardreader.o
    0x00024844   0x00024844   0x00000012   Code   RO        24000    i._ZN36_INTERNAL_14_SdBaseFile_cpp_9a4d697f11DIR_IS_FILEEPK14directoryEntry  sdbasefile.o
    0x00024856   0x00024856   0x00000014   Code   RO        24001    i._ZN36_INTERNAL_14_SdBaseFile_cpp_9a4d697f13DIR_IS_SUBDIREPK14directoryEntry  sdbasefile.o
    0x0002486a   0x0002486a   0x0000000c   Code   RO        24002    i._ZN36_INTERNAL_14_SdBaseFile_cpp_9a4d697f21DIR_IS_FILE_OR_SUBDIREPK14directoryEntry  sdbasefile.o
    0x00024876   0x00024876   0x00000002   PAD
    0x00024878   0x00024878   0x00000098   Code   RO        22623    i._ZN37_INTERNAL_15_temperature_cpp_ca4fe82418print_heater_stateEff11heater_id_t  temperature.o
    0x00024910   0x00024910   0x00000090   Code   RO         3437    i._ZN38_INTERNAL_16_hc32f46x_sdioc_c_89428c0814SdiocGetClkDivEjj  hc32f46x_sdioc.o
    0x000249a0   0x000249a0   0x00000048   Code   RO         3438    i._ZN38_INTERNAL_16_hc32f46x_sdioc_c_89428c0821SdiocGetInternDataPtrEPK16M4_SDIOC_TypeDef  hc32f46x_sdioc.o
    0x000249e8   0x000249e8   0x00000034   Code   RO         4322    i._ZN38_INTERNAL_16_hc32f46x_usart_c_0262f0bf11UsartGetClkEPK16M4_USART_TypeDef  hc32f46x_usart.o
    0x00024a1c   0x00024a1c   0x00000170   Code   RO         4323    i._ZN38_INTERNAL_16_hc32f46x_usart_c_0262f0bf13SetScBaudrateEP16M4_USART_TypeDefj  hc32f46x_usart.o
    0x00024b8c   0x00024b8c   0x00000174   Code   RO         4324    i._ZN38_INTERNAL_16_hc32f46x_usart_c_0262f0bf15SetUartBaudrateEP16M4_USART_TypeDefj  hc32f46x_usart.o
    0x00024d00   0x00024d00   0x00000134   Code   RO         4325    i._ZN38_INTERNAL_16_hc32f46x_usart_c_0262f0bf18SetClkSyncBaudrateEP16M4_USART_TypeDefj  hc32f46x_usart.o
    0x00024e34   0x00024e34   0x00000068   Code   RO         3987    i._ZN39_INTERNAL_17_hc32f46x_timer0_c_4644dad510AsyncDelayEP15M4_TMR0_TypeDef15en_tim0_channel19en_functional_state  hc32f46x_timer0.o
    0x00024e9c   0x00024e9c   0x00000022   Code   RO         3988    i._ZN39_INTERNAL_17_hc32f46x_timer0_c_4644dad517TIMER0_GetClkModeEP15M4_TMR0_TypeDef15en_tim0_channel  hc32f46x_timer0.o
    0x00024ebe   0x00024ebe   0x0000003a   Code   RO        19116    i._ZN3IIC3ackEv     bl24cxx.o
    0x00024ef8   0x00024ef8   0x00000034   Code   RO        19117    i._ZN3IIC4initEv    bl24cxx.o
    0x00024f2c   0x00024f2c   0x0000003a   Code   RO        19118    i._ZN3IIC4nAckEv    bl24cxx.o
    0x00024f66   0x00024f66   0x0000003a   Code   RO        19119    i._ZN3IIC4stopEv    bl24cxx.o
    0x00024fa0   0x00024fa0   0x0000003a   Code   RO        19120    i._ZN3IIC5startEv   bl24cxx.o
    0x00024fda   0x00024fda   0x00000054   Code   RO        19121    i._ZN3IIC8wait_ackEv  bl24cxx.o
    0x0002502e   0x0002502e   0x0000005a   Code   RO        19122    i._ZN3IIC9read_byteEh  bl24cxx.o
    0x00025088   0x00025088   0x00000060   Code   RO        19123    i._ZN3IIC9send_byteEh  bl24cxx.o
    0x000250e8   0x000250e8   0x0000001e   Code   RO        30903    i._ZN40_INTERNAL_18_HardwareSerial_cpp_1ae1736c13rb_full_countEP11ring_buffer  glib.lib(hardwareserial.o)
    0x00025106   0x00025106   0x0000000c   Code   RO        30904    i._ZN40_INTERNAL_18_HardwareSerial_cpp_1ae1736c20usart_data_availableEP9usart_dev  glib.lib(hardwareserial.o)
    0x00025112   0x00025112   0x00000002   PAD
    0x00025114   0x00025114   0x0000019c   Code   RO         4564    i._ZN40_INTERNAL_18_hc32f46x_utility_c_985ce00315SetUartBaudrateEj  hc32f46x_utility.o
    0x000252b0   0x000252b0   0x000001a4   Code   RO        30946    i._ZN5Print10printFloatEdh  glib.lib(print.o)
    0x00025454   0x00025454   0x00000090   Code   RO        30947    i._ZN5Print11printNumberEyh  glib.lib(print.o)
    0x000254e4   0x000254e4   0x00000012   Code   RO        30949    i._ZN5Print5printEPKc  glib.lib(print.o)
    0x000254f6   0x000254f6   0x00000012   Code   RO        30951    i._ZN5Print5printEc  glib.lib(print.o)
    0x00025508   0x00025508   0x00000028   Code   RO        30952    i._ZN5Print5printEdi  glib.lib(print.o)
    0x00025530   0x00025530   0x00000016   Code   RO        30953    i._ZN5Print5printEhi  glib.lib(print.o)
    0x00025546   0x00025546   0x00000016   Code   RO        30954    i._ZN5Print5printEii  glib.lib(print.o)
    0x0002555c   0x0002555c   0x00000016   Code   RO        30955    i._ZN5Print5printEji  glib.lib(print.o)
    0x00025572   0x00025572   0x00000016   Code   RO        30956    i._ZN5Print5printEli  glib.lib(print.o)
    0x00025588   0x00025588   0x00000036   Code   RO        30958    i._ZN5Print5printExi  glib.lib(print.o)
    0x000255be   0x000255be   0x0000001a   Code   RO        30959    i._ZN5Print5printEyi  glib.lib(print.o)
    0x000255d8   0x000255d8   0x00000022   Code   RO        30960    i._ZN5Print5writeEPKc  glib.lib(print.o)
    0x000255fa   0x000255fa   0x00000030   Code   RO        30961    i._ZN5Print5writeEPKvj  glib.lib(print.o)
    0x0002562a   0x0002562a   0x0000001c   Code   RO        30963    i._ZN5Print7printlnEPKc  glib.lib(print.o)
    0x00025646   0x00025646   0x00000024   Code   RO        30969    i._ZN5Print7printlnEji  glib.lib(print.o)
    0x0002566a   0x0002566a   0x00000022   Code   RO        30970    i._ZN5Print7printlnEli  glib.lib(print.o)
    0x0002568c   0x0002568c   0x0000001c   Code   RO        30972    i._ZN5Print7printlnEv  glib.lib(print.o)
    0x000256a8   0x000256a8   0x00000064   Code   RO        19434    i._ZN6Nozzle18park_mode_0_heightEf  nozzle.o
    0x0002570c   0x0002570c   0x000000c4   Code   RO        19435    i._ZN6Nozzle4parkEhRK6XYZvalIfE  nozzle.o
    0x000257d0   0x000257d0   0x0000001a   Code   RO        24487    i._ZN6SdFile5writeEPKc  sdfile.o
    0x000257ea   0x000257ea   0x00000014   Code   RO        24488    i._ZN6SdFile5writeEPKvt  sdfile.o
    0x000257fe   0x000257fe   0x0000000e   Code   RO        23511    i._ZN6SdFileC1Ev    cardreader.o
    0x0002580c   0x0002580c   0x0000001c   Code   RO        23496    i._ZN6SdFileD1Ev    cardreader.o
    0x00025828   0x00025828   0x00000044   Code   RO        19125    i._ZN7BL24CXX11readOneByteEt  bl24cxx.o
    0x0002586c   0x0002586c   0x0000003c   Code   RO        19127    i._ZN7BL24CXX12writeOneByteEth  bl24cxx.o
    0x000258a8   0x000258a8   0x00000008   Code   RO        19128    i._ZN7BL24CXX4initEv  bl24cxx.o
    0x000258b0   0x000258b0   0x0000001a   Code   RO        19130    i._ZN7BL24CXX5checkEv  bl24cxx.o
    0x000258ca   0x000258ca   0x00000014   Code   RO        19132    i._ZN7BL24CXX6_checkEv  bl24cxx.o
    0x000258de   0x000258de   0x00000002   PAD
    0x000258e0   0x000258e0   0x00000070   Code   RO        21116    i._ZN7Planner10quick_stopEv  planner.o
    0x00025950   0x00025950   0x000002f8   Code   RO        21117    i._ZN7Planner11buffer_lineEfffffhf  planner.o
    0x00025c48   0x00025c48   0x0000002c   Code   RO        21118    i._ZN7Planner11recalculateEv  planner.o
    0x00025c74   0x00025c74   0x00000038   Code   RO        21119    i._ZN7Planner11synchronizeEv  planner.o
    0x00025cac   0x00025cac   0x00000058   Code   RO        21120    i._ZN7Planner12forward_passEv  planner.o
    0x00025d04   0x00025d04   0x0000007c   Code   RO        21121    i._ZN7Planner12reverse_passEv  planner.o
    0x00025d80   0x00025d80   0x00000010   Code   RO        21122    i._ZN7Planner12set_max_jerkE8AxisEnumf  planner.o
    0x00025d90   0x00025d90   0x000000bc   Code   RO        21123    i._ZN7Planner13_buffer_stepsERK7XYZEvalIiEfhf  planner.o
    0x00025e4c   0x00025e4c   0x000001d0   Code   RO        21124    i._ZN7Planner13autotemp_taskEv  planner.o
    0x0002601c   0x0002601c   0x000000c8   Code   RO        21125    i._ZN7Planner14buffer_segmentEfffffhf  planner.o
    0x000260e4   0x000260e4   0x00000e84   Code   RO        21126    i._ZN7Planner15_populate_blockEP7block_tbRK7XYZEvalIiEfhf  planner.o
    0x00026f68   0x00026f68   0x00000058   Code   RO        21128    i._ZN7Planner15set_position_mmEffff  planner.o
    0x00026fc0   0x00026fc0   0x00000080   Code   RO        21129    i._ZN7Planner15sync_fan_speedsERA5_h  planner.o
    0x00027040   0x00027040   0x0000000a   Code   RO        21428    i._ZN7Planner16next_block_indexEh  planner.o
    0x0002704a   0x0002704a   0x0000000a   Code   RO        21434    i._ZN7Planner16prev_block_indexEh  planner.o
    0x00027054   0x00027054   0x00000010   Code   RO        21130    i._ZN7Planner16set_max_feedrateEhf  planner.o
    0x00027064   0x00027064   0x000000ac   Code   RO        21131    i._ZN7Planner17buffer_sync_blockEh  planner.o
    0x00027110   0x00027110   0x0000000c   Code   RO        21132    i._ZN7Planner17endstop_triggeredE8AxisEnum  planner.o
    0x0002711c   0x0002711c   0x0000009c   Code   RO        21133    i._ZN7Planner17get_current_blockEv  planner.o
    0x000271b8   0x000271b8   0x00000064   Code   RO        21134    i._ZN7Planner17set_e_position_mmEf  planner.o
    0x0002721c   0x0002721c   0x0000006c   Code   RO        21135    i._ZN7Planner18autotemp_M104_M109Ev  planner.o
    0x00027288   0x00027288   0x0000003c   Code   RO        21136    i._ZN7Planner18finish_and_disableEv  planner.o
    0x000272c4   0x000272c4   0x00000024   Code   RO        21137    i._ZN7Planner19check_axes_activityEv  planner.o
    0x000272e8   0x000272e8   0x000000a4   Code   RO        21138    i._ZN7Planner19forward_pass_kernelEPK7block_tPS0_h  planner.o
    0x0002738c   0x0002738c   0x00000068   Code   RO        21139    i._ZN7Planner19refresh_positioningEv  planner.o
    0x000273f4   0x000273f4   0x000000b0   Code   RO        21140    i._ZN7Planner19reverse_pass_kernelEP7block_tPKS0_  planner.o
    0x000274a4   0x000274a4   0x00000034   Code   RO        21141    i._ZN7Planner20get_axis_position_mmE8AxisEnum  planner.o
    0x000274d8   0x000274d8   0x00000028   Code   RO        21142    i._ZN7Planner20set_max_accelerationEhf  planner.o
    0x00027500   0x00027500   0x00000028   Code   RO        21143    i._ZN7Planner21triggered_position_mmE8AxisEnum  planner.o
    0x00027528   0x00027528   0x00000154   Code   RO        21144    i._ZN7Planner22recalculate_trapezoidsEv  planner.o
    0x0002767c   0x0002767c   0x00000016   Code   RO        21440    i._ZN7Planner23max_allowable_speed_sqrEfff  planner.o
    0x00027692   0x00027692   0x00000002   PAD
    0x00027694   0x00027694   0x000000c0   Code   RO        21145    i._ZN7Planner23set_machine_position_mmEffff  planner.o
    0x00027754   0x00027754   0x00000068   Code   RO        21146    i._ZN7Planner24reset_acceleration_ratesEv  planner.o
    0x000277bc   0x000277bc   0x00000188   Code   RO        21147    i._ZN7Planner29calculate_trapezoid_for_blockEP7block_tff  planner.o
    0x00027944   0x00027944   0x00000034   Code   RO        21422    i._ZN7Planner30estimate_acceleration_distanceEfff  planner.o
    0x00027978   0x00027978   0x000000a4   Code   RO        21148    i._ZN7Planner32calculate_volumetric_multipliersEv  planner.o
    0x00027a1c   0x00027a1c   0x00000074   Code   RO        21149    i._ZN7Planner4initEv  planner.o
    0x00027a90   0x00027a90   0x0000000e   Code   RO        21150    i._ZN7PlannerC1Ev   planner.o
    0x00027a9e   0x00027a9e   0x00000018   Code   RO        22843    i._ZN7SoftPWM3addEhh  temperature.o
    0x00027ab6   0x00027ab6   0x00000002   PAD
    0x00027ab8   0x00027ab8   0x00000220   Code   RO        22308    i._ZN7Stepper11do_babystepE8AxisEnumb  stepper.o
    0x00027cd8   0x00027cd8   0x00000038   Code   RO        22309    i._ZN7Stepper12set_positionERKiS1_S1_S1_  stepper.o
    0x00027d10   0x00027d10   0x00000020   Code   RO        22310    i._ZN7Stepper13_set_positionERKiS1_S1_S1_  stepper.o
    0x00027d30   0x00027d30   0x00000018   Code   RO        22311    i._ZN7Stepper13is_block_busyEPK7block_t  stepper.o
    0x00027d48   0x00027d48   0x00000014   Code   RO        22479    i._ZN7Stepper14set_directionsEh  stepper.o
    0x00027d5c   0x00027d5c   0x0000021c   Code   RO        22312    i._ZN7Stepper14set_directionsEv  stepper.o
    0x00027f78   0x00027f78   0x0000000a   Code   RO        22313    i._ZN7Stepper15AWAIT_LOW_PULSEEv  stepper.o
    0x00027f82   0x00027f82   0x00000002   PAD
    0x00027f84   0x00027f84   0x00000de0   Code   RO        22314    i._ZN7Stepper15block_phase_isrEv  stepper.o
    0x00028d64   0x00028d64   0x00000680   Code   RO        22315    i._ZN7Stepper15pulse_phase_isrEv  stepper.o
    0x000293e4   0x000293e4   0x0000000a   Code   RO        22316    i._ZN7Stepper16AWAIT_HIGH_PULSEEv  stepper.o
    0x000293ee   0x000293ee   0x00000002   PAD
    0x000293f0   0x000293f0   0x00000020   Code   RO        22317    i._ZN7Stepper16report_positionsEv  stepper.o
    0x00029410   0x00029410   0x000000d0   Code   RO        22318    i._ZN7Stepper17AWAIT_TIMED_PULSEEh  stepper.o
    0x000294e0   0x000294e0   0x00000040   Code   RO        22319    i._ZN7Stepper17endstop_triggeredE8AxisEnum  stepper.o
    0x00029520   0x00029520   0x00000050   Code   RO        22320    i._ZN7Stepper17report_a_positionERK6XYZvalIiE  stepper.o
    0x00029570   0x00029570   0x0000001c   Code   RO        22321    i._ZN7Stepper17set_axis_positionE8AxisEnumRKi  stepper.o
    0x0002958c   0x0002958c   0x00000014   Code   RO        22322    i._ZN7Stepper18triggered_positionE8AxisEnum  stepper.o
    0x000295a0   0x000295a0   0x00000098   Code   RO        22323    i._ZN7Stepper3isrEv  stepper.o
    0x00029638   0x00029638   0x00000258   Code   RO        22324    i._ZN7Stepper4initEv  stepper.o
    0x00029890   0x00029890   0x00000018   Code   RO        22473    i._ZN7Stepper7suspendEv  stepper.o
    0x000298a8   0x000298a8   0x00000014   Code   RO        22325    i._ZN7Stepper8positionE8AxisEnum  stepper.o
    0x000298bc   0x000298bc   0x00000034   Code   RO         6809    i._ZN8Babystep6add_mmE8AxisEnumf  babystep.o
    0x000298f0   0x000298f0   0x00000058   Code   RO         6810    i._ZN8Babystep9add_stepsE8AxisEnums  babystep.o
    0x00029948   0x00029948   0x00000044   Code   RO         6811    i._ZN8Babystep9step_axisE8AxisEnum  babystep.o
    0x0002998c   0x0002998c   0x00000014   Code   RO        20176    i._ZN8Endstops10not_homingEv  endstops.o
    0x000299a0   0x000299a0   0x000000d8   Code   RO        20177    i._ZN8Endstops13event_handlerEv  endstops.o
    0x00029a78   0x00029a78   0x000000f4   Code   RO        20178    i._ZN8Endstops13report_statesEv  endstops.o
    0x00029b6c   0x00029b6c   0x0000001c   Code   RO        20179    i._ZN8Endstops15enable_globallyEb  endstops.o
    0x00029b88   0x00029b88   0x0000002c   Code   RO        20180    i._ZN8Endstops20validate_homing_moveEv  endstops.o
    0x00029bb4   0x00029bb4   0x00000032   Code   RO        20181    i._ZN8Endstops4initEv  endstops.o
    0x00029be6   0x00029be6   0x00000008   Code   RO        20182    i._ZN8Endstops4pollEv  endstops.o
    0x00029bee   0x00029bee   0x00000002   PAD
    0x00029bf0   0x00029bf0   0x00000014   Code   RO        20183    i._ZN8Endstops6enableEb  endstops.o
    0x00029c04   0x00029c04   0x00000028   Code   RO        20184    i._ZN8Endstops6resyncEv  endstops.o
    0x00029c2c   0x00029c2c   0x00000260   Code   RO        20185    i._ZN8Endstops6updateEv  endstops.o
    0x00029e8c   0x00029e8c   0x00000068   Code   RO        24577    i._ZN8SdVolume10cacheFlushEv  sdvolume.o
    0x00029ef4   0x00029ef4   0x00000020   Code   RO        24318    i._ZN8SdVolume10writeBlockEjPKh  sdbasefile.o
    0x00029f14   0x00029f14   0x00000050   Code   RO        24578    i._ZN8SdVolume13cacheRawBlockEjb  sdvolume.o
    0x00029f64   0x00029f64   0x000000c6   Code   RO        24579    i._ZN8SdVolume15allocContiguousEjPj  sdvolume.o
    0x0002a02a   0x0002a02a   0x00000002   PAD
    0x0002a02c   0x0002a02c   0x00000014   Code   RO        24312    i._ZN8SdVolume19cacheSetBlockNumberEjb  sdbasefile.o
    0x0002a040   0x0002a040   0x0000016c   Code   RO        24581    i._ZN8SdVolume4initEP12DiskIODriverh  sdvolume.o
    0x0002a1ac   0x0002a1ac   0x00000080   Code   RO        24582    i._ZN8SdVolume6fatGetEjPj  sdvolume.o
    0x0002a22c   0x0002a22c   0x00000088   Code   RO        24583    i._ZN8SdVolume6fatPutEjj  sdvolume.o
    0x0002a2b4   0x0002a2b4   0x00000036   Code   RO        24584    i._ZN8SdVolume9chainSizeEjPj  sdvolume.o
    0x0002a2ea   0x0002a2ea   0x0000003e   Code   RO        24585    i._ZN8SdVolume9freeChainEj  sdvolume.o
    0x0002a328   0x0002a328   0x00000006   Code   RO        22875    i._ZN8TempInfo5resetEv  temperature.o
    0x0002a32e   0x0002a32e   0x00000008   Code   RO        22863    i._ZN8TempInfo6sampleEt  temperature.o
    0x0002a336   0x0002a336   0x00000008   Code   RO        22881    i._ZN8TempInfo6updateEv  temperature.o
    0x0002a33e   0x0002a33e   0x00000002   PAD
    0x0002a340   0x0002a340   0x00000050   Code   RO        19819    i._ZN9Stopwatch4stopEv  stopwatch.o
    0x0002a390   0x0002a390   0x0000003c   Code   RO        19820    i._ZN9Stopwatch5pauseEv  stopwatch.o
    0x0002a3cc   0x0002a3cc   0x00000030   Code   RO        19821    i._ZN9Stopwatch5resetEv  stopwatch.o
    0x0002a3fc   0x0002a3fc   0x00000060   Code   RO        19822    i._ZN9Stopwatch5startEv  stopwatch.o
    0x0002a45c   0x0002a45c   0x00000044   Code   RO        19824    i._ZN9Stopwatch8durationEv  stopwatch.o
    0x0002a4a0   0x0002a4a0   0x00000014   Code   RO        15582    i._ZNK10GCodeQueue10RingBuffer4fullEh  queue.o
    0x0002a4b4   0x0002a4b4   0x0000000e   Code   RO        15570    i._ZNK10GCodeQueue10RingBuffer8occupiedEv  queue.o
    0x0002a4c2   0x0002a4c2   0x00000010   Code   RO        24331    i._ZNK10SdBaseFile5isDirEv  sdbasefile.o
    0x0002a4d2   0x0002a4d2   0x0000000e   Code   RO        24349    i._ZNK10SdBaseFile6isFileEv  sdbasefile.o
    0x0002a4e0   0x0002a4e0   0x0000000e   Code   RO        23499    i._ZNK10SdBaseFile6isOpenEv  cardreader.o
    0x0002a4ee   0x0002a4ee   0x00000016   Code   RO        24355    i._ZNK10SdBaseFile6isRootEv  sdbasefile.o
    0x0002a504   0x0002a504   0x00000014   Code   RO        13622    i._ZNK10duration_t3dayEv  m31.o
    0x0002a518   0x0002a518   0x00000012   Code   RO        13616    i._ZNK10duration_t4hourEv  m31.o
    0x0002a52a   0x0002a52a   0x0000000e   Code   RO        13610    i._ZNK10duration_t6minuteEv  m31.o
    0x0002a538   0x0002a538   0x000000d4   Code   RO        13604    i._ZNK10duration_t8toStringEPc  m31.o
    0x0002a60c   0x0002a60c   0x0000000e   Code   RO        24294    i._ZNK8SdVolume14blockOfClusterEj  sdbasefile.o
    0x0002a61a   0x0002a61a   0x00000002   PAD
    0x0002a61c   0x0002a61c   0x0000000c   Code   RO        24306    i._ZNK8SdVolume16cacheBlockNumberEv  sdbasefile.o
    0x0002a628   0x0002a628   0x0000000e   Code   RO        24300    i._ZNK8SdVolume17clusterStartBlockEj  sdbasefile.o
    0x0002a636   0x0002a636   0x00000002   PAD
    0x0002a638   0x0002a638   0x0000002c   Code   RO        24288    i._ZNK8SdVolume5isEOCEj  sdbasefile.o
    0x0002a664   0x0002a664   0x00000018   Code   RO        21812    i._ZSt5isnanf       settings.o
    0x0002a67c   0x0002a67c   0x00000010   Code   RO        15346    i._ZSt6strchrPci    parser.o
    0x0002a68c   0x0002a68c   0x0000005c   Code   RO        23246    i._ZZN10CardReader14getAbsFilenameEPcENKUlR6SdFileE_clES2_  cardreader.o
    0x0002a6e8   0x0002a6e8   0x00000020   Code   RO        31940    i.__0printf         mc_w.l(printfa.o)
    0x0002a708   0x0002a708   0x00000028   Code   RO        31942    i.__0sprintf        mc_w.l(printfa.o)
    0x0002a730   0x0002a730   0x00000026   Code   RO        32067    i.__ARM_fpclassifyf  m_wm.l(fpclassifyf.o)
    0x0002a756   0x0002a756   0x00000002   PAD
    0x0002a758   0x0002a758   0x00000008   Code   RO        32140    i.__aeabi_errno_addr  mc_w.l(errno.o)
    0x0002a760   0x0002a760   0x00000024   Code   RO        31502    i.__aeabi_vec_ctor_nocookie_nodtor  cpprt_w.l(aeabi_vec_ctor_nocookie_nodtor.o)
    0x0002a784   0x0002a784   0x00000010   Code   RO        31390    i.__cxa_guard_acquire  cpprt_w.l(cxa_guard_acquire.o)
    0x0002a794   0x0002a794   0x00000004   Code   RO        31071    i.__cxa_pure_virtual  glib.lib(cxxabi-compat.o)
    0x0002a798   0x0002a798   0x000000f8   Code   RO        32187    i.__hardfp___mathlib_tofloat  m_wm.l(narrow.o)
    0x0002a890   0x0002a890   0x000002ac   Code   RO        31508    i.__hardfp_atan2f   m_wm.l(atan2f.o)
    0x0002ab3c   0x0002ab3c   0x0000006c   Code   RO        31520    i.__hardfp_ceilf    m_wm.l(ceilf.o)
    0x0002aba8   0x0002aba8   0x00000150   Code   RO        31526    i.__hardfp_cosf     m_wm.l(cosf.o)
    0x0002acf8   0x0002acf8   0x00000070   Code   RO        31558    i.__hardfp_floorf   m_wm.l(floorf.o)
    0x0002ad68   0x0002ad68   0x000000c2   Code   RO        31660    i.__hardfp_lroundf  m_wm.l(lroundf.o)
    0x0002ae2a   0x0002ae2a   0x00000002   PAD
    0x0002ae2c   0x0002ae2c   0x00000190   Code   RO        31606    i.__hardfp_sinf     m_wm.l(sinf.o)
    0x0002afbc   0x0002afbc   0x0000003a   Code   RO        31630    i.__hardfp_sqrtf    m_wm.l(sqrtf.o)
    0x0002aff6   0x0002aff6   0x00000002   PAD
    0x0002aff8   0x0002aff8   0x00000020   Code   RO        31642    i.__hardfp_strtof   m_wm.l(strtof.o)
    0x0002b018   0x0002b018   0x00000006   Code   RO        32070    i.__mathlib_flt_infnan  m_wm.l(funder.o)
    0x0002b01e   0x0002b01e   0x00000006   Code   RO        32071    i.__mathlib_flt_infnan2  m_wm.l(funder.o)
    0x0002b024   0x0002b024   0x00000010   Code   RO        32072    i.__mathlib_flt_invalid  m_wm.l(funder.o)
    0x0002b034   0x0002b034   0x00000010   Code   RO        32075    i.__mathlib_flt_underflow  m_wm.l(funder.o)
    0x0002b044   0x0002b044   0x00000012   Code   RO        32188    i.__mathlib_narrow  m_wm.l(narrow.o)
    0x0002b056   0x0002b056   0x00000002   PAD
    0x0002b058   0x0002b058   0x00000154   Code   RO        32086    i.__mathlib_rredf2  m_wm.l(rredf.o)
    0x0002b1ac   0x0002b1ac   0x0000000e   Code   RO        32523    i.__scatterload_copy  mc_w.l(handlers.o)
    0x0002b1ba   0x0002b1ba   0x00000002   Code   RO        32524    i.__scatterload_null  mc_w.l(handlers.o)
    0x0002b1bc   0x0002b1bc   0x0000000e   Code   RO        32525    i.__scatterload_zeroinit  mc_w.l(handlers.o)
    0x0002b1ca   0x0002b1ca   0x00000002   PAD
    0x0002b1cc   0x0002b1cc   0x0000000c   Code   RO        32142    i.__set_errno       mc_w.l(errno.o)
    0x0002b1d8   0x0002b1d8   0x00000018   Code   RO        20543    i.__sti___10_motion_cpp_db549edf  motion.o
    0x0002b1f0   0x0002b1f0   0x00000030   Code   RO        21151    i.__sti___11_planner_cpp_planner  planner.o
    0x0002b220   0x0002b220   0x00000048   Code   RO         5083    i.__sti___12_board_gpio_c_PIN_MAP  board_gpio.o
    0x0002b268   0x0002b268   0x0000000c   Code   RO        20186    i.__sti___12_endstops_cpp_endstops  endstops.o
    0x0002b274   0x0002b274   0x00000010   Code   RO         5289    i.__sti___14_MarlinCore_cpp_card  marlincore.o
    0x0002b284   0x0002b284   0x0000008c   Code   RO        23247    i.__sti___14_cardreader_cpp_M23_STR  cardreader.o
    0x0002b310   0x0002b310   0x0000003c   Code   RO        22627    i.__sti___15_temperature_cpp_ca4fe824  temperature.o
    0x0002b34c   0x0002b34c   0x00000184   Code   RO        31947    i._fp_digits        mc_w.l(printfa.o)
    0x0002b4d0   0x0002b4d0   0x0000000e   Code   RO        32483    i._is_digit         mc_w.l(scanf_fp.o)
    0x0002b4de   0x0002b4de   0x00000002   PAD
    0x0002b4e0   0x0002b4e0   0x000006b4   Code   RO        31948    i._printf_core      mc_w.l(printfa.o)
    0x0002bb94   0x0002bb94   0x00000024   Code   RO        31949    i._printf_post_padding  mc_w.l(printfa.o)
    0x0002bbb8   0x0002bbb8   0x0000002e   Code   RO        31950    i._printf_pre_padding  mc_w.l(printfa.o)
    0x0002bbe6   0x0002bbe6   0x0000000a   Code   RO        31952    i._sputc            mc_w.l(printfa.o)
    0x0002bbf0   0x0002bbf0   0x00000054   Code   RO        25275    i.adc_read          adc.o
    0x0002bc44   0x0002bc44   0x00000044   Code   RO        31053    i.dtostrf           glib.lib(dtostrf.o)
    0x0002bc88   0x0002bc88   0x00000088   Code   RO         1921    i.enIrqRegistration  hc32f46x_interrupts.o
    0x0002bd10   0x0002bd10   0x00000024   Code   RO         1924    i.enShareIrqEnable  hc32f46x_interrupts.o
    0x0002bd34   0x0002bd34   0x00000010   Code   RO         4565    i.fputc             hc32f46x_utility.o
    0x0002bd44   0x0002bd44   0x00000050   Code   RO        31968    i.free              mc_w.l(malloc.o)
    0x0002bd94   0x0002bd94   0x00000004   PAD
    0x0002bd98   0x0002bd98   0x0000008c   Code   RO        32475    i.frexp             m_wm.l(frexp.o)
    0x0002be24   0x0002be24   0x00000040   Code   RO        30876    i.init              glib.lib(startup.o)
    0x0002be64   0x0002be64   0x00000012   Code   RO        32451    i.isspace           glib.lib(wstring.o)
    0x0002be76   0x0002be76   0x00000008   Code   RO        31077    i.iwdg_feed         glib.lib(iwdg.o)
    0x0002be7e   0x0002be7e   0x0000003c   Code   RO        31078    i.iwdg_init         glib.lib(iwdg.o)
    0x0002beba   0x0002beba   0x00000002   PAD
    0x0002bebc   0x0002bebc   0x00000050   Code   RO         5290    i.loop              marlincore.o
    0x0002bf0c   0x0002bf0c   0x0000000c   Code   RO         4688    i.main              main.o
    0x0002bf18   0x0002bf18   0x0000006c   Code   RO        31969    i.malloc            mc_w.l(malloc.o)
    0x0002bf84   0x0002bf84   0x0000000c   Code   RO        30814    i.millis            glib.lib(board_tim0.o)
    0x0002bf90   0x0002bf90   0x0000051c   Code   RO         5291    i.setup             marlincore.o
    0x0002c4ac   0x0002c4ac   0x00000002   Code   RO        31250    i.setup_Extinterrupt  glib.lib(board_extint.o)
    0x0002c4ae   0x0002c4ae   0x00000002   PAD
    0x0002c4b0   0x0002c4b0   0x00000014   Code   RO        25276    i.setup_adcs        adc.o
    0x0002c4c4   0x0002c4c4   0x00000022   Code   RO         5084    i.setup_gpio        board_gpio.o
    0x0002c4e6   0x0002c4e6   0x0000004a   Code   RO        30815    i.setup_systick     glib.lib(board_tim0.o)
    0x0002c530   0x0002c530   0x00000002   Code   RO        30816    i.setup_time        glib.lib(board_tim0.o)
    0x0002c532   0x0002c532   0x00000002   PAD
    0x0002c534   0x0002c534   0x00000090   Code   RO        30817    i.setup_time2A      glib.lib(board_tim0.o)
    0x0002c5c4   0x0002c5c4   0x0000008c   Code   RO        30818    i.setup_time2B      glib.lib(board_tim0.o)
    0x0002c650   0x0002c650   0x0000002c   Code   RO        25133    i.steup_sdio        sdio_f1.o
    0x0002c67c   0x0002c67c   0x00000020   Code   RO        30819    i.timer_disable_irq  glib.lib(board_tim0.o)
    0x0002c69c   0x0002c69c   0x00000020   Code   RO        30820    i.timer_enable_irq  glib.lib(board_tim0.o)
    0x0002c6bc   0x0002c6bc   0x00000020   Code   RO        30821    i.timer_get_count   glib.lib(board_tim0.o)
    0x0002c6dc   0x0002c6dc   0x0000001e   Code   RO        30822    i.timer_irq_enabled  glib.lib(board_tim0.o)
    0x0002c6fa   0x0002c6fa   0x0000001c   Code   RO        30823    i.timer_preset_compare  glib.lib(board_tim0.o)
    0x0002c716   0x0002c716   0x00000002   PAD
    0x0002c718   0x0002c718   0x0000002c   Code   RO        30824    i.timer_set_compare  glib.lib(board_tim0.o)
    0x0002c744   0x0002c744   0x0000002c   Code   RO        31315    i.usart_disable     glib.lib(usart.o)
    0x0002c770   0x0002c770   0x000002ac   Code   RO        31316    i.usart_enable      glib.lib(usart.o)
    0x0002ca1c   0x0002ca1c   0x00000032   Code   RO        31317    i.usart_init        glib.lib(usart.o)
    0x0002ca4e   0x0002ca4e   0x00000010   Code   RO        31320    i.usart_set_baud_rate  glib.lib(usart.o)
    0x0002ca5e   0x0002ca5e   0x00000002   PAD
    0x0002ca60   0x0002ca60   0x0000008c   Code   RO        31321    i.usart_tx          glib.lib(usart.o)
    0x0002caec   0x0002caec   0x00000002   Code   RO        31061    i.yield             glib.lib(wirish_time.o)
    0x0002caee   0x0002caee   0x00000002   PAD
    0x0002caf0   0x0002caf0   0x0000001c   Code   RO         8130    t._Z11SERIAL_CHARIJiEEvcDpT_  m221.o
    0x0002cb0c   0x0002cb0c   0x00000014   Code   RO        22836    t._Z11SERIAL_ECHOI11heater_id_tEvT_  temperature.o
    0x0002cb20   0x0002cb20   0x00000014   Code   RO         6219    t._Z11SERIAL_ECHOIPKcEvT_  serial.o
    0x0002cb34   0x0002cb34   0x00000014   Code   RO        22849    t._Z11SERIAL_ECHOIPcEvT_  temperature.o
    0x0002cb48   0x0002cb48   0x00000030   Code   RO         6240    t._Z11SERIAL_ECHOIfEvT_  serial.o
    0x0002cb78   0x0002cb78   0x00000014   Code   RO         6254    t._Z11SERIAL_ECHOIhEvT_  serial.o
    0x0002cb8c   0x0002cb8c   0x00000014   Code   RO         5469    t._Z11SERIAL_ECHOIiEvT_  marlincore.o
    0x0002cba0   0x0002cba0   0x00000014   Code   RO         6261    t._Z11SERIAL_ECHOIjEvT_  serial.o
    0x0002cbb4   0x0002cbb4   0x00000014   Code   RO         6233    t._Z11SERIAL_ECHOIlEvT_  serial.o
    0x0002cbc8   0x0002cbc8   0x00000014   Code   RO        22856    t._Z11SERIAL_ECHOIsEvT_  temperature.o
    0x0002cbdc   0x0002cbdc   0x00000014   Code   RO        15041    t._Z11SERIAL_ECHOItEvT_  gcode.o
    0x0002cbf0   0x0002cbf0   0x00000014   Code   RO        15048    t._Z13SERIAL_ECHOLNIPKcEvT_  gcode.o
    0x0002cc04   0x0002cc04   0x00000014   Code   RO        11490    t._Z13SERIAL_ECHOLNIPcEvT_  m118.o
    0x0002cc18   0x0002cc18   0x00000014   Code   RO        23489    t._Z13SERIAL_ECHOLNIjEvT_  cardreader.o
    0x0002cc2c   0x0002cc2c   0x00000014   Code   RO        15525    t._Z13SERIAL_ECHOLNIlEvT_  queue.o
    0x0002cc40   0x0002cc40   0x00000028   Code   RO        21956    t._ZN14MarlinSettings11EEPROM_READI5PID_tEEvRT_  settings.o
    0x0002cc68   0x0002cc68   0x00000028   Code   RO        21968    t._ZN14MarlinSettings11EEPROM_READI5XYvalIfEEEvRT_  settings.o
    0x0002cc90   0x0002cc90   0x00000028   Code   RO        21980    t._ZN14MarlinSettings11EEPROM_READI6XYZvalIfEEEvRT_  settings.o
    0x0002ccb8   0x0002ccb8   0x00000028   Code   RO        21926    t._ZN14MarlinSettings11EEPROM_READIA20_cEEvRT_  settings.o
    0x0002cce0   0x0002cce0   0x00000028   Code   RO        21962    t._ZN14MarlinSettings11EEPROM_READIaEEvRT_  settings.o
    0x0002cd08   0x0002cd08   0x00000028   Code   RO        21944    t._ZN14MarlinSettings11EEPROM_READIbEEvRT_  settings.o
    0x0002cd30   0x0002cd30   0x00000028   Code   RO        21938    t._ZN14MarlinSettings11EEPROM_READIfEEvRT_  settings.o
    0x0002cd58   0x0002cd58   0x00000028   Code   RO        21932    t._ZN14MarlinSettings11EEPROM_READIhEEvRT_  settings.o
    0x0002cd80   0x0002cd80   0x00000028   Code   RO        21950    t._ZN14MarlinSettings11EEPROM_READIsEEvRT_  settings.o
    0x0002cda8   0x0002cda8   0x00000028   Code   RO        21920    t._ZN14MarlinSettings11EEPROM_READItEEvRT_  settings.o
    0x0002cdd0   0x0002cdd0   0x0000001c   Code   RO        21878    t._ZN14MarlinSettings12EEPROM_WRITEI5PID_tEEvRKT_  settings.o
    0x0002cdec   0x0002cdec   0x0000001c   Code   RO        21884    t._ZN14MarlinSettings12EEPROM_WRITEI5XYvalIfEEEvRKT_  settings.o
    0x0002ce08   0x0002ce08   0x0000001c   Code   RO        21866    t._ZN14MarlinSettings12EEPROM_WRITEI6XYZvalIfEEEvRKT_  settings.o
    0x0002ce24   0x0002ce24   0x0000001c   Code   RO        21836    t._ZN14MarlinSettings12EEPROM_WRITEIA20_cEEvRKT_  settings.o
    0x0002ce40   0x0002ce40   0x0000001c   Code   RO        21830    t._ZN14MarlinSettings12EEPROM_WRITEIA4_cEEvRKT_  settings.o
    0x0002ce5c   0x0002ce5c   0x0000001c   Code   RO        21854    t._ZN14MarlinSettings12EEPROM_WRITEIaEEvRKT_  settings.o
    0x0002ce78   0x0002ce78   0x0000001c   Code   RO        21872    t._ZN14MarlinSettings12EEPROM_WRITEIbEEvRKT_  settings.o
    0x0002ce94   0x0002ce94   0x0000001c   Code   RO        21860    t._ZN14MarlinSettings12EEPROM_WRITEIfEEvRKT_  settings.o
    0x0002ceb0   0x0002ceb0   0x0000001c   Code   RO        21842    t._ZN14MarlinSettings12EEPROM_WRITEIhEEvRKT_  settings.o
    0x0002cecc   0x0002cecc   0x0000001c   Code   RO        21848    t._ZN14MarlinSettings12EEPROM_WRITEIsEEvRKT_  settings.o
    0x0002cee8   0x0002cee8   0x0000001c   Code   RO        21824    t._ZN14MarlinSettings12EEPROM_WRITEItEEvRKT_  settings.o
    0x0002cf04   0x0002cf04   0x00000028   Code   RO        21908    t._ZN14MarlinSettings15PLR_EEPROM_READIjEEvRT_  settings.o
    0x0002cf2c   0x0002cf2c   0x00000028   Code   RO        21914    t._ZN14MarlinSettings15PLR_EEPROM_READIsEEvRT_  settings.o
    0x0002cf54   0x0002cf54   0x0000001c   Code   RO        21902    t._ZN14MarlinSettings16PLR_EEPROM_WRITEIcEEvRKT_  settings.o
    0x0002cf70   0x0002cf70   0x0000001c   Code   RO        21896    t._ZN14MarlinSettings16PLR_EEPROM_WRITEIsEEvRKT_  settings.o
    0x0002cf8c   0x0002cf8c   0x00000020   Code   RO        21974    t._ZN14MarlinSettings18EEPROM_READ_ALWAYSIhEEvRT_  settings.o
    0x0002cfac   0x0002cfac   0x000000e8   Code   RO         5476    t._ZN16TFilamentMonitorI23RunoutResponseDebounced20FilamentSensorSwitchE3runEv  marlincore.o
    0x0002d094   0x0002d094   0x0000002c   Code   RO        21800    t._ZN16TFilamentMonitorI23RunoutResponseDebounced20FilamentSensorSwitchE5resetEv  settings.o
    0x0002d0c0   0x0002d0c0   0x0000001a   Code   RO        12075    t._ZN30_INTERNAL_9_G2_G3_cpp_e4fdbed73ABSIfEEKT_S1_  g2_g3.o
    0x0002d0da   0x0002d0da   0x0000001a   Code   RO        20544    t._ZN32_INTERNAL_10_motion_cpp_db549edf3ABSIfEEKT_S1_  motion.o
    0x0002d0f4   0x0002d0f4   0x00000014   Code   RO        20545    t._ZN32_INTERNAL_10_motion_cpp_db549edf6NOLESSIffEEvRT_T0_  motion.o
    0x0002d108   0x0002d108   0x00000014   Code   RO        20546    t._ZN32_INTERNAL_10_motion_cpp_db549edf6NOMOREIffEEvRT_T0_  motion.o
    0x0002d11c   0x0002d11c   0x0000001a   Code   RO        21152    t._ZN32_INTERNAL_11_planner_cpp_planner3ABSIfEEKT_S1_  planner.o
    0x0002d136   0x0002d136   0x0000000e   Code   RO        21153    t._ZN32_INTERNAL_11_planner_cpp_planner3ABSIiEEKT_S1_  planner.o
    0x0002d144   0x0002d144   0x0000001a   Code   RO        21154    t._ZN32_INTERNAL_11_planner_cpp_planner4_MAXIffEEDTplfpK_fpK0_ET_T0_  planner.o
    0x0002d15e   0x0002d15e   0x0000000e   Code   RO        21155    t._ZN32_INTERNAL_11_planner_cpp_planner4_MAXIjjEEDTplfpK_fpK0_ET_T0_  planner.o
    0x0002d16c   0x0002d16c   0x0000001a   Code   RO        21156    t._ZN32_INTERNAL_11_planner_cpp_planner4_MINIffEEDTplfpK_fpK0_ET_T0_  planner.o
    0x0002d186   0x0002d186   0x00000014   Code   RO        21157    t._ZN32_INTERNAL_11_planner_cpp_planner6NOLESSIffEEvRT_T0_  planner.o
    0x0002d19a   0x0002d19a   0x0000000a   Code   RO        21158    t._ZN32_INTERNAL_11_planner_cpp_planner6NOLESSIjjEEvRT_T0_  planner.o
    0x0002d1a4   0x0002d1a4   0x00000014   Code   RO        21159    t._ZN32_INTERNAL_11_planner_cpp_planner6NOMOREIffEEvRT_T0_  planner.o
    0x0002d1b8   0x0002d1b8   0x0000001c   Code   RO        21160    t._ZN32_INTERNAL_11_planner_cpp_planner6NOMOREIjfEEvRT_T0_  planner.o
    0x0002d1d4   0x0002d1d4   0x0000000a   Code   RO        21161    t._ZN32_INTERNAL_11_planner_cpp_planner6NOMOREIjjEEvRT_T0_  planner.o
    0x0002d1de   0x0002d1de   0x0000000e   Code   RO        22326    t._ZN33_INTERNAL_11_stepper_cpp_209733ab4_MAXIjmEEDTplfpK_fpK0_ET_T0_  stepper.o
    0x0002d1ec   0x0002d1ec   0x0000000e   Code   RO        22327    t._ZN33_INTERNAL_11_stepper_cpp_209733ab4_MAXImmEEDTplfpK_fpK0_ET_T0_  stepper.o
    0x0002d1fa   0x0002d1fa   0x0000000e   Code   RO        22328    t._ZN33_INTERNAL_11_stepper_cpp_209733ab4_MINIjmEEDTplfpK_fpK0_ET_T0_  stepper.o
    0x0002d208   0x0002d208   0x0000000e   Code   RO        21679    t._ZN34_INTERNAL_12_settings_cpp_7a1ff5ce4_MINIhiEEDTplfpK_fpK0_ET_T0_  settings.o
    0x0002d216   0x0002d216   0x0000001a   Code   RO        22628    t._ZN37_INTERNAL_15_temperature_cpp_ca4fe8243ABSIfEEKT_S1_  temperature.o
    0x0002d230   0x0002d230   0x0000000e   Code   RO        22629    t._ZN37_INTERNAL_15_temperature_cpp_ca4fe8244_MAXIiiEEDTplfpK_fpK0_ET_T0_  temperature.o
    0x0002d23e   0x0002d23e   0x0000000e   Code   RO        22630    t._ZN37_INTERNAL_15_temperature_cpp_ca4fe8244_MINIiiEEDTplfpK_fpK0_ET_T0_  temperature.o
    0x0002d24c   0x0002d24c   0x0000000c   Code   RO        15067    t._ZN8restorerIN10GcodeSuite15MarlinBusyStateEED1Ev  gcode.o
    0x0002d258   0x0002d258   0x0000000c   Code   RO        22893    t._ZN8restorerIbED1Ev  temperature.o
    0x0002d264   0x0002d264   0x00000010   Data   RO         4362    .constdata          hc32f46x_usart.o
    0x0002d274   0x0002d274   0x000003f4   Data   RO         5088    .constdata          board_gpio.o
    0x0002d668   0x0002d668   0x0000003c   Data   RO         5312    .constdata          marlincore.o
    0x0002d6a4   0x0002d6a4   0x0000004d   Data   RO         6091    .constdata          serial.o
    0x0002d6f1   0x0002d6f1   0x00000004   Data   RO         7588    .constdata          m92.o
    0x0002d6f5   0x0002d6f5   0x00000004   Data   RO         7830    .constdata          m200-m205.o
    0x0002d6f9   0x0002d6f9   0x00000003   PAD
    0x0002d6fc   0x0002d6fc   0x0000003c   Data   RO         9077    .constdata          m111.o
    0x0002d738   0x0002d738   0x0000000c   Data   RO        10060    .constdata          g27.o
    0x0002d744   0x0002d744   0x00000004   Data   RO        10585    .constdata          g92.o
    0x0002d748   0x0002d748   0x00000014   Data   RO        15430    .constdata          queue.o
    0x0002d75c   0x0002d75c   0x00000010   Data   RO        18425    .constdata          tenlog_touch_lcd.o
    0x0002d76c   0x0002d76c   0x0000000e   Data   RO        20202    .constdata          endstops.o
    0x0002d77a   0x0002d77a   0x00000015   Data   RO        20597    .constdata          motion.o
    0x0002d78f   0x0002d78f   0x00000001   PAD
    0x0002d790   0x0002d790   0x000000bc   Data   RO        21700    .constdata          settings.o
    0x0002d84c   0x0002d84c   0x0000019c   Data   RO        22669    .constdata          temperature.o
    0x0002d9e8   0x0002d9e8   0x0000001c   Data   RO        23294    .constdata          cardreader.o
    0x0002da04   0x0002da04   0x00000020   Data   RO        32087    .constdata          m_wm.l(rredf.o)
    0x0002da24   0x0002da24   0x00000081   Data   RO        32111    .constdata          mc_w.l(ctype_o.o)
    0x0002daa5   0x0002daa5   0x00000003   PAD
    0x0002daa8   0x0002daa8   0x00000004   Data   RO        32112    .constdata          mc_w.l(ctype_o.o)
    0x0002daac   0x0002daac   0x0000003c   Data   RO        23524    .constdata__ZTV12DiskIODriver  cardreader.o
    0x0002dae8   0x0002dae8   0x00000024   Data   RO        30939    .constdata__ZTV14HardwareSerial  glib.lib(hardwareserial.o)
    0x0002db0c   0x0002db0c   0x0000003c   Data   RO        23526    .constdata__ZTV17DiskIODriver_SDIO  cardreader.o
    0x0002db48   0x0002db48   0x00000014   Data   RO        31039    .constdata__ZTV5Print  glib.lib(print.o)
    0x0002db5c   0x0002db5c   0x00000024   Data   RO        30941    .constdata__ZTV6Stream  glib.lib(hardwareserial.o)
    0x0002db80   0x0002db80   0x0000000c   Data   RO        20882    .constdata__ZZ10max_length8AxisEnumE12max_length_P  motion.o
    0x0002db8c   0x0002db8c   0x0000000c   Data   RO        20883    .constdata__ZZ12home_bump_mm8AxisEnumE14home_bump_mm_P  motion.o
    0x0002db98   0x0002db98   0x00000011   Data   RO        22833    .constdata__ZZ12say_default_vEs  temperature.o
    0x0002dba9   0x0002dba9   0x00000003   PAD
    0x0002dbac   0x0002dbac   0x0000000c   Data   RO        10851    .constdata__ZZ13base_home_pos8AxisEnumE15base_home_pos_P  m206_m428.o
    0x0002dbb8   0x0002dbb8   0x00000006   Data   RO         5426    .constdata__ZZ15abortSDPrintingvEs  marlincore.o
    0x0002dbbe   0x0002dbbe   0x00000007   Data   RO         5427    .constdata__ZZ15abortSDPrintingvEs_0  marlincore.o
    0x0002dbc5   0x0002dbc5   0x00000004   Data   RO         5428    .constdata__ZZ15abortSDPrintingvEs_1  marlincore.o
    0x0002dbc9   0x0002dbc9   0x00000006   Data   RO         5429    .constdata__ZZ16finishSDPrintingvEs  marlincore.o
    0x0002dbcf   0x0002dbcf   0x0000003d   Data   RO         5430    .constdata__ZZ17manage_inactivitybEs  marlincore.o
    0x0002dc0c   0x0002dc0c   0x0000000e   Data   RO        20850    .constdata__ZZ22dual_x_carriage_unparkvEs  motion.o
    0x0002dc1a   0x0002dc1a   0x0000000f   Data   RO        20851    .constdata__ZZ22dual_x_carriage_unparkvEs_0  motion.o
    0x0002dc29   0x0002dc29   0x00000035   Data   RO        20852    .constdata__ZZ22dual_x_carriage_unparkvEs_1  motion.o
    0x0002dc5e   0x0002dc5e   0x00000016   Data   RO        20853    .constdata__ZZ22dual_x_carriage_unparkvEs_2  motion.o
    0x0002dc74   0x0002dc74   0x00000012   Data   RO        23105    .constdata__ZZ22invalid_extruder_errorhEs  tool_change.o
    0x0002dc86   0x0002dc86   0x00000004   Data   RO        20849    .constdata__ZZ29line_to_destination_cartesianvEs  motion.o
    0x0002dc8a   0x0002dc8a   0x00000004   Data   RO        15523    .constdata__ZZ6is_M29PKcEs  queue.o
    0x0002dc8e   0x0002dc8e   0x00000003   Data   RO        10852    .constdata__ZZ8home_dir8AxisEnumE10home_dir_P  m206_m428.o
    0x0002dc91   0x0002dc91   0x00000003   Data   RO        22834    .constdata__ZZ9loud_killPKc11heater_id_tEs  temperature.o
    0x0002dc94   0x0002dc94   0x00000003   Data   RO        22835    .constdata__ZZ9loud_killPKc11heater_id_tEs_4  temperature.o
    0x0002dc97   0x0002dc97   0x00000006   Data   RO        21798    .constdata__ZZ9say_unitsbEs  settings.o
    0x0002dc9d   0x0002dc9d   0x00000003   Data   RO        21799    .constdata__ZZ9say_unitsbEs_0  settings.o
    0x0002dca0   0x0002dca0   0x0000000f   Data   RO        15524    .constdata__ZZN10GCodeQueue19get_sdcard_commandsEvEs  queue.o
    0x0002dcaf   0x0002dcaf   0x0000000c   Data   RO        21797    .constdata__ZZN14MarlinSettings12EEPROM_STARTEiEs  settings.o
    0x0002dcbb   0x0002dcbb   0x00000011   Data   RO         5431    .constdata__ZZN16TFilamentMonitorI23RunoutResponseDebounced20FilamentSensorSwitchE3runEvEs  marlincore.o
    0x0002dccc   0x0002dccc   0x00000005   Data   RO         5432    .constdata__ZZN16TFilamentMonitorI23RunoutResponseDebounced20FilamentSensorSwitchE3runEvEs_0  marlincore.o
    0x0002dcd1   0x0002dcd1   0x00000009   Data   RO         5433    .constdata__ZZN16TFilamentMonitorI23RunoutResponseDebounced20FilamentSensorSwitchE3runEvEs_1  marlincore.o
    0x0002dcda   0x0002dcda   0x00000011   Data   RO         5423    .constdata__ZZN20FilamentSensorSwitch3runEvEs  marlincore.o
    0x0002dceb   0x0002dceb   0x00000005   Data   RO         5424    .constdata__ZZN20FilamentSensorSwitch3runEvEs_0  marlincore.o
    0x0002dcf0   0x0002dcf0   0x00000004   Data   RO         5425    .constdata__ZZN20FilamentSensorSwitch3runEvEs_1  marlincore.o
    0x0002dcf4   0x0002dcf4   0x00000014   Data   RO        13599    .constdata__ZZNK10duration_t8toStringEPcEs  m31.o
    0x0002dd08   0x0002dd08   0x00000010   Data   RO        13600    .constdata__ZZNK10duration_t8toStringEPcEs_0  m31.o
    0x0002dd18   0x0002dd18   0x0000000c   Data   RO        13601    .constdata__ZZNK10duration_t8toStringEPcEs_1  m31.o
    0x0002dd24   0x0002dd24   0x00000008   Data   RO        13602    .constdata__ZZNK10duration_t8toStringEPcEs_2  m31.o
    0x0002dd2c   0x0002dd2c   0x00000004   Data   RO        13603    .constdata__ZZNK10duration_t8toStringEPcEs_3  m31.o
    0x0002dd30   0x0002dd30   0x000000cc   Data   RO        11394    .conststring        m115.o
    0x0002ddfc   0x0002ddfc   0x00000077   Data   RO        15431    .conststring        queue.o
    0x0002de73   0x0002de73   0x00000001   PAD
    0x0002de74   0x0002de74   0x00000043   Data   RO        18426    .conststring        tenlog_touch_lcd.o
    0x0002deb7   0x0002deb7   0x00000001   PAD
    0x0002deb8   0x0002deb8   0x000000c9   Data   RO        21701    .conststring        settings.o
    0x0002df81   0x0002df81   0x00000003   PAD
    0x0002df84   0x0002df84   0x0000005d   Data   RO        22670    .conststring        temperature.o
    0x0002dfe1   0x0002dfe1   0x00000003   PAD
    0x0002dfe4   0x0002dfe4   0x00000020   Data   RO        32522    Region$$Table       anon$$obj.o
    0x0002e004   0x0002e004   0x00000004   Data   RO         4694    .init_array.00101   main.o
    0x0002e008   0x0002e004   0x00000004   Data   RO         5089    .init_array         board_gpio.o
    0x0002e00c   0x0002e004   0x00000004   Data   RO         5315    .init_array         marlincore.o
    0x0002e010   0x0002e004   0x00000004   Data   RO        20204    .init_array         endstops.o
    0x0002e014   0x0002e004   0x00000004   Data   RO        20599    .init_array         motion.o
    0x0002e018   0x0002e004   0x00000004   Data   RO        21214    .init_array         planner.o
    0x0002e01c   0x0002e004   0x00000004   Data   RO        22672    .init_array         temperature.o
    0x0002e020   0x0002e004   0x00000004   Data   RO        23296    .init_array         cardreader.o
    0x0002e024   0x0002e004   0x00000000   Data   RO        32001    .init_array         mc_w.l(cpp_init.o)


    Execution Region RW_IRAM1 (Exec base: 0x1fff8000, Load base: 0x0002e024, Size: 0x00005ce0, Max: 0x00008000, ABSOLUTE, COMPRESSED[0x00000168])

    Exec Addr    Load Addr    Size         Type   Attr      Idx    E Section Name        Object

    0x1fff8000   COMPRESSED   0x00000001   Data   RW          854    .data               hc32f46x_dmac.o
    0x1fff8001   COMPRESSED   0x00000009   Data   RW         4572    .data               hc32f46x_utility.o
    0x1fff800a   COMPRESSED   0x00000002   PAD
    0x1fff800c   COMPRESSED   0x00000004   Data   RW         5186    .data               system_hc32f460petb.o
    0x1fff8010   COMPRESSED   0x00000003   Data   RW         5314    .data               marlincore.o
    0x1fff8013   COMPRESSED   0x00000001   Data   RW         6092    .data               serial.o
    0x1fff8014   COMPRESSED   0x00000008   Data   RW         6818    .data               babystep.o
    0x1fff801c   COMPRESSED   0x00000004   Data   RW         7056    .data               runout.o
    0x1fff8020   COMPRESSED   0x00000002   Data   RW         8014    .data               m220.o
    0x1fff8022   COMPRESSED   0x00000002   PAD
    0x1fff8024   COMPRESSED   0x00000018   Data   RW        14978    .data               gcode.o
    0x1fff803c   COMPRESSED   0x0000001d   Data   RW        15307    .data               parser.o
    0x1fff8059   COMPRESSED   0x00000003   PAD
    0x1fff805c   COMPRESSED   0x00000008   Data   RW        15432    .data               queue.o
    0x1fff8064   COMPRESSED   0x00000002   Data   RW        17815    .data               hal.o
    0x1fff8066   COMPRESSED   0x00000002   Data   RW        18000    .data               timers.o
    0x1fff8068   COMPRESSED   0x00000001   Data   RW        18069    .data               watchdog.o
    0x1fff8069   COMPRESSED   0x00000003   PAD
    0x1fff806c   COMPRESSED   0x00000095   Data   RW        18427    .data               tenlog_touch_lcd.o
    0x1fff8101   COMPRESSED   0x00000003   PAD
    0x1fff8104   COMPRESSED   0x00000010   Data   RW        19834    .data               stopwatch.o
    0x1fff8114   COMPRESSED   0x0000000e   Data   RW        20203    .data               endstops.o
    0x1fff8122   COMPRESSED   0x00000002   PAD
    0x1fff8124   COMPRESSED   0x0000005d   Data   RW        20598    .data               motion.o
    0x1fff8181   COMPRESSED   0x00000003   PAD
    0x1fff8184   COMPRESSED   0x00000058   Data   RW        21213    .data               planner.o
    0x1fff81dc   COMPRESSED   0x00000011   Data   RW        21702    .data               settings.o
    0x1fff81ed   COMPRESSED   0x00000003   PAD
    0x1fff81f0   COMPRESSED   0x00000048   Data   RW        22356    .data               stepper.o
    0x1fff8238   COMPRESSED   0x0000006e   Data   RW        22671    .data               temperature.o
    0x1fff82a6   COMPRESSED   0x00000002   PAD
    0x1fff82a8   COMPRESSED   0x00000004   Data   RW        23058    .data               tool_change.o
    0x1fff82ac   COMPRESSED   0x0000002c   Data   RW        23295    .data               cardreader.o
    0x1fff82d8   COMPRESSED   0x00000008   Data   RW        24060    .data               sdbasefile.o
    0x1fff82e0   COMPRESSED   0x00000010   Data   RW        24599    .data               sdvolume.o
    0x1fff82f0   COMPRESSED   0x0000005c   Data   RW        24710    .data               esp32_wifi.o
    0x1fff834c   COMPRESSED   0x00000018   Data   RW        25202    .data               sdio_hal.o
    0x1fff8364   COMPRESSED   0x00000046   Data   RW        25292    .data               adc.o
    0x1fff83aa   COMPRESSED   0x00000002   PAD
    0x1fff83ac   COMPRESSED   0x00000005   Data   RW        30846    .data               glib.lib(board_tim0.o)
    0x1fff83b1   COMPRESSED   0x00000003   PAD
    0x1fff83b4   COMPRESSED   0x00000004   Data   RW        30880    .data               glib.lib(startup.o)
    0x1fff83b8   COMPRESSED   0x000004ac   Data   RW        31048    .data               glib.lib(usart_f1.o)
    0x1fff8864   COMPRESSED   0x00000010   Data   RW        31354    .data               glib.lib(usart.o)
    0x1fff8874   COMPRESSED   0x00000004   Data   RW        32105    .data               mc_w.l(stdout.o)
    0x1fff8878   COMPRESSED   0x00000004   Data   RW        32138    .data               mc_w.l(mvars.o)
    0x1fff887c   COMPRESSED   0x00000004   Data   RW        32139    .data               mc_w.l(mvars.o)
    0x1fff8880   COMPRESSED   0x00000004   Data   RW        32143    .data               mc_w.l(errno.o)
    0x1fff8884   COMPRESSED   0x00000004   Data   RW        32153    .data               mc_w.l(cpp_dtor.o)
    0x1fff8888   COMPRESSED   0x00000004   Data   RW         5518    .data__ZZ17manage_inactivitybE18next_check_axes_ms  marlincore.o
    0x1fff888c   COMPRESSED   0x00000001   Data   RW         5519    .data__ZZ17manage_inactivitybE25already_shutdown_steppers  marlincore.o
    0x1fff888d   COMPRESSED   0x00000001   Data   RW        15588    .data__ZZN10GCodeQueue19get_sdcard_commandsEvE14sd_input_state  queue.o
    0x1fff888e   COMPRESSED   0x00000001   Data   RW         5520    .data__ZZN14MarlinSettings10first_loadEvE6loaded  marlincore.o
    0x1fff888f   COMPRESSED   0x00000001   Data   RW         5521    .data__ZZN20FilamentSensorSwitch3runEvE7was_out  marlincore.o
    0x1fff8890   COMPRESSED   0x00000004   Data   RW        22485    .data__ZZN7Stepper19calc_timer_intervalEjPhE5limit  stepper.o
    0x1fff8894        -       0x00000200   Zero   RW         2085    .bss                hc32f46x_interrupts.o
    0x1fff8a94        -       0x00000088   Zero   RW         3480    .bss                hc32f46x_sdioc.o
    0x1fff8b1c        -       0x00000048   Zero   RW         5087    .bss                board_gpio.o
    0x1fff8b64        -       0x0000001a   Zero   RW        15306    .bss                parser.o
    0x1fff8b7e   COMPRESSED   0x00000002   PAD
    0x1fff8b80        -       0x00000233   Zero   RW        15429    .bss                queue.o
    0x1fff8db3   COMPRESSED   0x00000001   PAD
    0x1fff8db4        -       0x000005ee   Zero   RW        18424    .bss                tenlog_touch_lcd.o
    0x1fff93a2   COMPRESSED   0x00000002   PAD
    0x1fff93a4        -       0x00000064   Zero   RW        20596    .bss                motion.o
    0x1fff9408        -       0x00000624   Zero   RW        21211    .bss                planner.o
    0x1fff9a2c        -       0x0000003c   Zero   RW        22354    .bss                stepper.o
    0x1fff9a68        -       0x000000b0   Zero   RW        22668    .bss                temperature.o
    0x1fff9b18        -       0x0000029c   Zero   RW        23293    .bss                cardreader.o
    0x1fff9db4        -       0x00000200   Zero   RW        24598    .bss                sdvolume.o
    0x1fff9fb4        -       0x00001434   Zero   RW        24709    .bss                esp32_wifi.o
    0x1fffb3e8        -       0x00000074   Zero   RW        25201    .bss                sdio_hal.o
    0x1fffb45c        -       0x00000060   Zero   RW        31047    .bss                glib.lib(usart_f1.o)
    0x1fffb4bc        -       0x00000020   Zero   RW        22486    .bss__ZZN7Stepper19calc_timer_intervalEjPhE5limit  stepper.o
    0x1fffb4dc   COMPRESSED   0x00000004   PAD
    0x1fffb4e0        -       0x00002000   Zero   RW         5173    HEAP                startup_hc32f460petb.o
    0x1fffd4e0        -       0x00000800   Zero   RW         5172    STACK               startup_hc32f460petb.o


==============================================================================

Image component sizes


      Code (inc. data)   RO Data    RW Data    ZI Data      Debug   Object Name

      1070         72          0         70          0      44969   adc.o
       208         28          0          8          0      39847   babystep.o
       736          0          0          0          0      12988   bl24cxx.o
       106         26       1016          0         72       7256   board_gpio.o
      5278       1096        152         44        668      78241   cardreader.o
        68          0          0          0          0       1212   crc16.o
         2          0          0          0          0       1739   delay.o
       256         28          0          0          0       6606   eeprom_bl24cxx.o
        40          0          0          0          0       3153   eeprom_if_iic.o
      1362        220         18         14          0      87030   endstops.o
      2506        628          0         92       5172    1512750   esp32_wifi.o
        32          4          0          0          0      29840   g0_g1.o
       116         12         12          0          0      36081   g27.o
      1248        114          0          0          0      66558   g28.o
      2818         96          0          0          0      65877   g2_g3.o
       184         14          0          0          0      52377   g34_m422.o
        92          8          0          0          0      11253   g4.o
       292         30          4          0          0      39816   g92.o
      2374        270          0         24          0      55618   gcode.o
       202         34          0          2          0      35450   hal.o
       300          4          0          0          0    1486082   hc32f46x_adc.o
      1840        144          0          0          0      20441   hc32f46x_clk.o
      1252         26          0          1          0      15233   hc32f46x_dmac.o
       352         58          0          0          0      10372   hc32f46x_efm.o
       476         44          0          0          0      12243   hc32f46x_gpio.o
      9950        952          0          0        512     111371   hc32f46x_interrupts.o
       152         22          0          0          0       2480   hc32f46x_pwc.o
       232         12          0          0          0       2147   hc32f46x_rmu.o
      2088        116          0          0        136      16628   hc32f46x_sdioc.o
       664         76          0          0          0       7882   hc32f46x_spi.o
      2164         12          0          0          0       9662   hc32f46x_timer0.o
      2652        190         16          0          0      11936   hc32f46x_usart.o
       732         52          0          9          0       6334   hc32f46x_utility.o
        84         12          0          0          0       3044   hc32f46x_wdt.o
         2          0          0          0          0        528   indirection.o
        88         32          0          0          0        572   m1001.o
       416         36          0          0          0      64764   m104_m109.o
        56         10          0          0          0      16194   m105.o
       148         22          0          0          0      14057   m106_m107.o
        40         10          0          0          0      24464   m108_m112_m410.o
       108          8          0          0          0      27768   m110.o
       128         22         60          0          0       3712   m111.o
       148         20          0          0          0      24311   m113.o
         8          0          0          0          0      30568   m114.o
       752        446        204          0          0       3620   m115.o
         2          0          0          0          0      18984   m117.o
       148         16          0          0          0       1264   m118.o
         8          0          0          0          0        476   m119.o
        20          0          0          0          0        984   m120_m121.o
       184         14          0          0          0      27321   m140_m190.o
       132         48          0          0          0       9268   m1501-1510.o
       120         10          0          0          0      25618   m155.o
       736         44          0          0          0      44873   m17_m18_m84.o
       100         54          0          0          0      38865   m20.o
      1222         94          4          0          0      25833   m200-m205.o
       716         76         15          0          0      41636   m206_m428.o
       222         44          0          0          0      25704   m211.o
       128         20          0          0          0      11987   m217.o
       512         32          0          0          0      15364   m218.o
        32          6          0          0          0        956   m21_m22.o
       168         22          0          2          0      28633   m220.o
       254         36          0          0          0      19977   m221.o
        40          4          0          0          0        552   m23.o
       196         26          0          0          0      36493   m24_m25.o
       108         16          0          0          0       9024   m26.o
        48         18          0          0          0        488   m27.o
        36         10          0          0          0        928   m28_m29.o
       532         96          0          0          0      11735   m290.o
        40         10          0          0          0       4279   m30.o
       404         52          0          0          0      20963   m301.o
       248         64          0          0          0       4909   m302.o
       218         38          0          0          0      14690   m303.o
       212         26          0          0          0        864   m304.o
       352         44         60          0          0      25634   m31.o
       120         20          0          0          0      32132   m32.o
         8          0          0          0          0        476   m400.o
       404         44          0          0          0      51228   m412.o
       128         34          0          0          0      34017   m413.o
        82         12          0          0          0      21092   m500-m504.o
        52          4          0          0          0        584   m524.o
       288         16          0          0          0      32132   m605.o
       364         62          0          0          0      19699   m666.o
        24          0          0          0          0       7560   m75-m78.o
        48          0          0          0          0      15073   m80_m81.o
        64          8          0          0          0      20240   m82_m83.o
        60         12          0          0          0      18085   m85.o
       608         58          4          0          0      44746   m92.o
        16          4          0          0          0        468   m928.o
        18          0          0          0          0        476   m997.o
        48          6          0          0          0       8380   m999.o
        20          0          4          0          0    1511408   main.o
      3318        922        205         10          0    1621399   marlincore.o
      5180        766        157         93        100     148864   motion.o
       296         20          0          0          0      36072   nozzle.o
       896         78          0         29         26      20113   parser.o
      8878        754          4         88       1572     124704   planner.o
         0          0          0          0          0       1232   powerloss.o
      2458        370        158          9        563      70134   queue.o
        56         30          0          4          0      42087   runout.o
         0          0          0          0          0       1949   sd2card.o
      3380         92          0          8          0      57439   sdbasefile.o
        46          0          0          0          0      14480   sdfile.o
        60          0          0          0          0       3131   sdio.o
       188         78          0          0          0      14522   sdio_f1.o
       282         58          0         24        116       5218   sdio_hal.o
      1126         80          0         16        512      11612   sdvolume.o
       540         56         77          1          0      40952   serial.o
      9884       2012        410         17          0     114613   settings.o
        64         14       1056          0      10240        876   startup_hc32f460petb.o
      7730        496          0         76         92     117217   stepper.o
       352         96          0         16          0       4604   stopwatch.o
       204         24          0          4          0       1519   system_hc32f460petb.o
       120         26          0          0          0       6916   t.o
      9168        978        532        110        176     109016   temperature.o
     21530       4312         83        149       1518     164068   tenlog_touch_lcd.o
       102         10          0          2          0       2232   timers.o
      1056        128         18          4          0      31732   tool_change.o
        34          0          0          0          0       2405   utility.o
        44         12          0          1          0       1335   watchdog.o

    ----------------------------------------------------------------------
    130402      17618       4316        952      21484    9171613   Object Totals
         0          0         32          0          0          0   (incl. Generated)
        98          0         15         25          9          0   (incl. Padding)

    ----------------------------------------------------------------------

      Code (inc. data)   RO Data    RW Data    ZI Data      Debug   Library Member Name

        36          0          0          0          0         84   aeabi_vec_ctor_nocookie_nodtor.o
        34          0          0          0          0         84   aeabi_vec_dtor_noexceptions.o
        16          0          0          0          0         68   cxa_guard_acquire.o
         2          0          0          0          0        116   board_extint.o
       720         70          0          5          0       2112   board_tim0.o
         4          0          0          0          0        116   cxxabi-compat.o
        68         12          0          0          0        148   dtostrf.o
       310         14         72          0          0       1484   hardwareserial.o
        68          0          0          0          0        248   iwdg.o
      1016         54         20          0          0       2292   print.o
      3032        342          0          0          0       1744   sd_card.o
      2400        232          0          0          0       3152   sdmmc_cmd.o
       860        390          0          4          0        376   startup.o
      2208        174          0         16          0       3720   usart.o
         0          0          0       1196         96          0   usart_f1.o
       148         14          0          0          0        128   wirish_digital.o
       176         12          0          0          0        132   wirish_digital_f1.o
        58          4          0          0          0        244   wirish_time.o
        18          0          0          0          0        124   wstring.o
       684         90          0          0          0        208   atan2f.o
       108         10          0          0          0        116   ceilf.o
       336         56          0          0          0        136   cosf.o
       112         14          0          0          0        116   floorf.o
        38          0          0          0          0        116   fpclassifyf.o
       140         22          0          0          0        132   frexp.o
        44         12          0          0          0        464   funder.o
       194          0          0          0          0        144   lroundf.o
       266         16          0          0          0        308   narrow.o
       340         24         32          0          0        160   rredf.o
       400         56          0          0          0        212   sinf.o
        58          0          0          0          0        136   sqrtf.o
        32          6          0          0          0        124   strtof.o
        86          0          0          0          0          0   __dczerorl2.o
        28          0          0          0          0         68   _chval.o
        64          0          0          0          0         84   _sgetc.o
       158          0          0          0          0         92   _strtoul.o
        46          0          0          0          0         84   aeabi_atexit.o
         8          4          0          4          0         68   cpp_dtor.o
         2          0          0          0          0         68   cpp_final.o
        32         10          0          0          0         80   cpp_init.o
         8          4        133          0          0         68   ctype_o.o
        66          0          0          0          0         84   cxa_finalize.o
         0          0          0          0          0          0   entry.o
         0          0          0          0          0          0   entry10a.o
         4          0          0          0          0          0   entry10b.o
         0          0          0          0          0          0   entry11a.o
         4          0          0          0          0          0   entry12b.o
         8          4          0          0          0          0   entry2.o
         4          0          0          0          0          0   entry5.o
         0          0          0          0          0          0   entry7b.o
         4          0          0          0          0          0   entry8a.o
         0          0          0          0          0          0   entry8b.o
         8          4          0          0          0          0   entry9a.o
        20         10          0          4          0        136   errno.o
        30          0          0          0          0          0   handlers.o
        36          8          0          0          0         68   init.o
         0          0          0          0          0          0   iusefp.o
        30          0          0          0          0         68   llshl.o
        36          0          0          0          0         68   llsshr.o
        32          0          0          0          0         68   llushr.o
       188         20          0          0          0        160   malloc.o
        26          0          0          0          0         80   memcmp.o
        64          0          0          0          0         76   memmovea.o
        36          0          0          0          0        108   memseta.o
         0          0          0          8          0          0   mvars.o
      2268         96          0          0          0        616   printfa.o
       878         12          0          0          0        216   scanf_fp.o
         0          0          0          4          0          0   stdout.o
        42          0          0          0          0         84   strcasecmp.o
        24          0          0          0          0         68   strcat.o
        20          0          0          0          0         68   strchr.o
        18          0          0          0          0         68   strcpy.o
        14          0          0          0          0         68   strlen.o
        30          0          0          0          0         80   strncmp.o
        24          0          0          0          0         76   strncpy.o
        22          0          0          0          0         68   strrchr.o
        36          0          0          0          0         80   strstr.o
       156         12          0          0          0        120   strtod.o
        26          0          0          0          0         80   strtof.o
       112          0          0          0          0         88   strtol.o
       114          0          0          0          0         92   strtoul.o
        12          0          0          0          0         68   tolower.o
        44          0          0          0          0         80   uidiv.o
        98          0          0          0          0         92   uldiv.o
        48          0          0          0          0         68   cdcmple.o
        48          0          0          0          0         68   cdrcmple.o
        56          0          0          0          0         88   d2f.o
       334          0          0          0          0        148   dadd.o
       222          0          0          0          0        100   ddiv.o
       186          0          0          0          0        176   depilogue.o
        62          0          0          0          0         80   dfixi.o
        74          0          0          0          0         80   dfixl.o
        50          0          0          0          0         76   dfixui.o
        48          0          0          0          0         68   dfixul.o
        34          0          0          0          0         76   dflti.o
        40          0          0          0          0         80   dfltl.o
        26          0          0          0          0         76   dfltui.o
        24          0          0          0          0         76   dfltul.o
       228          0          0          0          0         96   dmul.o
        38          0          0          0          0         68   f2d.o
       110          0          0          0          0        168   fepilogue.o
        76          0          0          0          0         76   ffixir.o
         4          0          0          0          0         68   fpstat.o
        60          0          0          0          0         76   frnd.o

    ----------------------------------------------------------------------
     20706       1812        260       1244         96      24196   Library Totals
        46          4          3          3          0          0   (incl. Padding)

    ----------------------------------------------------------------------

      Code (inc. data)   RO Data    RW Data    ZI Data      Debug   Library Name

        86          0          0          0          0        236   cpprt_w.l
     11088       1318         92       1221         96      16136   glib.lib
      2752        306         32          0          0       2372   m_wm.l
      4966        184        133         20          0       3640   mc_w.l
      1768          0          0          0          0       1812   mf_w.l

    ----------------------------------------------------------------------
     20706       1812        260       1244         96      24196   Library Totals

    ----------------------------------------------------------------------

==============================================================================


      Code (inc. data)   RO Data    RW Data    ZI Data      Debug   

    151108      19430       4576       2196      21580    9088217   Grand Totals
    151108      19430       4576        360      21580    9088217   ELF Image Totals (compressed)
    151108      19430       4576        360          0          0   ROM Totals

==============================================================================

    Total RO  Size (Code + RO Data)               155684 ( 152.04kB)
    Total RW  Size (RW Data + ZI Data)             23776 (  23.22kB)
    Total ROM Size (Code + RO Data + RW Data)     156044 ( 152.39kB)

==============================================================================

