Component: ARM Compiler 5.06 update 7 (build 960) Tool: armlink [4d3601]

==============================================================================

Removing Unused input sections from the image.

    Removing hc32f46x_adc.o(.rev16_text), (4 bytes).
    Removing hc32f46x_adc.o(.revsh_text), (4 bytes).
    Removing hc32f46x_adc.o(.rrx_text), (6 bytes).
    Removing hc32f46x_adc.o(i.ADC_AddAvgChannel), (56 bytes).
    Removing hc32f46x_adc.o(i.ADC_AddAwdChannel), (64 bytes).
    Removing hc32f46x_adc.o(i.ADC_AddPgaChannel), (24 bytes).
    Removing hc32f46x_adc.o(i.ADC_AwdCmd), (22 bytes).
    Removing hc32f46x_adc.o(i.ADC_AwdITCmd), (22 bytes).
    Removing hc32f46x_adc.o(i.ADC_ChannleRemap), (160 bytes).
    Removing hc32f46x_adc.o(i.ADC_ClrAwdChFlag), (40 bytes).
    Removing hc32f46x_adc.o(i.ADC_ClrAwdFlag), (32 bytes).
    Removing hc32f46x_adc.o(i.ADC_ClrEocFlag), (18 bytes).
    Removing hc32f46x_adc.o(i.ADC_ConfigAvg), (18 bytes).
    Removing hc32f46x_adc.o(i.ADC_ConfigAwd), (62 bytes).
    Removing hc32f46x_adc.o(i.ADC_ConfigPga), (36 bytes).
    Removing hc32f46x_adc.o(i.ADC_ConfigSync), (52 bytes).
    Removing hc32f46x_adc.o(i.ADC_ConfigTriggerSrc), (128 bytes).
    Removing hc32f46x_adc.o(i.ADC_DeInit), (172 bytes).
    Removing hc32f46x_adc.o(i.ADC_DelAdcChannel), (64 bytes).
    Removing hc32f46x_adc.o(i.ADC_DelAvgChannel), (40 bytes).
    Removing hc32f46x_adc.o(i.ADC_DelAwdChannel), (48 bytes).
    Removing hc32f46x_adc.o(i.ADC_DelPgaChannel), (20 bytes).
    Removing hc32f46x_adc.o(i.ADC_GetAllData), (60 bytes).
    Removing hc32f46x_adc.o(i.ADC_GetAwdFlag), (32 bytes).
    Removing hc32f46x_adc.o(i.ADC_GetChData), (104 bytes).
    Removing hc32f46x_adc.o(i.ADC_GetChannelPinNum), (52 bytes).
    Removing hc32f46x_adc.o(i.ADC_GetEocFlag), (22 bytes).
    Removing hc32f46x_adc.o(i.ADC_GetValue), (12 bytes).
    Removing hc32f46x_adc.o(i.ADC_PgaCmd), (48 bytes).
    Removing hc32f46x_adc.o(i.ADC_PollingSa), (196 bytes).
    Removing hc32f46x_adc.o(i.ADC_SeqITCmd), (62 bytes).
    Removing hc32f46x_adc.o(i.ADC_SetScanMode), (18 bytes).
    Removing hc32f46x_adc.o(i.ADC_StopConvert), (48 bytes).
    Removing hc32f46x_adc.o(i.ADC_SyncCmd), (24 bytes).
    Removing hc32f46x_adc.o(i._ZN36_INTERNAL_14_hc32f46x_adc_c_ADC_Init15ADC_ReadAllDataEPK14M4_ADC_TypeDefPth), (30 bytes).
    Removing hc32f46x_adc.o(.ARM.exidx), (8 bytes).
    Removing hc32f46x_adc.o(.ARM.exidx), (8 bytes).
    Removing hc32f46x_adc.o(.ARM.exidx), (8 bytes).
    Removing hc32f46x_adc.o(.ARM.exidx), (8 bytes).
    Removing hc32f46x_adc.o(.ARM.exidx), (8 bytes).
    Removing hc32f46x_adc.o(.ARM.exidx), (8 bytes).
    Removing hc32f46x_adc.o(.ARM.exidx), (8 bytes).
    Removing hc32f46x_adc.o(.ARM.exidx), (8 bytes).
    Removing hc32f46x_adc.o(.ARM.exidx), (8 bytes).
    Removing hc32f46x_adc.o(.ARM.exidx), (8 bytes).
    Removing hc32f46x_adc.o(.ARM.exidx), (8 bytes).
    Removing hc32f46x_adc.o(.ARM.exidx), (8 bytes).
    Removing hc32f46x_adc.o(.ARM.exidx), (8 bytes).
    Removing hc32f46x_adc.o(.ARM.exidx), (8 bytes).
    Removing hc32f46x_adc.o(.ARM.exidx), (8 bytes).
    Removing hc32f46x_adc.o(.ARM.exidx), (8 bytes).
    Removing hc32f46x_adc.o(.ARM.exidx), (8 bytes).
    Removing hc32f46x_adc.o(.ARM.exidx), (8 bytes).
    Removing hc32f46x_adc.o(.ARM.exidx), (8 bytes).
    Removing hc32f46x_adc.o(.ARM.exidx), (8 bytes).
    Removing hc32f46x_adc.o(.ARM.exidx), (8 bytes).
    Removing hc32f46x_adc.o(.ARM.exidx), (8 bytes).
    Removing hc32f46x_adc.o(.ARM.exidx), (8 bytes).
    Removing hc32f46x_adc.o(.ARM.exidx), (8 bytes).
    Removing hc32f46x_adc.o(.ARM.exidx), (8 bytes).
    Removing hc32f46x_adc.o(.ARM.exidx), (8 bytes).
    Removing hc32f46x_adc.o(.ARM.exidx), (8 bytes).
    Removing hc32f46x_adc.o(.ARM.exidx), (8 bytes).
    Removing hc32f46x_adc.o(.ARM.exidx), (8 bytes).
    Removing hc32f46x_adc.o(.ARM.exidx), (8 bytes).
    Removing hc32f46x_adc.o(.ARM.exidx), (8 bytes).
    Removing hc32f46x_adc.o(.ARM.exidx), (8 bytes).
    Removing hc32f46x_adc.o(.ARM.exidx), (8 bytes).
    Removing hc32f46x_adc.o(.ARM.exidx), (8 bytes).
    Removing hc32f46x_adc.o(.ARM.exidx), (8 bytes).
    Removing hc32f46x_adc.o(.ARM.exidx), (8 bytes).
    Removing hc32f46x_aes.o(.rev16_text), (4 bytes).
    Removing hc32f46x_aes.o(.revsh_text), (4 bytes).
    Removing hc32f46x_aes.o(.rrx_text), (6 bytes).
    Removing hc32f46x_can.o(.rev16_text), (4 bytes).
    Removing hc32f46x_can.o(.revsh_text), (4 bytes).
    Removing hc32f46x_can.o(.rrx_text), (6 bytes).
    Removing hc32f46x_clk.o(.rev16_text), (4 bytes).
    Removing hc32f46x_clk.o(.revsh_text), (4 bytes).
    Removing hc32f46x_clk.o(.rrx_text), (6 bytes).
    Removing hc32f46x_clk.o(i.CLK_ClearFcmFlag), (68 bytes).
    Removing hc32f46x_clk.o(i.CLK_ClearXtalStdFlag), (72 bytes).
    Removing hc32f46x_clk.o(i.CLK_FcmCmd), (12 bytes).
    Removing hc32f46x_clk.o(i.CLK_FcmConfig), (308 bytes).
    Removing hc32f46x_clk.o(i.CLK_GetFcmCounter), (12 bytes).
[...]
    0x0001dbe8   0x0001dbe8   0x0000012c   Code   RO         3959    i._ZN10SdBaseFile4readEPvt  sdbasefile.o
    0x0001dd14   0x0001dd14   0x0000001e   Code   RO         3960    i._ZN10SdBaseFile4readEv  sdbasefile.o
    0x0001dd32   0x0001dd32   0x00000002   PAD
    0x0001dd34   0x0001dd34   0x00000074   Code   RO         3961    i._ZN10SdBaseFile4syncEv  sdbasefile.o
    0x0001dda8   0x0001dda8   0x00000014   Code   RO         3962    i._ZN10SdBaseFile5closeEv  sdbasefile.o
    0x0001ddbc   0x0001ddbc   0x00000198   Code   RO         3967    i._ZN10SdBaseFile5writeEPKvt  sdbasefile.o
    0x0001df54   0x0001df54   0x00000034   Code   RO         3970    i._ZN10SdBaseFile6removeEPS_PKc  sdbasefile.o
    0x0001df88   0x0001df88   0x00000030   Code   RO         3971    i._ZN10SdBaseFile6removeEv  sdbasefile.o
    0x0001dfb8   0x0001dfb8   0x0000000e   Code   RO         3888    i._ZN10SdBaseFile6rewindEv  cardreader.o
    0x0001dfc6   0x0001dfc6   0x0000003a   Code   RO         3974    i._ZN10SdBaseFile7dirNameERK14directoryEntryPc  sdbasefile.o
    0x0001e000   0x0001e000   0x00000150   Code   RO         3975    i._ZN10SdBaseFile7readDirEP14directoryEntryPc  sdbasefile.o
    0x0001e150   0x0001e150   0x00000012   Code   RO         4067    i._ZN10SdBaseFile7seekEndEi  sdbasefile.o
    0x0001e162   0x0001e162   0x0000007e   Code   RO         3976    i._ZN10SdBaseFile7seekSetEj  sdbasefile.o
    0x0001e1e0   0x0001e1e0   0x0000006e   Code   RO         3979    i._ZN10SdBaseFile8openRootEP8SdVolume  sdbasefile.o
    0x0001e24e   0x0001e24e   0x000000c2   Code   RO         3981    i._ZN10SdBaseFile8truncateEj  sdbasefile.o
    0x0001e310   0x0001e310   0x00000008   Code   RO         4061    i._ZN10SdBaseFileC1Ev  sdbasefile.o
    0x0001e318   0x0001e318   0x00000016   Code   RO         4065    i._ZN10SdBaseFileD1Ev  sdbasefile.o
    0x0001e32e   0x0001e32e   0x00000002   PAD
    0x0001e330   0x0001e330   0x00000020   Code   RO         1533    i._ZN11GCodeParser10value_longEv  g28.o
    0x0001e350   0x0001e350   0x00000064   Code   RO         1535    i._ZN11GCodeParser11value_floatEv  g28.o
    0x0001e3b4   0x0001e3b4   0x00000024   Code   RO         2252    i._ZN11GCodeParser13value_celsiusEv  m104_m109.o
    0x0001e3d8   0x0001e3d8   0x0000000c   Code   RO         1578    i._ZN11GCodeParser16value_axis_unitsE8AxisEnum  m200-m205.o
    0x0001e3e4   0x0001e3e4   0x0000000a   Code   RO         1576    i._ZN11GCodeParser18value_linear_unitsEv  m200-m205.o
    0x0001e3ee   0x0001e3ee   0x0000000c   Code   RO         1553    i._ZN11GCodeParser20value_per_axis_unitsE8AxisEnum  m92.o
    0x0001e3fa   0x0001e3fa   0x00000002   PAD
    0x0001e3fc   0x0001e3fc   0x00000040   Code   RO         2395    i._ZN11GCodeParser23unknown_command_warningEv  parser.o
    0x0001e43c   0x0001e43c   0x000000cc   Code   RO         1529    i._ZN11GCodeParser4seenEc  g28.o
    0x0001e508   0x0001e508   0x00000300   Code   RO         2396    i._ZN11GCodeParser5parseEPc  parser.o
    0x0001e808   0x0001e808   0x00000030   Code   RO         2397    i._ZN11GCodeParser5resetEv  parser.o
    0x0001e838   0x0001e838   0x00000018   Code   RO         2339    i._ZN11GCodeParser6intvalEcs  m303.o
    0x0001e850   0x0001e850   0x00000060   Code   RO         1537    i._ZN11GCodeParser7boolvalEcb  g28.o
    0x0001e8b0   0x0001e8b0   0x00000054   Code   RO         1620    i._ZN11GCodeParser7bytevalEch  m301.o
    0x0001e904   0x0001e904   0x00000028   Code   RO         1531    i._ZN11GCodeParser7seenvalEc  g28.o
    0x0001e92c   0x0001e92c   0x0000000a   Code   RO         2336    i._ZN11GCodeParser9value_intEv  m303.o
    0x0001e936   0x0001e936   0x00000002   PAD
    0x0001e938   0x0001e938   0x0000003c   Code   RO         4193    i._ZN11Sdioc_Class4initEv  sdio_hal.o
    0x0001e974   0x0001e974   0x00000020   Code   RO         4194    i._ZN11Sdioc_Class4readEjtPh  sdio_hal.o
    0x0001e994   0x0001e994   0x00000020   Code   RO         4196    i._ZN11Sdioc_Class5writeEjtPKh  sdio_hal.o
    0x0001e9b4   0x0001e9b4   0x00000060   Code   RO         4197    i._ZN11Sdioc_ClassC1EP16M4_SDIOC_TypeDef  sdio_hal.o
    0x0001ea14   0x0001ea14   0x00000002   Code   RO         4198    i._ZN11Sdioc_ClassD1Ev  sdio_hal.o
    0x0001ea16   0x0001ea16   0x00000002   PAD
    0x0001ea18   0x0001ea18   0x000000d8   Code   RO         3669    i._ZN11Temperature11_temp_errorE11heater_id_tPKcS2_  temperature.o
    0x0001eaf0   0x0001eaf0   0x00000690   Code   RO         3670    i._ZN11Temperature12PID_autotuneEs11heater_id_tab  temperature.o
    0x0001f180   0x0001f180   0x0000000c   Code   RO         3039    i._ZN11Temperature12degTargetBedEv  tenlog_touch_lcd.o
    0x0001f18c   0x0001f18c   0x0000002c   Code   RO         3753    i._ZN11Temperature12isHeatingBedEv  temperature.o
    0x0001f1b8   0x0001f1b8   0x00000020   Code   RO         2294    i._ZN11Temperature12setTargetBedEs  m140_m190.o
    0x0001f1d8   0x0001f1d8   0x0000019c   Code   RO         3671    i._ZN11Temperature12wait_for_bedEb  temperature.o
    0x0001f374   0x0001f374   0x0000011c   Code   RO         3672    i._ZN11Temperature13manage_heaterEv  temperature.o
    0x0001f490   0x0001f490   0x00000028   Code   RO         3673    i._ZN11Temperature13set_fan_speedEht  temperature.o
    0x0001f4b8   0x0001f4b8   0x00000010   Code   RO         3674    i._ZN11Temperature14AutoReportTemp6reportEv  temperature.o
    0x0001f4c8   0x0001f4c8   0x00000024   Code   RO         3675    i._ZN11Temperature14getHeaterPowerE11heater_id_t  temperature.o
    0x0001f4ec   0x0001f4ec   0x00000028   Code   RO         3677    i._ZN11Temperature14min_temp_errorE11heater_id_t  temperature.o
    0x0001f514   0x0001f514   0x000000ac   Code   RO         3678    i._ZN11Temperature14readings_readyEv  temperature.o
    0x0001f5c0   0x0001f5c0   0x00000010   Code   RO         3043    i._ZN11Temperature15degTargetHotendEh  tenlog_touch_lcd.o
    0x0001f5d0   0x0001f5d0   0x0000002c   Code   RO         3045    i._ZN11Temperature15isHeatingHotendEh  tenlog_touch_lcd.o
    0x0001f5fc   0x0001f5fc   0x00000034   Code   RO         2254    i._ZN11Temperature15setTargetHotendEsh  m104_m109.o
    0x0001f630   0x0001f630   0x000001c4   Code   RO         3679    i._ZN11Temperature15wait_for_hotendEhb  temperature.o
    0x0001f7f4   0x0001f7f4   0x000001e4   Code   RO         3680    i._ZN11Temperature18get_pid_output_bedEv  temperature.o
    0x0001f9d8   0x0001f9d8   0x00000088   Code   RO         3681    i._ZN11Temperature19disable_all_heatersEv  temperature.o
    0x0001fa60   0x0001fa60   0x00000094   Code   RO         3682    i._ZN11Temperature19print_heater_statesEh  temperature.o
    0x0001faf4   0x0001faf4   0x0000001c   Code   RO         3683    i._ZN11Temperature20auto_job_check_timerEbb  temperature.o
    0x0001fb10   0x0001fb10   0x000000d4   Code   RO         3685    i._ZN11Temperature21analog_to_celsius_bedEs  temperature.o
    0x0001fbe4   0x0001fbe4   0x00000254   Code   RO         3686    i._ZN11Temperature21checkExtruderAutoFansEv  temperature.o
    0x0001fe38   0x0001fe38   0x000001d8   Code   RO         3687    i._ZN11Temperature21get_pid_output_hotendEh  temperature.o
    0x00020010   0x00020010   0x00000030   Code   RO         3688    i._ZN11Temperature23auto_job_over_thresholdEv  temperature.o
    0x00020040   0x00020040   0x00000024   Code   RO         3689    i._ZN11Temperature23update_raw_temperaturesEv  temperature.o
    0x00020064   0x00020064   0x00000150   Code   RO         3690    i._ZN11Temperature24analog_to_celsius_hotendEsh  temperature.o
    0x000201b4   0x000201b4   0x00000058   Code   RO         3691    i._ZN11Temperature31updateTemperaturesFromRawValuesEv  temperature.o
    0x0002020c   0x0002020c   0x00000260   Code   RO         3692    i._ZN11Temperature3isrEv  temperature.o
    0x0002046c   0x0002046c   0x000001c8   Code   RO         3693    i._ZN11Temperature4initEv  temperature.o
    0x00020634   0x00020634   0x0000000c   Code   RO         3041    i._ZN11Temperature9degHotendEh  tenlog_touch_lcd.o
    0x00020640   0x00020640   0x00000024   Code   RO         2592    i._ZN12SpindleLaser10pct_to_ocrEf  m3-m5.o
    0x00020664   0x00020664   0x00000060   Code   RO         1480    i._ZN12SpindleLaser11apply_powerEt  spindle_laser.o
    0x000206c4   0x000206c4   0x00000006   Code   RO         2590    i._ZN12SpindleLaser12cpwr_to_upwrEt  m3-m5.o
    0x000206ca   0x000206ca   0x00000002   PAD
    0x000206cc   0x000206cc   0x000000f4   Code   RO         2588    i._ZN12SpindleLaser14power_to_rangeEth  m3-m5.o
    0x000207c0   0x000207c0   0x00000010   Code   RO         1481    i._ZN12SpindleLaser4initEv  spindle_laser.o
    0x000207d0   0x000207d0   0x00000054   Code   RO         1353    i._ZN12SpindleLaser7disableEv  marlincore.o
    0x00020824   0x00020824   0x0000000a   Code   RO         1482    i._ZN12SpindleLaser7ocr_offEv  spindle_laser.o
    0x0002082e   0x0002082e   0x0000000c   Code   RO         1483    i._ZN12SpindleLaser7set_ocrEt  spindle_laser.o
    0x0002083a   0x0002083a   0x00000002   PAD
    0x0002083c   0x0002083c   0x00000018   Code   RO         1484    i._ZN12SpindleLaser8_set_ocrEt  spindle_laser.o
    0x00020854   0x00020854   0x0000000c   Code   RO         5430    i._ZN14HardwareSerial3endEv  glib.lib(hardwareserial.o)
    0x00020860   0x00020860   0x00000036   Code   RO         5432    i._ZN14HardwareSerial4readEv  glib.lib(hardwareserial.o)
    0x00020896   0x00020896   0x00000012   Code   RO         5433    i._ZN14HardwareSerial5beginEj  glib.lib(hardwareserial.o)
    0x000208a8   0x000208a8   0x0000003a   Code   RO         5434    i._ZN14HardwareSerial5beginEjh  glib.lib(hardwareserial.o)
    0x000208e2   0x000208e2   0x0000001c   Code   RO         5435    i._ZN14HardwareSerial5flushEv  glib.lib(hardwareserial.o)
    0x000208fe   0x000208fe   0x0000001a   Code   RO         5436    i._ZN14HardwareSerial5writeEh  glib.lib(hardwareserial.o)
    0x00020918   0x00020918   0x00000012   Code   RO         1605    i._ZN14HardwareSerial5writeEi  m221.o
    0x0002092a   0x0002092a   0x00000012   Code   RO         3032    i._ZN14HardwareSerial5writeEl  tenlog_touch_lcd.o
    0x0002093c   0x0002093c   0x00000002   Code   RO         5438    i._ZN14HardwareSerial7msgDoneEv  glib.lib(hardwareserial.o)
    0x0002093e   0x0002093e   0x0000000c   Code   RO         5439    i._ZN14HardwareSerial9availableEv  glib.lib(hardwareserial.o)
    0x0002094a   0x0002094a   0x00000006   Code   RO         5440    i._ZN14HardwareSerial9connectedEv  glib.lib(hardwareserial.o)
    0x00020950   0x00020950   0x00000034   Code   RO         5441    i._ZN14HardwareSerialC1EP9usart_devhh  glib.lib(hardwareserial.o)
    0x00020984   0x00020984   0x00000014   Code   RO         3484    i._ZN14MarlinSettings10size_errorEt  settings.o
    0x00020998   0x00020998   0x0000002c   Code   RO         3584    i._ZN14MarlinSettings11EEPROM_READEPhj  settings.o
    0x000209c4   0x000209c4   0x00000084   Code   RO         3485    i._ZN14MarlinSettings11plr_fn_saveEi  settings.o
    0x00020a48   0x00020a48   0x00000088   Code   RO         3486    i._ZN14MarlinSettings11postprocessEv  settings.o
    0x00020ad0   0x00020ad0   0x00000038   Code   RO         3530    i._ZN14MarlinSettings12EEPROM_STARTEi  settings.o
    0x00020b08   0x00020b08   0x00000074   Code   RO         3487    i._ZN14MarlinSettings12plr_pre_saveEjssssfs  settings.o
    0x00020b7c   0x00020b7c   0x00000264   Code   RO         3488    i._ZN14MarlinSettings12plr_recoveryEv  settings.o
    0x00020de0   0x00020de0   0x00000018   Code   RO         3586    i._ZN14MarlinSettings16PLR_EEPROM_STARTEi  settings.o
    0x00020df8   0x00020df8   0x00000040   Code   RO         3489    i._ZN14MarlinSettings4loadEv  settings.o
    0x00020e38   0x00020e38   0x00000518   Code   RO         3490    i._ZN14MarlinSettings4saveEv  settings.o
    0x00021350   0x00021350   0x00000974   Code   RO         3491    i._ZN14MarlinSettings5_loadEv  settings.o
    0x00021cc4   0x00021cc4   0x000001ec   Code   RO         3492    i._ZN14MarlinSettings5resetEv  settings.o
    0x00021eb0   0x00021eb0   0x00000758   Code   RO         3493    i._ZN14MarlinSettings6reportEb  settings.o
    0x00022608   0x00022608   0x00000006   Code   RO         3494    i._ZN14MarlinSettings8datasizeEv  settings.o
    0x0002260e   0x0002260e   0x00000002   PAD
    0x00022610   0x00022610   0x00000054   Code   RO         3495    i._ZN14MarlinSettings8plr_saveEjaf  settings.o
    0x00022664   0x00022664   0x0000001c   Code   RO         3496    i._ZN14MarlinSettings8validateEv  settings.o
    0x00022680   0x00022680   0x00000088   Code   RO         3497    i._ZN14MarlinSettings9plr_is_plEv  settings.o
    0x00022708   0x00022708   0x0000003c   Code   RO         3498    i._ZN14MarlinSettings9plr_resetEv  settings.o
    0x00022744   0x00022744   0x00000004   Code   RO         2470    i._ZN14serial_index_tC1Ea  queue.o
    0x00022748   0x00022748   0x000000ac   Code   RO         2739    i._ZN15PersistentStore10write_dataERiPKhjPt  eeprom_bl24cxx.o
    0x000227f4   0x000227f4   0x0000000a   Code   RO         2740    i._ZN15PersistentStore12access_startEv  eeprom_bl24cxx.o
    0x000227fe   0x000227fe   0x00000004   Code   RO         2741    i._ZN15PersistentStore13access_finishEv  eeprom_bl24cxx.o
    0x00022802   0x00022802   0x00000046   Code   RO         2743    i._ZN15PersistentStore9read_dataERiPhjPtb  eeprom_bl24cxx.o
    0x00022848   0x00022848   0x00000012   Code   RO         3920    i._ZN17DiskIODriver_SDIO10writeBlockEjPKh  cardreader.o
    0x0002285a   0x0002285a   0x0000000e   Code   RO         3902    i._ZN17DiskIODriver_SDIO4initEha  cardreader.o
    0x00022868   0x00022868   0x00000012   Code   RO         3918    i._ZN17DiskIODriver_SDIO9readBlockEjPh  cardreader.o
    0x0002287a   0x0002287a   0x00000002   PAD
    0x0002287c   0x0002287c   0x00000048   Code   RO         1361    i._ZN18FilamentSensorBase18poll_runout_statesEv  marlincore.o
    0x000228c4   0x000228c4   0x00000088   Code   RO         1359    i._ZN20FilamentSensorSwitch3runEv  marlincore.o
    0x0002294c   0x0002294c   0x0000005a   Code   RO         4214    i._ZN22_INTERNAL_5_adc_c_adc110adc_setclkEv  adc.o
    0x000229a6   0x000229a6   0x00000002   PAD
    0x000229a8   0x000229a8   0x00000010   Code   RO         4215    i._ZN22_INTERNAL_5_adc_c_adc111adc_foreachEPFvP7adc_devE  adc.o
    0x000229b8   0x000229b8   0x000000b0   Code   RO         4216    i._ZN22_INTERNAL_5_adc_c_adc114adc_SetPinModeEh11en_pin_mode  adc.o
    0x00022a68   0x00022a68   0x00000036   Code   RO         4217    i._ZN22_INTERNAL_5_adc_c_adc114adc_initconfigEP7adc_dev  adc.o
    0x00022a9e   0x00022a9e   0x00000002   PAD
    0x00022aa0   0x00022aa0   0x00000028   Code   RO         4218    i._ZN22_INTERNAL_5_adc_c_adc116adc_DMAIrqConfigEv  adc.o
    0x00022ac8   0x00022ac8   0x000000c0   Code   RO         4219    i._ZN22_INTERNAL_5_adc_c_adc117adc_DMAInitConfigEP7adc_dev  adc.o
    0x00022b88   0x00022b88   0x00000020   Code   RO         4220    i._ZN22_INTERNAL_5_adc_c_adc117adc_TriggerConfigEP7adc_devj  adc.o
    0x00022ba8   0x00022ba8   0x000000a4   Code   RO         4221    i._ZN22_INTERNAL_5_adc_c_adc118adc_DmaIrqRegisterEP17stc_irq_regi_confj  adc.o
    0x00022c4c   0x00022c4c   0x0000003c   Code   RO         4222    i._ZN22_INTERNAL_5_adc_c_adc118adc_channelchonfigEP7adc_dev11en_pin_mode  adc.o
    0x00022c88   0x00022c88   0x0000002e   Code   RO         4223    i._ZN22_INTERNAL_5_adc_c_adc118adc_default_configEP7adc_dev  adc.o
    0x00022cb6   0x00022cb6   0x00000002   PAD
    0x00022cb8   0x00022cb8   0x00000048   Code   RO         4224    i._ZN22_INTERNAL_5_adc_c_adc121adc_SetChannelPinModeEPK14M4_ADC_TypeDefj11en_pin_mode  adc.o
    0x00022d00   0x00022d00   0x0000000c   Code   RO         1357    i._ZN23RunoutResponseDebounced16filament_presentEh  marlincore.o
    0x00022d0c   0x00022d0c   0x00000020   Code   RO         5675    i._ZN24_INTERNAL_7_usart_c_dev410rb_is_fullEP11ring_buffer  glib.lib(usart.o)
    0x00022d2c   0x00022d2c   0x00000012   Code   RO         5676    i._ZN24_INTERNAL_7_usart_c_dev411rb_is_emptyEP11ring_buffer  glib.lib(usart.o)
    0x00022d3e   0x00022d3e   0x0000001a   Code   RO         5677    i._ZN24_INTERNAL_7_usart_c_dev416__NVIC_EnableIRQE4IRQn  glib.lib(usart.o)
    0x00022d58   0x00022d58   0x00000028   Code   RO         5678    i._ZN24_INTERNAL_7_usart_c_dev418__NVIC_SetPriorityE4IRQnj  glib.lib(usart.o)
    0x00022d80   0x00022d80   0x0000001c   Code   RO         5679    i._ZN24_INTERNAL_7_usart_c_dev422__NVIC_ClearPendingIRQE4IRQn  glib.lib(usart.o)
    0x00022d9c   0x00022d9c   0x0000000e   Code   RO         5680    i._ZN24_INTERNAL_7_usart_c_dev47rb_initEP11ring_buffertPh  glib.lib(usart.o)
    0x00022daa   0x00022daa   0x00000006   Code   RO         5681    i._ZN24_INTERNAL_7_usart_c_dev48rb_resetEP11ring_buffer  glib.lib(usart.o)
    0x00022db0   0x00022db0   0x0000001a   Code   RO         5682    i._ZN24_INTERNAL_7_usart_c_dev49rb_insertEP11ring_bufferh  glib.lib(usart.o)
    0x00022dca   0x00022dca   0x0000001c   Code   RO         5683    i._ZN24_INTERNAL_7_usart_c_dev49rb_removeEP11ring_buffer  glib.lib(usart.o)
    0x00022de6   0x00022de6   0x00000002   PAD
    0x00022de8   0x00022de8   0x000002d0   Code   RO         4251    i._ZN28_INTERNAL_7_pwm_cpp_fdfadb1510Tim_ConfigEh  pwm.o
    0x000230b8   0x000230b8   0x00000010   Code   RO         4252    i._ZN28_INTERNAL_7_pwm_cpp_fdfadb1525TimeraUnit_IrqCallback_f0Ev  pwm.o
    0x000230c8   0x000230c8   0x00000010   Code   RO         4253    i._ZN28_INTERNAL_7_pwm_cpp_fdfadb1525TimeraUnit_IrqCallback_f1Ev  pwm.o
    0x000230d8   0x000230d8   0x00000010   Code   RO         4254    i._ZN28_INTERNAL_7_pwm_cpp_fdfadb1526TimeraUnit_IrqCallback_tltEv  pwm.o
    0x000230e8   0x000230e8   0x0000002c   Code   RO         1925    i._ZN29_INTERNAL_8_M115_cpp_d86c21268cap_lineEPKcb  m115.o
    0x00023114   0x00023114   0x0000001c   Code   RO         2429    i._ZN29_INTERNAL_9_queue_cpp_G28_STR21serial_data_availableE14serial_index_t  queue.o
    0x00023130   0x00023130   0x000000d0   Code   RO         1269    i._ZN30_INTERNAL_11_startup_cpp_F_CPU12setup_SysClkEv  startup.o
    0x00023200   0x00023200   0x0000006a   Code   RO         5322    i._ZN30_INTERNAL_9_sd_card_c_c2602c0a12SdCardInitSdEP13stc_sd_handle  glib.lib(sd_card.o)
    0x0002326a   0x0002326a   0x0000011c   Code   RO         5323    i._ZN30_INTERNAL_9_sd_card_c_c2602c0a13SdCardPowerONEP13stc_sd_handle  glib.lib(sd_card.o)
    0x00023386   0x00023386   0x00000002   PAD
    0x00023388   0x00023388   0x00000050   Code   RO         5324    i._ZN30_INTERNAL_9_sd_card_c_c2602c0a14SdCardInitHostEPK13stc_sd_handle  glib.lib(sd_card.o)
    0x000233d8   0x000233d8   0x00000150   Code   RO         5325    i._ZN30_INTERNAL_9_sd_card_c_c2602c0a14SdCardSetSpeedEP13stc_sd_handle  glib.lib(sd_card.o)
    0x00023528   0x00023528   0x000000d8   Code   RO         5326    i._ZN30_INTERNAL_9_sd_card_c_c2602c0a16DmaSdiocRxConfigEP14M4_DMA_TypeDef14en_dma_channelP16M4_SDIOC_TypeDefPht  glib.lib(sd_card.o)
    0x00023600   0x00023600   0x000000d8   Code   RO         5327    i._ZN30_INTERNAL_9_sd_card_c_c2602c0a16DmaSdiocTxConfigEP14M4_DMA_TypeDef14en_dma_channelP16M4_SDIOC_TypeDefPht  glib.lib(sd_card.o)
    0x000236d8   0x000236d8   0x00000070   Code   RO         5328    i._ZN30_INTERNAL_9_sd_card_c_c2602c0a17SdCardSetBusWidthEP13stc_sd_handle  glib.lib(sd_card.o)
    0x00023748   0x00023748   0x00000038   Code   RO         5329    i._ZN30_INTERNAL_9_sd_card_c_c2602c0a22SdCardCheckReayForDataEP13stc_sd_handlej  glib.lib(sd_card.o)
    0x00023780   0x00023780   0x00000054   Code   RO         5612    i._ZN33_INTERNAL_11_sdmmc_cmd_c_1dd5230f17SDMMC_GetCmdResp1EP16M4_SDIOC_TypeDefPjj  glib.lib(sdmmc_cmd.o)
    0x000237d4   0x000237d4   0x00000058   Code   RO         5613    i._ZN33_INTERNAL_11_sdmmc_cmd_c_1dd5230f17SDMMC_GetCmdResp2EP16M4_SDIOC_TypeDefPj  glib.lib(sdmmc_cmd.o)
    0x0002382c   0x0002382c   0x0000003c   Code   RO         5614    i._ZN33_INTERNAL_11_sdmmc_cmd_c_1dd5230f17SDMMC_GetCmdResp3EP16M4_SDIOC_TypeDefPj  glib.lib(sdmmc_cmd.o)
    0x00023868   0x00023868   0x00000050   Code   RO         5615    i._ZN33_INTERNAL_11_sdmmc_cmd_c_1dd5230f17SDMMC_GetCmdResp6EP16M4_SDIOC_TypeDefPj  glib.lib(sdmmc_cmd.o)
    0x000238b8   0x000238b8   0x0000003c   Code   RO         5616    i._ZN33_INTERNAL_11_sdmmc_cmd_c_1dd5230f17SDMMC_GetCmdResp7EP16M4_SDIOC_TypeDefPj  glib.lib(sdmmc_cmd.o)
    0x000238f4   0x000238f4   0x0000005c   Code   RO         5617    i._ZN33_INTERNAL_11_sdmmc_cmd_c_1dd5230f17SDMMC_WaitBusIdleEP16M4_SDIOC_TypeDef  glib.lib(sdmmc_cmd.o)
    0x00023950   0x00023950   0x000000b8   Code   RO         5619    i._ZN33_INTERNAL_11_sdmmc_cmd_c_1dd5230f18SDMMC_WaitResponseEP16M4_SDIOC_TypeDefj  glib.lib(sdmmc_cmd.o)
    0x00023a08   0x00023a08   0x0000005c   Code   RO         5620    i._ZN33_INTERNAL_11_sdmmc_cmd_c_1dd5230f22SDMMC_GetCardDetectionEP16M4_SDIOC_TypeDef  glib.lib(sdmmc_cmd.o)
    0x00023a64   0x00023a64   0x0000001a   Code   RO         5387    i._ZN34_INTERNAL_12_board_tim0_c_e2b14bb216__NVIC_EnableIRQE4IRQn  glib.lib(board_tim0.o)
    0x00023a7e   0x00023a7e   0x00000002   PAD
    0x00023a80   0x00023a80   0x00000028   Code   RO         5388    i._ZN34_INTERNAL_12_board_tim0_c_e2b14bb218__NVIC_SetPriorityE4IRQnj  glib.lib(board_tim0.o)
    0x00023aa8   0x00023aa8   0x0000001c   Code   RO         5389    i._ZN34_INTERNAL_12_board_tim0_c_e2b14bb222__NVIC_ClearPendingIRQE4IRQn  glib.lib(board_tim0.o)
    0x00023ac4   0x00023ac4   0x00000048   Code   RO         3225    i._ZN34_INTERNAL_12_endstops_cpp_endstops14print_es_stateEbPKc  endstops.o
    0x00023b0c   0x00023b0c   0x00000028   Code   RO         3499    i._ZN34_INTERNAL_12_settings_cpp_7a1ff5ce14config_headingEbPKcb  settings.o
    0x00023b34   0x00023b34   0x00000014   Code   RO         3826    i._ZN35_INTERNAL_14_cardreader_cpp_M23_STR13DIR_IS_SUBDIREPK14directoryEntry  cardreader.o
    0x00023b48   0x00023b48   0x00000012   Code   RO         3986    i._ZN36_INTERNAL_14_SdBaseFile_cpp_9a4d697f11DIR_IS_FILEEPK14directoryEntry  sdbasefile.o
    0x00023b5a   0x00023b5a   0x00000014   Code   RO         3987    i._ZN36_INTERNAL_14_SdBaseFile_cpp_9a4d697f13DIR_IS_SUBDIREPK14directoryEntry  sdbasefile.o
    0x00023b6e   0x00023b6e   0x0000000c   Code   RO         3988    i._ZN36_INTERNAL_14_SdBaseFile_cpp_9a4d697f21DIR_IS_FILE_OR_SUBDIREPK14directoryEntry  sdbasefile.o
    0x00023b7a   0x00023b7a   0x00000002   PAD
    0x00023b7c   0x00023b7c   0x00000078   Code   RO         5355    i._ZN36_INTERNAL_14_board_extint_c_077983cf11exti_out_chEh  glib.lib(board_extint.o)
    0x00023bf4   0x00023bf4   0x000000ec   Code   RO         5356    i._ZN36_INTERNAL_14_board_extint_c_077983cf16set_extinterruptEh10en_exti_ch11en_exti_lvl10en_int_src4IRQnPFvvE  glib.lib(board_extint.o)
    0x00023ce0   0x00023ce0   0x00000078   Code   RO         5357    i._ZN36_INTERNAL_14_board_extint_c_077983cf17exti_out_int_portEh  glib.lib(board_extint.o)
    0x00023d58   0x00023d58   0x00000080   Code   RO         3694    i._ZN37_INTERNAL_15_temperature_cpp_ca4fe82418print_heater_stateEff11heater_id_t  temperature.o
    0x00023dd8   0x00023dd8   0x00000090   Code   RO          892    i._ZN38_INTERNAL_16_hc32f46x_sdioc_c_89428c0814SdiocGetClkDivEjj  hc32f46x_sdioc.o
    0x00023e68   0x00023e68   0x00000048   Code   RO          893    i._ZN38_INTERNAL_16_hc32f46x_sdioc_c_89428c0821SdiocGetInternDataPtrEPK16M4_SDIOC_TypeDef  hc32f46x_sdioc.o
    0x00023eb0   0x00023eb0   0x00000034   Code   RO         1159    i._ZN38_INTERNAL_16_hc32f46x_usart_c_0262f0bf11UsartGetClkEPK16M4_USART_TypeDef  hc32f46x_usart.o
    0x00023ee4   0x00023ee4   0x00000170   Code   RO         1160    i._ZN38_INTERNAL_16_hc32f46x_usart_c_0262f0bf13SetScBaudrateEP16M4_USART_TypeDefj  hc32f46x_usart.o
    0x00024054   0x00024054   0x00000174   Code   RO         1161    i._ZN38_INTERNAL_16_hc32f46x_usart_c_0262f0bf15SetUartBaudrateEP16M4_USART_TypeDefj  hc32f46x_usart.o
    0x000241c8   0x000241c8   0x00000134   Code   RO         1162    i._ZN38_INTERNAL_16_hc32f46x_usart_c_0262f0bf18SetClkSyncBaudrateEP16M4_USART_TypeDefj  hc32f46x_usart.o
    0x000242fc   0x000242fc   0x00000068   Code   RO         1019    i._ZN39_INTERNAL_17_hc32f46x_timer0_c_4644dad510AsyncDelayEP15M4_TMR0_TypeDef15en_tim0_channel19en_functional_state  hc32f46x_timer0.o
    0x00024364   0x00024364   0x00000022   Code   RO         1020    i._ZN39_INTERNAL_17_hc32f46x_timer0_c_4644dad517TIMER0_GetClkModeEP15M4_TMR0_TypeDef15en_tim0_channel  hc32f46x_timer0.o
    0x00024386   0x00024386   0x0000003a   Code   RO         3053    i._ZN3IIC3ackEv     bl24cxx.o
    0x000243c0   0x000243c0   0x00000034   Code   RO         3054    i._ZN3IIC4initEv    bl24cxx.o
    0x000243f4   0x000243f4   0x0000003a   Code   RO         3055    i._ZN3IIC4nAckEv    bl24cxx.o
    0x0002442e   0x0002442e   0x0000003a   Code   RO         3056    i._ZN3IIC4stopEv    bl24cxx.o
    0x00024468   0x00024468   0x0000003a   Code   RO         3057    i._ZN3IIC5startEv   bl24cxx.o
    0x000244a2   0x000244a2   0x00000054   Code   RO         3058    i._ZN3IIC8wait_ackEv  bl24cxx.o
    0x000244f6   0x000244f6   0x0000005a   Code   RO         3059    i._ZN3IIC9read_byteEh  bl24cxx.o
    0x00024550   0x00024550   0x00000060   Code   RO         3060    i._ZN3IIC9send_byteEh  bl24cxx.o
    0x000245b0   0x000245b0   0x0000001e   Code   RO         5442    i._ZN40_INTERNAL_18_HardwareSerial_cpp_1ae1736c13rb_full_countEP11ring_buffer  glib.lib(hardwareserial.o)
    0x000245ce   0x000245ce   0x0000000c   Code   RO         5443    i._ZN40_INTERNAL_18_HardwareSerial_cpp_1ae1736c20usart_data_availableEP9usart_dev  glib.lib(hardwareserial.o)
    0x000245da   0x000245da   0x00000002   PAD
    0x000245dc   0x000245dc   0x0000019c   Code   RO         1207    i._ZN40_INTERNAL_18_hc32f46x_utility_c_985ce00315SetUartBaudrateEj  hc32f46x_utility.o
    0x00024778   0x00024778   0x000001a4   Code   RO         5467    i._ZN5Print10printFloatEdh  glib.lib(print.o)
    0x0002491c   0x0002491c   0x00000090   Code   RO         5468    i._ZN5Print11printNumberEyh  glib.lib(print.o)
    0x000249ac   0x000249ac   0x00000012   Code   RO         5470    i._ZN5Print5printEPKc  glib.lib(print.o)
    0x000249be   0x000249be   0x00000012   Code   RO         5472    i._ZN5Print5printEc  glib.lib(print.o)
    0x000249d0   0x000249d0   0x00000028   Code   RO         5473    i._ZN5Print5printEdi  glib.lib(print.o)
    0x000249f8   0x000249f8   0x00000016   Code   RO         5474    i._ZN5Print5printEhi  glib.lib(print.o)
    0x00024a0e   0x00024a0e   0x00000016   Code   RO         5475    i._ZN5Print5printEii  glib.lib(print.o)
    0x00024a24   0x00024a24   0x00000016   Code   RO         5476    i._ZN5Print5printEji  glib.lib(print.o)
    0x00024a3a   0x00024a3a   0x00000016   Code   RO         5477    i._ZN5Print5printEli  glib.lib(print.o)
    0x00024a50   0x00024a50   0x00000036   Code   RO         5479    i._ZN5Print5printExi  glib.lib(print.o)
    0x00024a86   0x00024a86   0x0000001a   Code   RO         5480    i._ZN5Print5printEyi  glib.lib(print.o)
    0x00024aa0   0x00024aa0   0x00000022   Code   RO         5481    i._ZN5Print5writeEPKc  glib.lib(print.o)
    0x00024ac2   0x00024ac2   0x00000030   Code   RO         5482    i._ZN5Print5writeEPKvj  glib.lib(print.o)
    0x00024af2   0x00024af2   0x0000001c   Code   RO         5484    i._ZN5Print7printlnEPKc  glib.lib(print.o)
    0x00024b0e   0x00024b0e   0x00000024   Code   RO         5490    i._ZN5Print7printlnEji  glib.lib(print.o)
    0x00024b32   0x00024b32   0x00000022   Code   RO         5491    i._ZN5Print7printlnEli  glib.lib(print.o)
    0x00024b54   0x00024b54   0x0000001c   Code   RO         5493    i._ZN5Print7printlnEv  glib.lib(print.o)
    0x00024b70   0x00024b70   0x0000001a   Code   RO         4092    i._ZN6SdFile5writeEPKc  sdfile.o
    0x00024b8a   0x00024b8a   0x00000014   Code   RO         4093    i._ZN6SdFile5writeEPKvt  sdfile.o
    0x00024b9e   0x00024b9e   0x0000000e   Code   RO         3890    i._ZN6SdFileC1Ev    cardreader.o
    0x00024bac   0x00024bac   0x0000001c   Code   RO         3884    i._ZN6SdFileD1Ev    cardreader.o
    0x00024bc8   0x00024bc8   0x00000044   Code   RO         3062    i._ZN7BL24CXX11readOneByteEt  bl24cxx.o
    0x00024c0c   0x00024c0c   0x0000003c   Code   RO         3064    i._ZN7BL24CXX12writeOneByteEth  bl24cxx.o
    0x00024c48   0x00024c48   0x00000008   Code   RO         3065    i._ZN7BL24CXX4initEv  bl24cxx.o
    0x00024c50   0x00024c50   0x0000001a   Code   RO         3067    i._ZN7BL24CXX5checkEv  bl24cxx.o
    0x00024c6a   0x00024c6a   0x00000014   Code   RO         3069    i._ZN7BL24CXX6_checkEv  bl24cxx.o
    0x00024c7e   0x00024c7e   0x00000002   PAD
    0x00024c80   0x00024c80   0x00000070   Code   RO         3373    i._ZN7Planner10quick_stopEv  planner.o
    0x00024cf0   0x00024cf0   0x000002f8   Code   RO         3374    i._ZN7Planner11buffer_lineEfffffhf  planner.o
    0x00024fe8   0x00024fe8   0x0000002c   Code   RO         3375    i._ZN7Planner11recalculateEv  planner.o
    0x00025014   0x00025014   0x00000038   Code   RO         3376    i._ZN7Planner11synchronizeEv  planner.o
    0x0002504c   0x0002504c   0x00000058   Code   RO         3377    i._ZN7Planner12forward_passEv  planner.o
    0x000250a4   0x000250a4   0x0000007c   Code   RO         3378    i._ZN7Planner12reverse_passEv  planner.o
    0x00025120   0x00025120   0x00000010   Code   RO         3379    i._ZN7Planner12set_max_jerkE8AxisEnumf  planner.o
    0x00025130   0x00025130   0x000000c4   Code   RO         3380    i._ZN7Planner13_buffer_stepsERK7XYZEvalIiERKS0_IfEfhf  planner.o
    0x000251f4   0x000251f4   0x000001b4   Code   RO         3381    i._ZN7Planner13autotemp_taskEv  planner.o
    0x000253a8   0x000253a8   0x000000e4   Code   RO         3382    i._ZN7Planner14buffer_segmentEfffffhf  planner.o
    0x0002548c   0x0002548c   0x00001010   Code   RO         3383    i._ZN7Planner15_populate_blockEP7block_tbRK7XYZEvalIiERKS2_IfEfhf  planner.o
    0x0002649c   0x0002649c   0x00000058   Code   RO         3385    i._ZN7Planner15set_position_mmEffff  planner.o
    0x000264f4   0x000264f4   0x0000007c   Code   RO         3386    i._ZN7Planner15sync_fan_speedsERA5_h  planner.o
    0x00026570   0x00026570   0x0000000a   Code   RO         3475    i._ZN7Planner16next_block_indexEh  planner.o
    0x0002657a   0x0002657a   0x0000000a   Code   RO         3477    i._ZN7Planner16prev_block_indexEh  planner.o
    0x00026584   0x00026584   0x00000010   Code   RO         3387    i._ZN7Planner16set_max_feedrateEhf  planner.o
    0x00026594   0x00026594   0x000000b0   Code   RO         3388    i._ZN7Planner17buffer_sync_blockEh  planner.o
    0x00026644   0x00026644   0x0000000c   Code   RO         3389    i._ZN7Planner17endstop_triggeredE8AxisEnum  planner.o
    0x00026650   0x00026650   0x0000009c   Code   RO         3390    i._ZN7Planner17get_current_blockEv  planner.o
    0x000266ec   0x000266ec   0x00000070   Code   RO         3391    i._ZN7Planner17set_e_position_mmEf  planner.o
    0x0002675c   0x0002675c   0x0000006c   Code   RO         3392    i._ZN7Planner18autotemp_M104_M109Ev  planner.o
    0x000267c8   0x000267c8   0x0000003c   Code   RO         3393    i._ZN7Planner18finish_and_disableEv  planner.o
    0x00026804   0x00026804   0x00000038   Code   RO         3394    i._ZN7Planner19check_axes_activityEv  planner.o
    0x0002683c   0x0002683c   0x000000a4   Code   RO         3395    i._ZN7Planner19forward_pass_kernelEPK7block_tPS0_h  planner.o
    0x000268e0   0x000268e0   0x00000068   Code   RO         3396    i._ZN7Planner19refresh_positioningEv  planner.o
    0x00026948   0x00026948   0x000000b0   Code   RO         3397    i._ZN7Planner19reverse_pass_kernelEP7block_tPKS0_  planner.o
    0x000269f8   0x000269f8   0x00000034   Code   RO         3398    i._ZN7Planner20get_axis_position_mmE8AxisEnum  planner.o
    0x00026a2c   0x00026a2c   0x00000028   Code   RO         3399    i._ZN7Planner20set_max_accelerationEhf  planner.o
    0x00026a54   0x00026a54   0x00000028   Code   RO         3400    i._ZN7Planner21triggered_position_mmE8AxisEnum  planner.o
    0x00026a7c   0x00026a7c   0x00000204   Code   RO         3401    i._ZN7Planner22recalculate_trapezoidsEv  planner.o
    0x00026c80   0x00026c80   0x00000016   Code   RO         3479    i._ZN7Planner23max_allowable_speed_sqrEfff  planner.o
    0x00026c96   0x00026c96   0x00000002   PAD
    0x00026c98   0x00026c98   0x000000d8   Code   RO         3402    i._ZN7Planner23set_machine_position_mmEffff  planner.o
    0x00026d70   0x00026d70   0x00000068   Code   RO         3403    i._ZN7Planner24reset_acceleration_ratesEv  planner.o
    0x00026dd8   0x00026dd8   0x00000188   Code   RO         3404    i._ZN7Planner29calculate_trapezoid_for_blockEP7block_tff  planner.o
    0x00026f60   0x00026f60   0x00000034   Code   RO         3473    i._ZN7Planner30estimate_acceleration_distanceEfff  planner.o
    0x00026f94   0x00026f94   0x000000a4   Code   RO         3405    i._ZN7Planner32calculate_volumetric_multipliersEv  planner.o
    0x00027038   0x00027038   0x00000094   Code   RO         3406    i._ZN7Planner4initEv  planner.o
    0x000270cc   0x000270cc   0x0000000e   Code   RO         3407    i._ZN7PlannerC1Ev   planner.o
    0x000270da   0x000270da   0x00000018   Code   RO         3743    i._ZN7SoftPWM3addEhh  temperature.o
    0x000270f2   0x000270f2   0x00000002   PAD
    0x000270f4   0x000270f4   0x000001a0   Code   RO         3604    i._ZN7Stepper11advance_isrEv  stepper.o
    0x00027294   0x00027294   0x00000220   Code   RO         3605    i._ZN7Stepper11do_babystepE8AxisEnumb  stepper.o
    0x000274b4   0x000274b4   0x00000038   Code   RO         3606    i._ZN7Stepper12set_positionERKiS1_S1_S1_  stepper.o
    0x000274ec   0x000274ec   0x00000020   Code   RO         3607    i._ZN7Stepper13_set_positionERKiS1_S1_S1_  stepper.o
    0x0002750c   0x0002750c   0x00000018   Code   RO         3608    i._ZN7Stepper13is_block_busyEPK7block_t  stepper.o
    0x00027524   0x00027524   0x00000014   Code   RO         3661    i._ZN7Stepper14set_directionsEh  stepper.o
    0x00027538   0x00027538   0x00000104   Code   RO         3609    i._ZN7Stepper14set_directionsEv  stepper.o
    0x0002763c   0x0002763c   0x0000000a   Code   RO         3610    i._ZN7Stepper15AWAIT_LOW_PULSEEv  stepper.o
    0x00027646   0x00027646   0x00000002   PAD
    0x00027648   0x00027648   0x000014ec   Code   RO         3611    i._ZN7Stepper15block_phase_isrEv  stepper.o
    0x00028b34   0x00028b34   0x000003bc   Code   RO         3612    i._ZN7Stepper15pulse_phase_isrEv  stepper.o
    0x00028ef0   0x00028ef0   0x0000000a   Code   RO         3613    i._ZN7Stepper16AWAIT_HIGH_PULSEEv  stepper.o
    0x00028efa   0x00028efa   0x00000002   PAD
    0x00028efc   0x00028efc   0x00000020   Code   RO         3614    i._ZN7Stepper16report_positionsEv  stepper.o
    0x00028f1c   0x00028f1c   0x000000d4   Code   RO         3615    i._ZN7Stepper17AWAIT_TIMED_PULSEEh  stepper.o
    0x00028ff0   0x00028ff0   0x00000040   Code   RO         3616    i._ZN7Stepper17endstop_triggeredE8AxisEnum  stepper.o
    0x00029030   0x00029030   0x00000050   Code   RO         3617    i._ZN7Stepper17report_a_positionERK6XYZvalIiE  stepper.o
    0x00029080   0x00029080   0x0000001c   Code   RO         3618    i._ZN7Stepper17set_axis_positionE8AxisEnumRKi  stepper.o
    0x0002909c   0x0002909c   0x00000014   Code   RO         3619    i._ZN7Stepper18triggered_positionE8AxisEnum  stepper.o
    0x000290b0   0x000290b0   0x000000d0   Code   RO         3620    i._ZN7Stepper3isrEv  stepper.o
    0x00029180   0x00029180   0x0000020c   Code   RO         3621    i._ZN7Stepper4initEv  stepper.o
    0x0002938c   0x0002938c   0x00000018   Code   RO         3659    i._ZN7Stepper7suspendEv  stepper.o
    0x000293a4   0x000293a4   0x00000014   Code   RO         3622    i._ZN7Stepper8positionE8AxisEnum  stepper.o
    0x000293b8   0x000293b8   0x00000034   Code   RO         1455    i._ZN8Babystep6add_mmE8AxisEnumf  babystep.o
    0x000293ec   0x000293ec   0x00000058   Code   RO         1456    i._ZN8Babystep9add_stepsE8AxisEnums  babystep.o
    0x00029444   0x00029444   0x00000044   Code   RO         1457    i._ZN8Babystep9step_axisE8AxisEnum  babystep.o
    0x00029488   0x00029488   0x00000014   Code   RO         3229    i._ZN8Endstops10not_homingEv  endstops.o
    0x0002949c   0x0002949c   0x00000118   Code   RO         3230    i._ZN8Endstops13event_handlerEv  endstops.o
    0x000295b4   0x000295b4   0x000000f4   Code   RO         3231    i._ZN8Endstops13report_statesEv  endstops.o
    0x000296a8   0x000296a8   0x0000001c   Code   RO         3232    i._ZN8Endstops15enable_globallyEb  endstops.o
    0x000296c4   0x000296c4   0x0000002c   Code   RO         3233    i._ZN8Endstops20validate_homing_moveEv  endstops.o
    0x000296f0   0x000296f0   0x00000088   Code   RO         3234    i._ZN8Endstops4initEv  endstops.o
    0x00029778   0x00029778   0x00000002   Code   RO         3235    i._ZN8Endstops4pollEv  endstops.o
    0x0002977a   0x0002977a   0x00000002   PAD
    0x0002977c   0x0002977c   0x00000014   Code   RO         3236    i._ZN8Endstops6enableEb  endstops.o
    0x00029790   0x00029790   0x00000028   Code   RO         3237    i._ZN8Endstops6resyncEv  endstops.o
    0x000297b8   0x000297b8   0x00000244   Code   RO         3238    i._ZN8Endstops6updateEv  endstops.o
    0x000299fc   0x000299fc   0x00000068   Code   RO         4113    i._ZN8SdVolume10cacheFlushEv  sdvolume.o
    0x00029a64   0x00029a64   0x00000020   Code   RO         4058    i._ZN8SdVolume10writeBlockEjPKh  sdbasefile.o
    0x00029a84   0x00029a84   0x00000050   Code   RO         4114    i._ZN8SdVolume13cacheRawBlockEjb  sdvolume.o
    0x00029ad4   0x00029ad4   0x000000c6   Code   RO         4115    i._ZN8SdVolume15allocContiguousEjPj  sdvolume.o
    0x00029b9a   0x00029b9a   0x00000002   PAD
    0x00029b9c   0x00029b9c   0x00000014   Code   RO         4056    i._ZN8SdVolume19cacheSetBlockNumberEjb  sdbasefile.o
    0x00029bb0   0x00029bb0   0x0000016c   Code   RO         4117    i._ZN8SdVolume4initEP12DiskIODriverh  sdvolume.o
    0x00029d1c   0x00029d1c   0x00000080   Code   RO         4118    i._ZN8SdVolume6fatGetEjPj  sdvolume.o
    0x00029d9c   0x00029d9c   0x00000088   Code   RO         4119    i._ZN8SdVolume6fatPutEjj  sdvolume.o
    0x00029e24   0x00029e24   0x00000036   Code   RO         4120    i._ZN8SdVolume9chainSizeEjPj  sdvolume.o
    0x00029e5a   0x00029e5a   0x0000003e   Code   RO         4121    i._ZN8SdVolume9freeChainEj  sdvolume.o
    0x00029e98   0x00029e98   0x00000006   Code   RO         3749    i._ZN8TempInfo5resetEv  temperature.o
    0x00029e9e   0x00029e9e   0x00000008   Code   RO         3747    i._ZN8TempInfo6sampleEt  temperature.o
    0x00029ea6   0x00029ea6   0x00000008   Code   RO         3751    i._ZN8TempInfo6updateEv  temperature.o
    0x00029eae   0x00029eae   0x00000002   PAD
    0x00029eb0   0x00029eb0   0x00000050   Code   RO         3175    i._ZN9Stopwatch4stopEv  stopwatch.o
    0x00029f00   0x00029f00   0x0000003c   Code   RO         3176    i._ZN9Stopwatch5pauseEv  stopwatch.o
    0x00029f3c   0x00029f3c   0x00000030   Code   RO         3177    i._ZN9Stopwatch5resetEv  stopwatch.o
    0x00029f6c   0x00029f6c   0x00000060   Code   RO         3178    i._ZN9Stopwatch5startEv  stopwatch.o
    0x00029fcc   0x00029fcc   0x00000044   Code   RO         3180    i._ZN9Stopwatch8durationEv  stopwatch.o
    0x0002a010   0x0002a010   0x00000014   Code   RO         2476    i._ZNK10GCodeQueue10RingBuffer4fullEh  queue.o
    0x0002a024   0x0002a024   0x0000000e   Code   RO         2472    i._ZNK10GCodeQueue10RingBuffer8occupiedEv  queue.o
    0x0002a032   0x0002a032   0x00000010   Code   RO         4063    i._ZNK10SdBaseFile5isDirEv  sdbasefile.o
    0x0002a042   0x0002a042   0x0000000e   Code   RO         4069    i._ZNK10SdBaseFile6isFileEv  sdbasefile.o
    0x0002a050   0x0002a050   0x0000000e   Code   RO         3886    i._ZNK10SdBaseFile6isOpenEv  cardreader.o
    0x0002a05e   0x0002a05e   0x00000016   Code   RO         4071    i._ZNK10SdBaseFile6isRootEv  sdbasefile.o
    0x0002a074   0x0002a074   0x00000014   Code   RO         2222    i._ZNK10duration_t3dayEv  m31.o
    0x0002a088   0x0002a088   0x00000012   Code   RO         2220    i._ZNK10duration_t4hourEv  m31.o
    0x0002a09a   0x0002a09a   0x0000000e   Code   RO         2218    i._ZNK10duration_t6minuteEv  m31.o
    0x0002a0a8   0x0002a0a8   0x000000d4   Code   RO         2216    i._ZNK10duration_t8toStringEPc  m31.o
    0x0002a17c   0x0002a17c   0x0000000e   Code   RO         4050    i._ZNK8SdVolume14blockOfClusterEj  sdbasefile.o
    0x0002a18a   0x0002a18a   0x00000002   PAD
    0x0002a18c   0x0002a18c   0x0000000c   Code   RO         4054    i._ZNK8SdVolume16cacheBlockNumberEv  sdbasefile.o
    0x0002a198   0x0002a198   0x0000000e   Code   RO         4052    i._ZNK8SdVolume17clusterStartBlockEj  sdbasefile.o
    0x0002a1a6   0x0002a1a6   0x00000002   PAD
    0x0002a1a8   0x0002a1a8   0x0000002c   Code   RO         4048    i._ZNK8SdVolume5isEOCEj  sdbasefile.o
    0x0002a1d4   0x0002a1d4   0x00000018   Code   RO         3532    i._ZSt5isnanf       settings.o
    0x0002a1ec   0x0002a1ec   0x00000010   Code   RO         2409    i._ZSt6strchrPci    parser.o
    0x0002a1fc   0x0002a1fc   0x0000005c   Code   RO         3830    i._ZZN10CardReader14getAbsFilenameEPcENKUlR6SdFileE_clES2_  cardreader.o
    0x0002a258   0x0002a258   0x00000098   Code   RO         2579    i._ZZN10GcodeSuite5M3_M4EbENKUlvE_clEv  m3-m5.o
    0x0002a2f0   0x0002a2f0   0x00000020   Code   RO         6039    i.__0printf         mc_w.l(printfa.o)
    0x0002a310   0x0002a310   0x00000028   Code   RO         6041    i.__0sprintf        mc_w.l(printfa.o)
    0x0002a338   0x0002a338   0x00000026   Code   RO         6108    i.__ARM_fpclassifyf  m_wm.l(fpclassifyf.o)
    0x0002a35e   0x0002a35e   0x00000002   PAD
    0x0002a360   0x0002a360   0x00000008   Code   RO         6156    i.__aeabi_errno_addr  mc_w.l(errno.o)
    0x0002a368   0x0002a368   0x00000024   Code   RO         5812    i.__aeabi_vec_ctor_nocookie_nodtor  cpprt_w.l(aeabi_vec_ctor_nocookie_nodtor.o)
    0x0002a38c   0x0002a38c   0x00000010   Code   RO         5724    i.__cxa_guard_acquire  cpprt_w.l(cxa_guard_acquire.o)
    0x0002a39c   0x0002a39c   0x00000004   Code   RO         5552    i.__cxa_pure_virtual  glib.lib(cxxabi-compat.o)
    0x0002a3a0   0x0002a3a0   0x000000f8   Code   RO         6184    i.__hardfp___mathlib_tofloat  m_wm.l(narrow.o)
    0x0002a498   0x0002a498   0x000002ac   Code   RO         5816    i.__hardfp_atan2f   m_wm.l(atan2f.o)
    0x0002a744   0x0002a744   0x0000006c   Code   RO         5822    i.__hardfp_ceilf    m_wm.l(ceilf.o)
    0x0002a7b0   0x0002a7b0   0x00000150   Code   RO         5825    i.__hardfp_cosf     m_wm.l(cosf.o)
    0x0002a900   0x0002a900   0x00000070   Code   RO         5842    i.__hardfp_floorf   m_wm.l(floorf.o)
    0x0002a970   0x0002a970   0x000000c2   Code   RO         5896    i.__hardfp_lroundf  m_wm.l(lroundf.o)
    0x0002aa32   0x0002aa32   0x00000002   PAD
    0x0002aa34   0x0002aa34   0x00000190   Code   RO         5869    i.__hardfp_sinf     m_wm.l(sinf.o)
    0x0002abc4   0x0002abc4   0x0000003a   Code   RO         5881    i.__hardfp_sqrtf    m_wm.l(sqrtf.o)
    0x0002abfe   0x0002abfe   0x00000002   PAD
    0x0002ac00   0x0002ac00   0x00000020   Code   RO         5887    i.__hardfp_strtof   m_wm.l(strtof.o)
    0x0002ac20   0x0002ac20   0x00000006   Code   RO         6110    i.__mathlib_flt_infnan  m_wm.l(funder.o)
    0x0002ac26   0x0002ac26   0x00000006   Code   RO         6111    i.__mathlib_flt_infnan2  m_wm.l(funder.o)
    0x0002ac2c   0x0002ac2c   0x00000010   Code   RO         6112    i.__mathlib_flt_invalid  m_wm.l(funder.o)
    0x0002ac3c   0x0002ac3c   0x00000010   Code   RO         6115    i.__mathlib_flt_underflow  m_wm.l(funder.o)
    0x0002ac4c   0x0002ac4c   0x00000012   Code   RO         6185    i.__mathlib_narrow  m_wm.l(narrow.o)
    0x0002ac5e   0x0002ac5e   0x00000002   PAD
    0x0002ac60   0x0002ac60   0x00000154   Code   RO         6118    i.__mathlib_rredf2  m_wm.l(rredf.o)
    0x0002adb4   0x0002adb4   0x0000000e   Code   RO         6399    i.__scatterload_copy  mc_w.l(handlers.o)
    0x0002adc2   0x0002adc2   0x00000002   Code   RO         6400    i.__scatterload_null  mc_w.l(handlers.o)
    0x0002adc4   0x0002adc4   0x0000000e   Code   RO         6401    i.__scatterload_zeroinit  mc_w.l(handlers.o)
    0x0002add2   0x0002add2   0x00000002   PAD
    0x0002add4   0x0002add4   0x0000000c   Code   RO         6158    i.__set_errno       mc_w.l(errno.o)
    0x0002ade0   0x0002ade0   0x00000018   Code   RO         3301    i.__sti___10_motion_cpp_db549edf  motion.o
    0x0002adf8   0x0002adf8   0x00000030   Code   RO         3408    i.__sti___11_planner_cpp_planner  planner.o
    0x0002ae28   0x0002ae28   0x00000030   Code   RO         1246    i.__sti___12_board_gpio_c_PIN_MAP  board_gpio.o
    0x0002ae58   0x0002ae58   0x0000000c   Code   RO         3239    i.__sti___12_endstops_cpp_endstops  endstops.o
    0x0002ae64   0x0002ae64   0x00000010   Code   RO         1296    i.__sti___14_MarlinCore_cpp_card  marlincore.o
    0x0002ae74   0x0002ae74   0x0000008c   Code   RO         3831    i.__sti___14_cardreader_cpp_M23_STR  cardreader.o
    0x0002af00   0x0002af00   0x00000018   Code   RO         3698    i.__sti___15_temperature_cpp_ca4fe824  temperature.o
    0x0002af18   0x0002af18   0x00000184   Code   RO         6046    i._fp_digits        mc_w.l(printfa.o)
    0x0002b09c   0x0002b09c   0x0000000e   Code   RO         6377    i._is_digit         mc_w.l(scanf_fp.o)
    0x0002b0aa   0x0002b0aa   0x00000002   PAD
    0x0002b0ac   0x0002b0ac   0x000006b4   Code   RO         6047    i._printf_core      mc_w.l(printfa.o)
    0x0002b760   0x0002b760   0x00000024   Code   RO         6048    i._printf_post_padding  mc_w.l(printfa.o)
    0x0002b784   0x0002b784   0x0000002e   Code   RO         6049    i._printf_pre_padding  mc_w.l(printfa.o)
    0x0002b7b2   0x0002b7b2   0x0000000a   Code   RO         6051    i._sputc            mc_w.l(printfa.o)
    0x0002b7bc   0x0002b7bc   0x00000054   Code   RO         4226    i.adc_read          adc.o
    0x0002b810   0x0002b810   0x00000062   Code   RO         5361    i.attachInterrupt   glib.lib(board_extint.o)
    0x0002b872   0x0002b872   0x00000002   PAD
    0x0002b874   0x0002b874   0x00000044   Code   RO         5541    i.dtostrf           glib.lib(dtostrf.o)
    0x0002b8b8   0x0002b8b8   0x00000088   Code   RO          566    i.enIrqRegistration  hc32f46x_interrupts.o
    0x0002b940   0x0002b940   0x00000024   Code   RO          569    i.enShareIrqEnable  hc32f46x_interrupts.o
    0x0002b964   0x0002b964   0x00000010   Code   RO         1208    i.fputc             hc32f46x_utility.o
    0x0002b974   0x0002b974   0x00000050   Code   RO         6053    i.free              mc_w.l(malloc.o)
    0x0002b9c4   0x0002b9c4   0x00000004   PAD
    0x0002b9c8   0x0002b9c8   0x0000008c   Code   RO         6374    i.frexp             m_wm.l(frexp.o)
    0x0002ba54   0x0002ba54   0x00000040   Code   RO         1270    i.init              startup.o
    0x0002ba94   0x0002ba94   0x00000012   Code   RO         6358    i.isspace           glib.lib(wstring.o)
    0x0002baa6   0x0002baa6   0x00000008   Code   RO         5557    i.iwdg_feed         glib.lib(iwdg.o)
    0x0002baae   0x0002baae   0x0000003c   Code   RO         5558    i.iwdg_init         glib.lib(iwdg.o)
    0x0002baea   0x0002baea   0x00000002   PAD
    0x0002baec   0x0002baec   0x00000050   Code   RO         1297    i.loop              marlincore.o
    0x0002bb3c   0x0002bb3c   0x0000000c   Code   RO         1236    i.main              main.o
    0x0002bb48   0x0002bb48   0x0000006c   Code   RO         6054    i.malloc            mc_w.l(malloc.o)
    0x0002bbb4   0x0002bbb4   0x0000000c   Code   RO         5393    i.millis            glib.lib(board_tim0.o)
    0x0002bbc0   0x0002bbc0   0x000004dc   Code   RO         1298    i.setup             marlincore.o
    0x0002c09c   0x0002c09c   0x00000002   Code   RO         5362    i.setup_Extinterrupt  glib.lib(board_extint.o)
    0x0002c09e   0x0002c09e   0x00000002   PAD
    0x0002c0a0   0x0002c0a0   0x00000014   Code   RO         4227    i.setup_adcs        adc.o
    0x0002c0b4   0x0002c0b4   0x00000022   Code   RO         1247    i.setup_gpio        board_gpio.o
    0x0002c0d6   0x0002c0d6   0x0000004a   Code   RO         5394    i.setup_systick     glib.lib(board_tim0.o)
    0x0002c120   0x0002c120   0x00000002   Code   RO         5395    i.setup_time        glib.lib(board_tim0.o)
    0x0002c122   0x0002c122   0x00000002   PAD
    0x0002c124   0x0002c124   0x00000090   Code   RO         5396    i.setup_time2A      glib.lib(board_tim0.o)
    0x0002c1b4   0x0002c1b4   0x0000008c   Code   RO         5397    i.setup_time2B      glib.lib(board_tim0.o)
    0x0002c240   0x0002c240   0x0000002c   Code   RO         4183    i.steup_sdio        sdio_f1.o
    0x0002c26c   0x0002c26c   0x00000020   Code   RO         5398    i.timer_disable_irq  glib.lib(board_tim0.o)
    0x0002c28c   0x0002c28c   0x00000020   Code   RO         5399    i.timer_enable_irq  glib.lib(board_tim0.o)
    0x0002c2ac   0x0002c2ac   0x00000020   Code   RO         5400    i.timer_get_count   glib.lib(board_tim0.o)
    0x0002c2cc   0x0002c2cc   0x0000001e   Code   RO         5401    i.timer_irq_enabled  glib.lib(board_tim0.o)
    0x0002c2ea   0x0002c2ea   0x0000001c   Code   RO         5402    i.timer_preset_compare  glib.lib(board_tim0.o)
    0x0002c306   0x0002c306   0x00000002   PAD
    0x0002c308   0x0002c308   0x0000002c   Code   RO         5403    i.timer_set_compare  glib.lib(board_tim0.o)
    0x0002c334   0x0002c334   0x0000002c   Code   RO         5684    i.usart_disable     glib.lib(usart.o)
    0x0002c360   0x0002c360   0x000002ac   Code   RO         5685    i.usart_enable      glib.lib(usart.o)
    0x0002c60c   0x0002c60c   0x00000032   Code   RO         5686    i.usart_init        glib.lib(usart.o)
    0x0002c63e   0x0002c63e   0x00000010   Code   RO         5689    i.usart_set_baud_rate  glib.lib(usart.o)
    0x0002c64e   0x0002c64e   0x00000002   PAD
    0x0002c650   0x0002c650   0x0000008c   Code   RO         5690    i.usart_tx          glib.lib(usart.o)
    0x0002c6dc   0x0002c6dc   0x00000002   Code   RO         5548    i.yield             glib.lib(wirish_time.o)
    0x0002c6de   0x0002c6de   0x00000002   PAD
    0x0002c6e0   0x0002c6e0   0x0000001c   Code   RO         2605    t._Z11SERIAL_CHARIJcEEvcDpT_  m900.o
    0x0002c6fc   0x0002c6fc   0x0000001c   Code   RO         1603    t._Z11SERIAL_CHARIJiEEvcDpT_  m221.o
    0x0002c718   0x0002c718   0x00000014   Code   RO         3741    t._Z11SERIAL_ECHOI11heater_id_tEvT_  temperature.o
    0x0002c72c   0x0002c72c   0x00000014   Code   RO         1418    t._Z11SERIAL_ECHOIPKcEvT_  serial.o
    0x0002c740   0x0002c740   0x00000014   Code   RO         3745    t._Z11SERIAL_ECHOIPcEvT_  temperature.o
    0x0002c754   0x0002c754   0x00000030   Code   RO         1424    t._Z11SERIAL_ECHOIfEvT_  serial.o
    0x0002c784   0x0002c784   0x00000014   Code   RO         1428    t._Z11SERIAL_ECHOIhEvT_  serial.o
    0x0002c798   0x0002c798   0x00000014   Code   RO         1347    t._Z11SERIAL_ECHOIiEvT_  marlincore.o
    0x0002c7ac   0x0002c7ac   0x00000014   Code   RO         1430    t._Z11SERIAL_ECHOIjEvT_  serial.o
    0x0002c7c0   0x0002c7c0   0x00000014   Code   RO         1422    t._Z11SERIAL_ECHOIlEvT_  serial.o
    0x0002c7d4   0x0002c7d4   0x00000014   Code   RO         2382    t._Z11SERIAL_ECHOItEvT_  gcode.o
    0x0002c7e8   0x0002c7e8   0x00000014   Code   RO         2384    t._Z13SERIAL_ECHOLNIPKcEvT_  gcode.o
    0x0002c7fc   0x0002c7fc   0x00000014   Code   RO         1943    t._Z13SERIAL_ECHOLNIPcEvT_  m118.o
    0x0002c810   0x0002c810   0x00000014   Code   RO         3882    t._Z13SERIAL_ECHOLNIjEvT_  cardreader.o
    0x0002c824   0x0002c824   0x00000014   Code   RO         2458    t._Z13SERIAL_ECHOLNIlEvT_  queue.o
    0x0002c838   0x0002c838   0x00000028   Code   RO         3574    t._ZN14MarlinSettings11EEPROM_READI5PID_tEEvRT_  settings.o
    0x0002c860   0x0002c860   0x00000028   Code   RO         3578    t._ZN14MarlinSettings11EEPROM_READI5XYvalIfEEEvRT_  settings.o
    0x0002c888   0x0002c888   0x00000028   Code   RO         3582    t._ZN14MarlinSettings11EEPROM_READI6XYZvalIfEEEvRT_  settings.o
    0x0002c8b0   0x0002c8b0   0x00000028   Code   RO         3564    t._ZN14MarlinSettings11EEPROM_READIA20_cEEvRT_  settings.o
    0x0002c8d8   0x0002c8d8   0x00000028   Code   RO         3576    t._ZN14MarlinSettings11EEPROM_READIaEEvRT_  settings.o
    0x0002c900   0x0002c900   0x00000028   Code   RO         3570    t._ZN14MarlinSettings11EEPROM_READIbEEvRT_  settings.o
    0x0002c928   0x0002c928   0x00000028   Code   RO         3568    t._ZN14MarlinSettings11EEPROM_READIfEEvRT_  settings.o
    0x0002c950   0x0002c950   0x00000028   Code   RO         3566    t._ZN14MarlinSettings11EEPROM_READIhEEvRT_  settings.o
    0x0002c978   0x0002c978   0x00000028   Code   RO         3572    t._ZN14MarlinSettings11EEPROM_READIsEEvRT_  settings.o
    0x0002c9a0   0x0002c9a0   0x00000028   Code   RO         3562    t._ZN14MarlinSettings11EEPROM_READItEEvRT_  settings.o
    0x0002c9c8   0x0002c9c8   0x0000001c   Code   RO         3558    t._ZN14MarlinSettings12EEPROM_WRITEI5PID_tEEvRKT_  settings.o
    0x0002c9e4   0x0002c9e4   0x0000001c   Code   RO         3560    t._ZN14MarlinSettings12EEPROM_WRITEI5XYvalIfEEEvRKT_  settings.o
    0x0002ca00   0x0002ca00   0x0000001c   Code   RO         3552    t._ZN14MarlinSettings12EEPROM_WRITEI6XYZvalIfEEEvRKT_  settings.o
    0x0002ca1c   0x0002ca1c   0x0000001c   Code   RO         3554    t._ZN14MarlinSettings12EEPROM_WRITEIA1_fEEvRKT_  settings.o
    0x0002ca38   0x0002ca38   0x0000001c   Code   RO         3542    t._ZN14MarlinSettings12EEPROM_WRITEIA20_cEEvRKT_  settings.o
    0x0002ca54   0x0002ca54   0x0000001c   Code   RO         3540    t._ZN14MarlinSettings12EEPROM_WRITEIA4_cEEvRKT_  settings.o
    0x0002ca70   0x0002ca70   0x0000001c   Code   RO         3548    t._ZN14MarlinSettings12EEPROM_WRITEIaEEvRKT_  settings.o
    0x0002ca8c   0x0002ca8c   0x0000001c   Code   RO         3556    t._ZN14MarlinSettings12EEPROM_WRITEIbEEvRKT_  settings.o
    0x0002caa8   0x0002caa8   0x0000001c   Code   RO         3550    t._ZN14MarlinSettings12EEPROM_WRITEIfEEvRKT_  settings.o
    0x0002cac4   0x0002cac4   0x0000001c   Code   RO         3544    t._ZN14MarlinSettings12EEPROM_WRITEIhEEvRKT_  settings.o
    0x0002cae0   0x0002cae0   0x0000001c   Code   RO         3546    t._ZN14MarlinSettings12EEPROM_WRITEIsEEvRKT_  settings.o
    0x0002cafc   0x0002cafc   0x0000001c   Code   RO         3538    t._ZN14MarlinSettings12EEPROM_WRITEItEEvRKT_  settings.o
    0x0002cb18   0x0002cb18   0x00000028   Code   RO         3592    t._ZN14MarlinSettings15PLR_EEPROM_READIjEEvRT_  settings.o
    0x0002cb40   0x0002cb40   0x00000028   Code   RO         3594    t._ZN14MarlinSettings15PLR_EEPROM_READIsEEvRT_  settings.o
    0x0002cb68   0x0002cb68   0x0000001c   Code   RO         3590    t._ZN14MarlinSettings16PLR_EEPROM_WRITEIcEEvRKT_  settings.o
    0x0002cb84   0x0002cb84   0x0000001c   Code   RO         3588    t._ZN14MarlinSettings16PLR_EEPROM_WRITEIsEEvRKT_  settings.o
    0x0002cba0   0x0002cba0   0x00000020   Code   RO         3580    t._ZN14MarlinSettings18EEPROM_READ_ALWAYSIhEEvRT_  settings.o
    0x0002cbc0   0x0002cbc0   0x000000e4   Code   RO         1349    t._ZN16TFilamentMonitorI23RunoutResponseDebounced20FilamentSensorSwitchE3runEv  marlincore.o
    0x0002cca4   0x0002cca4   0x0000002c   Code   RO         3534    t._ZN16TFilamentMonitorI23RunoutResponseDebounced20FilamentSensorSwitchE5resetEv  settings.o
    0x0002ccd0   0x0002ccd0   0x0000001a   Code   RO         2013    t._ZN30_INTERNAL_9_G2_G3_cpp_e4fdbed73ABSIfEEKT_S1_  g2_g3.o
    0x0002ccea   0x0002ccea   0x0000001a   Code   RO         3302    t._ZN32_INTERNAL_10_motion_cpp_db549edf3ABSIfEEKT_S1_  motion.o
    0x0002cd04   0x0002cd04   0x00000014   Code   RO         3303    t._ZN32_INTERNAL_10_motion_cpp_db549edf6NOLESSIffEEvRT_T0_  motion.o
    0x0002cd18   0x0002cd18   0x00000014   Code   RO         3304    t._ZN32_INTERNAL_10_motion_cpp_db549edf6NOMOREIffEEvRT_T0_  motion.o
    0x0002cd2c   0x0002cd2c   0x0000001a   Code   RO         3409    t._ZN32_INTERNAL_11_planner_cpp_planner3ABSIfEEKT_S1_  planner.o
    0x0002cd46   0x0002cd46   0x0000000e   Code   RO         3410    t._ZN32_INTERNAL_11_planner_cpp_planner3ABSIiEEKT_S1_  planner.o
    0x0002cd54   0x0002cd54   0x0000001a   Code   RO         3411    t._ZN32_INTERNAL_11_planner_cpp_planner4_MAXIffEEDTplfpK_fpK0_ET_T0_  planner.o
    0x0002cd6e   0x0002cd6e   0x0000000e   Code   RO         3412    t._ZN32_INTERNAL_11_planner_cpp_planner4_MAXIjjEEDTplfpK_fpK0_ET_T0_  planner.o
    0x0002cd7c   0x0002cd7c   0x0000001a   Code   RO         3413    t._ZN32_INTERNAL_11_planner_cpp_planner4_MINIffEEDTplfpK_fpK0_ET_T0_  planner.o
    0x0002cd96   0x0002cd96   0x00000014   Code   RO         3414    t._ZN32_INTERNAL_11_planner_cpp_planner6NOLESSIffEEvRT_T0_  planner.o
    0x0002cdaa   0x0002cdaa   0x0000000a   Code   RO         3415    t._ZN32_INTERNAL_11_planner_cpp_planner6NOLESSIjjEEvRT_T0_  planner.o
    0x0002cdb4   0x0002cdb4   0x00000014   Code   RO         3416    t._ZN32_INTERNAL_11_planner_cpp_planner6NOMOREIffEEvRT_T0_  planner.o
    0x0002cdc8   0x0002cdc8   0x0000001c   Code   RO         3417    t._ZN32_INTERNAL_11_planner_cpp_planner6NOMOREIjfEEvRT_T0_  planner.o
    0x0002cde4   0x0002cde4   0x0000000a   Code   RO         3418    t._ZN32_INTERNAL_11_planner_cpp_planner6NOMOREIjjEEvRT_T0_  planner.o
    0x0002cdee   0x0002cdee   0x0000000e   Code   RO         3623    t._ZN33_INTERNAL_11_stepper_cpp_209733ab4_MAXIjmEEDTplfpK_fpK0_ET_T0_  stepper.o
    0x0002cdfc   0x0002cdfc   0x0000000e   Code   RO         3624    t._ZN33_INTERNAL_11_stepper_cpp_209733ab4_MAXImmEEDTplfpK_fpK0_ET_T0_  stepper.o
    0x0002ce0a   0x0002ce0a   0x0000000e   Code   RO         3625    t._ZN33_INTERNAL_11_stepper_cpp_209733ab4_MINIjjEEDTplfpK_fpK0_ET_T0_  stepper.o
    0x0002ce18   0x0002ce18   0x0000000e   Code   RO         3626    t._ZN33_INTERNAL_11_stepper_cpp_209733ab4_MINIjmEEDTplfpK_fpK0_ET_T0_  stepper.o
    0x0002ce26   0x0002ce26   0x0000000e   Code   RO         3503    t._ZN34_INTERNAL_12_settings_cpp_7a1ff5ce4_MINIhiEEDTplfpK_fpK0_ET_T0_  settings.o
    0x0002ce34   0x0002ce34   0x0000001a   Code   RO         3699    t._ZN37_INTERNAL_15_temperature_cpp_ca4fe8243ABSIfEEKT_S1_  temperature.o
    0x0002ce4e   0x0002ce4e   0x0000000e   Code   RO         3700    t._ZN37_INTERNAL_15_temperature_cpp_ca4fe8244_MINIsiEEDTplfpK_fpK0_ET_T0_  temperature.o
    0x0002ce5c   0x0002ce5c   0x0000000c   Code   RO         2390    t._ZN8restorerIN10GcodeSuite15MarlinBusyStateEED1Ev  gcode.o
    0x0002ce68   0x0002ce68   0x0000000c   Code   RO         3755    t._ZN8restorerIbED1Ev  temperature.o
    0x0002ce74   0x0002ce74   0x00000010   Data   RO         1199    .constdata          hc32f46x_usart.o
    0x0002ce84   0x0002ce84   0x000003f4   Data   RO         1251    .constdata          board_gpio.o
    0x0002d278   0x0002d278   0x00000039   Data   RO         1320    .constdata          marlincore.o
    0x0002d2b1   0x0002d2b1   0x0000004d   Data   RO         1416    .constdata          serial.o
    0x0002d2fe   0x0002d2fe   0x00000004   Data   RO         1552    .constdata          m92.o
    0x0002d302   0x0002d302   0x00000004   Data   RO         1574    .constdata          m200-m205.o
    0x0002d306   0x0002d306   0x00000002   PAD
    0x0002d308   0x0002d308   0x0000003c   Data   RO         1715    .constdata          m111.o
    0x0002d344   0x0002d344   0x00000004   Data   RO         1865    .constdata          g92.o
    0x0002d348   0x0002d348   0x00000014   Data   RO         2453    .constdata          queue.o
    0x0002d35c   0x0002d35c   0x0000001c   Data   RO         3025    .constdata          tenlog_touch_lcd.o
    0x0002d378   0x0002d378   0x0000000e   Data   RO         3255    .constdata          endstops.o
    0x0002d386   0x0002d386   0x00000015   Data   RO         3350    .constdata          motion.o
    0x0002d39b   0x0002d39b   0x00000001   PAD
    0x0002d39c   0x0002d39c   0x000000bc   Data   RO         3524    .constdata          settings.o
    0x0002d458   0x0002d458   0x00000154   Data   RO         3735    .constdata          temperature.o
    0x0002d5ac   0x0002d5ac   0x0000001c   Data   RO         3878    .constdata          cardreader.o
    0x0002d5c8   0x0002d5c8   0x00000020   Data   RO         6119    .constdata          m_wm.l(rredf.o)
    0x0002d5e8   0x0002d5e8   0x00000081   Data   RO         6140    .constdata          mc_w.l(ctype_o.o)
    0x0002d669   0x0002d669   0x00000003   PAD
    0x0002d66c   0x0002d66c   0x00000004   Data   RO         6141    .constdata          mc_w.l(ctype_o.o)
    0x0002d670   0x0002d670   0x0000003c   Data   RO         3895    .constdata__ZTV12DiskIODriver  cardreader.o
    0x0002d6ac   0x0002d6ac   0x00000024   Data   RO         5460    .constdata__ZTV14HardwareSerial  glib.lib(hardwareserial.o)
    0x0002d6d0   0x0002d6d0   0x0000003c   Data   RO         3897    .constdata__ZTV17DiskIODriver_SDIO  cardreader.o
    0x0002d70c   0x0002d70c   0x00000014   Data   RO         5531    .constdata__ZTV5Print  glib.lib(print.o)
    0x0002d720   0x0002d720   0x00000024   Data   RO         5462    .constdata__ZTV6Stream  glib.lib(hardwareserial.o)
    0x0002d744   0x0002d744   0x0000000c   Data   RO         3364    .constdata__ZZ10max_length8AxisEnumE12max_length_P  motion.o
    0x0002d750   0x0002d750   0x0000000c   Data   RO         3363    .constdata__ZZ12base_max_pos8AxisEnumE14base_max_pos_P  motion.o
    0x0002d75c   0x0002d75c   0x0000000c   Data   RO         3362    .constdata__ZZ12base_min_pos8AxisEnumE14base_min_pos_P  motion.o
    0x0002d768   0x0002d768   0x0000000c   Data   RO         3365    .constdata__ZZ12home_bump_mm8AxisEnumE14home_bump_mm_P  motion.o
    0x0002d774   0x0002d774   0x00000011   Data   RO         3739    .constdata__ZZ12say_default_vEs  temperature.o
    0x0002d785   0x0002d785   0x00000003   PAD
    0x0002d788   0x0002d788   0x0000000c   Data   RO         1882    .constdata__ZZ13base_home_pos8AxisEnumE15base_home_pos_P  m206_m428.o
    0x0002d794   0x0002d794   0x00000006   Data   RO         1328    .constdata__ZZ15abortSDPrintingvEs  marlincore.o
    0x0002d79a   0x0002d79a   0x00000007   Data   RO         1329    .constdata__ZZ15abortSDPrintingvEs_0  marlincore.o
    0x0002d7a1   0x0002d7a1   0x00000004   Data   RO         1330    .constdata__ZZ15abortSDPrintingvEs_1  marlincore.o
    0x0002d7a5   0x0002d7a5   0x00000006   Data   RO         1331    .constdata__ZZ16finishSDPrintingvEs  marlincore.o
    0x0002d7ab   0x0002d7ab   0x0000003d   Data   RO         1332    .constdata__ZZ17manage_inactivitybEs  marlincore.o
    0x0002d7e8   0x0002d7e8   0x00000012   Data   RO         3774    .constdata__ZZ22invalid_extruder_errorhEs  tool_change.o
    0x0002d7fa   0x0002d7fa   0x00000004   Data   RO         2456    .constdata__ZZ6is_M29PKcEs  queue.o
    0x0002d7fe   0x0002d7fe   0x00000003   Data   RO         1883    .constdata__ZZ8home_dir8AxisEnumE10home_dir_P  m206_m428.o
    0x0002d801   0x0002d801   0x00000003   Data   RO         3740    .constdata__ZZ9loud_killPKc11heater_id_tEs_4  temperature.o
    0x0002d804   0x0002d804   0x00000006   Data   RO         3528    .constdata__ZZ9say_unitsbEs  settings.o
    0x0002d80a   0x0002d80a   0x00000003   Data   RO         3529    .constdata__ZZ9say_unitsbEs_0  settings.o
    0x0002d80d   0x0002d80d   0x0000000f   Data   RO         2457    .constdata__ZZN10GCodeQueue19get_sdcard_commandsEvEs  queue.o
    0x0002d81c   0x0002d81c   0x0000000c   Data   RO         3527    .constdata__ZZN14MarlinSettings12EEPROM_STARTEiEs  settings.o
    0x0002d828   0x0002d828   0x00000011   Data   RO         1333    .constdata__ZZN16TFilamentMonitorI23RunoutResponseDebounced20FilamentSensorSwitchE3runEvEs  marlincore.o
    0x0002d839   0x0002d839   0x00000005   Data   RO         1334    .constdata__ZZN16TFilamentMonitorI23RunoutResponseDebounced20FilamentSensorSwitchE3runEvEs_0  marlincore.o
    0x0002d83e   0x0002d83e   0x00000009   Data   RO         1335    .constdata__ZZN16TFilamentMonitorI23RunoutResponseDebounced20FilamentSensorSwitchE3runEvEs_1  marlincore.o
    0x0002d847   0x0002d847   0x00000011   Data   RO         1325    .constdata__ZZN20FilamentSensorSwitch3runEvEs  marlincore.o
    0x0002d858   0x0002d858   0x00000005   Data   RO         1326    .constdata__ZZN20FilamentSensorSwitch3runEvEs_0  marlincore.o
    0x0002d85d   0x0002d85d   0x00000004   Data   RO         1327    .constdata__ZZN20FilamentSensorSwitch3runEvEs_1  marlincore.o
    0x0002d861   0x0002d861   0x00000014   Data   RO         2211    .constdata__ZZNK10duration_t8toStringEPcEs  m31.o
    0x0002d875   0x0002d875   0x00000010   Data   RO         2212    .constdata__ZZNK10duration_t8toStringEPcEs_0  m31.o
    0x0002d885   0x0002d885   0x0000000c   Data   RO         2213    .constdata__ZZNK10duration_t8toStringEPcEs_1  m31.o
    0x0002d891   0x0002d891   0x00000008   Data   RO         2214    .constdata__ZZNK10duration_t8toStringEPcEs_2  m31.o
    0x0002d899   0x0002d899   0x00000004   Data   RO         2215    .constdata__ZZNK10duration_t8toStringEPcEs_3  m31.o
    0x0002d89d   0x0002d89d   0x00000003   PAD
    0x0002d8a0   0x0002d8a0   0x000000cc   Data   RO         1931    .conststring        m115.o
    0x0002d96c   0x0002d96c   0x00000077   Data   RO         2454    .conststring        queue.o
    0x0002d9e3   0x0002d9e3   0x00000001   PAD
    0x0002d9e4   0x0002d9e4   0x0000008f   Data   RO         3026    .conststring        tenlog_touch_lcd.o
    0x0002da73   0x0002da73   0x00000001   PAD
    0x0002da74   0x0002da74   0x000000c9   Data   RO         3525    .conststring        settings.o
    0x0002db3d   0x0002db3d   0x00000003   PAD
    0x0002db40   0x0002db40   0x0000005d   Data   RO         3736    .conststring        temperature.o
    0x0002db9d   0x0002db9d   0x00000003   PAD
    0x0002dba0   0x0002dba0   0x00000020   Data   RO         6398    Region$$Table       anon$$obj.o
    0x0002dbc0   0x0002dbc0   0x00000004   Data   RO         1242    .init_array.00101   main.o
    0x0002dbc4   0x0002dbc0   0x00000004   Data   RO         1252    .init_array         board_gpio.o
    0x0002dbc8   0x0002dbc0   0x00000004   Data   RO         1323    .init_array         marlincore.o
    0x0002dbcc   0x0002dbc0   0x00000004   Data   RO         3257    .init_array         endstops.o
    0x0002dbd0   0x0002dbc0   0x00000004   Data   RO         3352    .init_array         motion.o
    0x0002dbd4   0x0002dbc0   0x00000004   Data   RO         3472    .init_array         planner.o
    0x0002dbd8   0x0002dbc0   0x00000004   Data   RO         3738    .init_array         temperature.o
    0x0002dbdc   0x0002dbc0   0x00000004   Data   RO         3880    .init_array         cardreader.o
    0x0002dbe0   0x0002dbc0   0x00000000   Data   RO         6070    .init_array         mc_w.l(cpp_init.o)


    Execution Region RW_IRAM1 (Exec base: 0x1fff8000, Load base: 0x0002dbe0, Size: 0x000060c0, Max: 0x00008000, ABSOLUTE, COMPRESSED[0x0000014c])

    Exec Addr    Load Addr    Size         Type   Attr      Idx    E Section Name        Object

    0x1fff8000   COMPRESSED   0x00000001   Data   RW          225    .data               hc32f46x_dmac.o
    0x1fff8001   COMPRESSED   0x00000009   Data   RW         1215    .data               hc32f46x_utility.o
    0x1fff800a   COMPRESSED   0x00000002   PAD
    0x1fff800c   COMPRESSED   0x00000004   Data   RW         1264    .data               system_hc32f460petb.o
    0x1fff8010   COMPRESSED   0x00000004   Data   RW         1274    .data               startup.o
    0x1fff8014   COMPRESSED   0x00000003   Data   RW         1322    .data               marlincore.o
    0x1fff8017   COMPRESSED   0x00000001   Data   RW         1417    .data               serial.o
    0x1fff8018   COMPRESSED   0x00000008   Data   RW         1464    .data               babystep.o
    0x1fff8020   COMPRESSED   0x00000004   Data   RW         1476    .data               runout.o
    0x1fff8024   COMPRESSED   0x0000000d   Data   RW         1499    .data               spindle_laser.o
    0x1fff8031   COMPRESSED   0x00000001   PAD
    0x1fff8032   COMPRESSED   0x00000002   Data   RW         1591    .data               m220.o
    0x1fff8034   COMPRESSED   0x00000018   Data   RW         2381    .data               gcode.o
    0x1fff804c   COMPRESSED   0x0000001d   Data   RW         2408    .data               parser.o
    0x1fff8069   COMPRESSED   0x00000003   PAD
    0x1fff806c   COMPRESSED   0x00000008   Data   RW         2455    .data               queue.o
    0x1fff8074   COMPRESSED   0x00000002   Data   RW         2830    .data               hal.o
    0x1fff8076   COMPRESSED   0x00000002   Data   RW         2865    .data               timers.o
    0x1fff8078   COMPRESSED   0x00000001   Data   RW         2881    .data               watchdog.o
    0x1fff8079   COMPRESSED   0x00000003   PAD
    0x1fff807c   COMPRESSED   0x00000095   Data   RW         3027    .data               tenlog_touch_lcd.o
    0x1fff8111   COMPRESSED   0x00000003   PAD
    0x1fff8114   COMPRESSED   0x00000010   Data   RW         3190    .data               stopwatch.o
    0x1fff8124   COMPRESSED   0x0000000e   Data   RW         3256    .data               endstops.o
    0x1fff8132   COMPRESSED   0x00000002   PAD
    0x1fff8134   COMPRESSED   0x00000032   Data   RW         3351    .data               motion.o
    0x1fff8166   COMPRESSED   0x00000002   PAD
    0x1fff8168   COMPRESSED   0x00000050   Data   RW         3471    .data               planner.o
    0x1fff81b8   COMPRESSED   0x00000011   Data   RW         3526    .data               settings.o
    0x1fff81c9   COMPRESSED   0x00000003   PAD
    0x1fff81cc   COMPRESSED   0x00000050   Data   RW         3657    .data               stepper.o
    0x1fff821c   COMPRESSED   0x0000005a   Data   RW         3737    .data               temperature.o
    0x1fff8276   COMPRESSED   0x00000002   PAD
    0x1fff8278   COMPRESSED   0x0000002c   Data   RW         3879    .data               cardreader.o
    0x1fff82a4   COMPRESSED   0x00000008   Data   RW         4046    .data               sdbasefile.o
    0x1fff82ac   COMPRESSED   0x00000010   Data   RW         4135    .data               sdvolume.o
    0x1fff82bc   COMPRESSED   0x00000070   Data   RW         4176    .data               esp32_wifi.o
    0x1fff832c   COMPRESSED   0x00000018   Data   RW         4207    .data               sdio_hal.o
    0x1fff8344   COMPRESSED   0x00000046   Data   RW         4243    .data               adc.o
    0x1fff838a   COMPRESSED   0x00000002   PAD
    0x1fff838c   COMPRESSED   0x00000005   Data   RW         5425    .data               glib.lib(board_tim0.o)
    0x1fff8391   COMPRESSED   0x00000003   PAD
    0x1fff8394   COMPRESSED   0x000004ac   Data   RW         5540    .data               glib.lib(usart_f1.o)
    0x1fff8840   COMPRESSED   0x00000010   Data   RW         5723    .data               glib.lib(usart.o)
    0x1fff8850   COMPRESSED   0x00000004   Data   RW         6136    .data               mc_w.l(stdout.o)
    0x1fff8854   COMPRESSED   0x00000004   Data   RW         6154    .data               mc_w.l(mvars.o)
    0x1fff8858   COMPRESSED   0x00000004   Data   RW         6155    .data               mc_w.l(mvars.o)
    0x1fff885c   COMPRESSED   0x00000004   Data   RW         6159    .data               mc_w.l(errno.o)
    0x1fff8860   COMPRESSED   0x00000004   Data   RW         6164    .data               mc_w.l(cpp_dtor.o)
    0x1fff8864   COMPRESSED   0x00000004   Data   RW         1363    .data__ZZ17manage_inactivitybE18next_check_axes_ms  marlincore.o
    0x1fff8868   COMPRESSED   0x00000001   Data   RW         1364    .data__ZZ17manage_inactivitybE25already_shutdown_steppers  marlincore.o
    0x1fff8869   COMPRESSED   0x00000001   Data   RW         2478    .data__ZZN10GCodeQueue19get_sdcard_commandsEvE14sd_input_state  queue.o
    0x1fff886a   COMPRESSED   0x00000001   Data   RW         1365    .data__ZZN14MarlinSettings10first_loadEvE6loaded  marlincore.o
    0x1fff886b   COMPRESSED   0x00000001   Data   RW         1366    .data__ZZN20FilamentSensorSwitch3runEvE7was_out  marlincore.o
    0x1fff886c   COMPRESSED   0x00000004   Data   RW         3663    .data__ZZN7Stepper19calc_timer_intervalEjPhE5limit  stepper.o
    0x1fff8870        -       0x00000200   Zero   RW          730    .bss                hc32f46x_interrupts.o
    0x1fff8a70        -       0x00000088   Zero   RW          935    .bss                hc32f46x_sdioc.o
    0x1fff8af8        -       0x00000030   Zero   RW         1250    .bss                board_gpio.o
    0x1fff8b28        -       0x0000001a   Zero   RW         2407    .bss                parser.o
    0x1fff8b42   COMPRESSED   0x00000002   PAD
    0x1fff8b44        -       0x00000233   Zero   RW         2452    .bss                queue.o
    0x1fff8d77   COMPRESSED   0x00000001   PAD
    0x1fff8d78        -       0x00000638   Zero   RW         3024    .bss                tenlog_touch_lcd.o
    0x1fff93b0        -       0x00000050   Zero   RW         3349    .bss                motion.o
    0x1fff9400        -       0x00000674   Zero   RW         3469    .bss                planner.o
    0x1fff9a74        -       0x0000003c   Zero   RW         3655    .bss                stepper.o
    0x1fff9ab0        -       0x00000054   Zero   RW         3734    .bss                temperature.o
    0x1fff9b04        -       0x0000029c   Zero   RW         3877    .bss                cardreader.o
    0x1fff9da0        -       0x00000200   Zero   RW         4134    .bss                sdvolume.o
    0x1fff9fa0        -       0x0000182c   Zero   RW         4175    .bss                esp32_wifi.o
    0x1fffb7cc        -       0x00000074   Zero   RW         4206    .bss                sdio_hal.o
    0x1fffb840        -       0x00000060   Zero   RW         5539    .bss                glib.lib(usart_f1.o)
    0x1fffb8a0        -       0x00000020   Zero   RW         3664    .bss__ZZN7Stepper19calc_timer_intervalEjPhE5limit  stepper.o
    0x1fffb8c0        -       0x00002000   Zero   RW         1254    HEAP                startup_hc32f460petb.o
    0x1fffd8c0        -       0x00000800   Zero   RW         1253    STACK               startup_hc32f460petb.o


==============================================================================

Image component sizes


      Code (inc. data)   RO Data    RW Data    ZI Data      Debug   Object Name

      1070         72          0         70          0          0   adc.o
       208         28          0          8          0          0   babystep.o
       736          0          0          0          0          0   bl24cxx.o
        82         16       1016          0         48          0   board_gpio.o
      5382       1082        152         44        668          0   cardreader.o
        68          0          0          0          0          0   crc16.o
         2          0          0          0          0          0   delay.o
       256         28          0          0          0          0   eeprom_bl24cxx.o
        40          0          0          0          0          0   eeprom_if_iic.o
      1478        266         18         14          0          0   endstops.o
      2838        620          0        112       6188          0   esp32_wifi.o
        32          4          0          0          0          0   g0_g1.o
      1068        100          0          0          0          0   g28.o
      2810         92          0          0          0          0   g2_g3.o
       184         14          0          0          0          0   g34_m422.o
        92          8          0          0          0          0   g4.o
       292         30          4          0          0          0   g92.o
      2418        282          0         24          0          0   gcode.o
       202         34          0          2          0          0   hal.o
       300          4          0          0          0          0   hc32f46x_adc.o
      1840        144          0          0          0          0   hc32f46x_clk.o
      1252         26          0          1          0          0   hc32f46x_dmac.o
       352         58          0          0          0          0   hc32f46x_efm.o
       108         14          0          0          0          0   hc32f46x_exint_nmi_swi.o
       476         44          0          0          0          0   hc32f46x_gpio.o
      9950        952          0          0        512          0   hc32f46x_interrupts.o
       152         22          0          0          0          0   hc32f46x_pwc.o
       232         12          0          0          0          0   hc32f46x_rmu.o
      2088        116          0          0        136          0   hc32f46x_sdioc.o
       664         76          0          0          0          0   hc32f46x_spi.o
      2164         12          0          0          0          0   hc32f46x_timer0.o
      1268        214          0          0          0          0   hc32f46x_timera.o
      2652        190         16          0          0          0   hc32f46x_usart.o
       732         52          0          9          0          0   hc32f46x_utility.o
        84         12          0          0          0          0   hc32f46x_wdt.o
         2          0          0          0          0          0   indirection.o
        88         32          0          0          0          0   m1001.o
       280         22          0          0          0          0   m104_m109.o
        56         10          0          0          0          0   m105.o
       140         18          0          0          0          0   m106_m107.o
        40         10          0          0          0          0   m108_m112_m410.o
       108          8          0          0          0          0   m110.o
       128         22         60          0          0          0   m111.o
       148         20          0          0          0          0   m113.o
         8          0          0          0          0          0   m114.o
       716        432        204          0          0          0   m115.o
         2          0          0          0          0          0   m117.o
       148         16          0          0          0          0   m118.o
         8          0          0          0          0          0   m119.o
        20          0          0          0          0          0   m120_m121.o
       180         14          0          0          0          0   m140_m190.o
       132         48          0          0          0          0   m1501-1510.o
       120         10          0          0          0          0   m155.o
       736         44          0          0          0          0   m17_m18_m84.o
       100         54          0          0          0          0   m20.o
      1222         94          4          0          0          0   m200-m205.o
       716         76         15          0          0          0   m206_m428.o
       222         44          0          0          0          0   m211.o
        32          6          0          0          0          0   m21_m22.o
       168         22          0          2          0          0   m220.o
       254         36          0          0          0          0   m221.o
        40          4          0          0          0          0   m23.o
       196         26          0          0          0          0   m24_m25.o
       108         16          0          0          0          0   m26.o
        48         18          0          0          0          0   m27.o
        36         10          0          0          0          0   m28_m29.o
       532         96          0          0          0          0   m290.o
       674         54          0          0          0          0   m3-m5.o
        40         10          0          0          0          0   m30.o
       404         52          0          0          0          0   m301.o
       248         64          0          0          0          0   m302.o
       210         38          0          0          0          0   m303.o
       212         26          0          0          0          0   m304.o
       352         44         60          0          0          0   m31.o
       120         20          0          0          0          0   m32.o
         8          0          0          0          0          0   m400.o
       404         44          0          0          0          0   m412.o
       128         34          0          0          0          0   m413.o
        86         12          0          0          0          0   m500-m504.o
        52          4          0          0          0          0   m524.o
       364         62          0          0          0          0   m666.o
        24          0          0          0          0          0   m75-m78.o
        76         18          0          0          0          0   m80_m81.o
        64          8          0          0          0          0   m82_m83.o
        60         12          0          0          0          0   m85.o
       292         62          0          0          0          0   m900.o
       608         58          4          0          0          0   m92.o
        16          4          0          0          0          0   m928.o
        18          0          0          0          0          0   m997.o
        48          6          0          0          0          0   m999.o
        20          0          4          0          0          0   main.o
      3250        868        202         10          0          0   marlincore.o
      3744        552         73         50         80          0   motion.o
       896         78          0         29         26          0   parser.o
      9546        820          4         80       1652          0   planner.o
      1386         72          0          0          0          0   pwm.o
      2458        370        158          9        563          0   queue.o
        56         30          0          4          0          0   runout.o
      3380         92          0          8          0          0   sdbasefile.o
        46          0          0          0          0          0   sdfile.o
        60          0          0          0          0          0   sdio.o
       188         78          0          0          0          0   sdio_f1.o
       282         58          0         24        116          0   sdio_hal.o
      1126         80          0         16        512          0   sdvolume.o
       540         56         77          1          0          0   serial.o
      8656       1638        410         17          0          0   settings.o
       158         20          0         13          0          0   spindle_laser.o
       872        398          0          4          0          0   startup.o
        64         14       1056          0      10240          0   startup_hc32f460petb.o
      8960        620          0         84         92          0   stepper.o
       352         96          0         16          0          0   stopwatch.o
       204         24          0          4          0          0   system_hc32f460petb.o
        40          4          0          0          0          0   t.o
      7338        868        457         90         84          0   temperature.o
     20716       4086        171        149       1592          0   tenlog_touch_lcd.o
       102         10          0          2          0          0   timers.o
        48          4         18          0          0          0   tool_change.o
        34          0          0          0          0          0   utility.o
        44         12          0          1          0          0   watchdog.o

    ----------------------------------------------------------------------
    129482      17412       4232        920      22512          0   Object Totals
         0          0         32          0          0          0   (incl. Generated)
       102          0         17         23          3          0   (incl. Padding)

    ----------------------------------------------------------------------

      Code (inc. data)   RO Data    RW Data    ZI Data      Debug   Library Member Name

        36          0          0          0          0          0   aeabi_vec_ctor_nocookie_nodtor.o
        34          0          0          0          0          0   aeabi_vec_dtor_noexceptions.o
        16          0          0          0          0          0   cxa_guard_acquire.o
       744         60          0          0          0          0   board_extint.o
       720         70          0          5          0          0   board_tim0.o
         4          0          0          0          0          0   cxxabi-compat.o
        68         12          0          0          0          0   dtostrf.o
       310         14         72          0          0          0   hardwareserial.o
        68          0          0          0          0          0   iwdg.o
      1016         54         20          0          0          0   print.o
      3032        342          0          0          0          0   sd_card.o
      2400        232          0          0          0          0   sdmmc_cmd.o
      2208        174          0         16          0          0   usart.o
         0          0          0       1196         96          0   usart_f1.o
       148         14          0          0          0          0   wirish_digital.o
       176         12          0          0          0          0   wirish_digital_f1.o
        58          4          0          0          0          0   wirish_time.o
        18          0          0          0          0          0   wstring.o
       684         90          0          0          0          0   atan2f.o
       108         10          0          0          0          0   ceilf.o
       336         56          0          0          0          0   cosf.o
       112         14          0          0          0          0   floorf.o
        38          0          0          0          0          0   fpclassifyf.o
       140         22          0          0          0          0   frexp.o
        44         12          0          0          0          0   funder.o
       194          0          0          0          0          0   lroundf.o
       266         16          0          0          0          0   narrow.o
       340         24         32          0          0          0   rredf.o
       400         56          0          0          0          0   sinf.o
        58          0          0          0          0          0   sqrtf.o
        32          6          0          0          0          0   strtof.o
        86          0          0          0          0          0   __dczerorl2.o
        28          0          0          0          0          0   _chval.o
        64          0          0          0          0          0   _sgetc.o
       158          0          0          0          0          0   _strtoul.o
        46          0          0          0          0          0   aeabi_atexit.o
         8          4          0          4          0          0   cpp_dtor.o
         2          0          0          0          0          0   cpp_final.o
        32         10          0          0          0          0   cpp_init.o
         8          4        133          0          0          0   ctype_o.o
        66          0          0          0          0          0   cxa_finalize.o
         0          0          0          0          0          0   entry.o
         0          0          0          0          0          0   entry10a.o
         4          0          0          0          0          0   entry10b.o
         0          0          0          0          0          0   entry11a.o
         4          0          0          0          0          0   entry12b.o
         8          4          0          0          0          0   entry2.o
         4          0          0          0          0          0   entry5.o
         0          0          0          0          0          0   entry7b.o
         4          0          0          0          0          0   entry8a.o
         0          0          0          0          0          0   entry8b.o
         8          4          0          0          0          0   entry9a.o
        20         10          0          4          0          0   errno.o
        30          0          0          0          0          0   handlers.o
        36          8          0          0          0          0   init.o
         0          0          0          0          0          0   iusefp.o
        30          0          0          0          0          0   llshl.o
        36          0          0          0          0          0   llsshr.o
        32          0          0          0          0          0   llushr.o
       188         20          0          0          0          0   malloc.o
        26          0          0          0          0          0   memcmp.o
        64          0          0          0          0          0   memmovea.o
        36          0          0          0          0          0   memseta.o
         0          0          0          8          0          0   mvars.o
      2268         96          0          0          0          0   printfa.o
       878         12          0          0          0          0   scanf_fp.o
         0          0          0          4          0          0   stdout.o
        42          0          0          0          0          0   strcasecmp.o
        24          0          0          0          0          0   strcat.o
        20          0          0          0          0          0   strchr.o
        28          0          0          0          0          0   strcmp.o
        18          0          0          0          0          0   strcpy.o
        14          0          0          0          0          0   strlen.o
        30          0          0          0          0          0   strncmp.o
        24          0          0          0          0          0   strncpy.o
        22          0          0          0          0          0   strrchr.o
        36          0          0          0          0          0   strstr.o
       156         12          0          0          0          0   strtod.o
        26          0          0          0          0          0   strtof.o
       112          0          0          0          0          0   strtol.o
       114          0          0          0          0          0   strtoul.o
        12          0          0          0          0          0   tolower.o
        44          0          0          0          0          0   uidiv.o
        98          0          0          0          0          0   uldiv.o
        48          0          0          0          0          0   cdcmple.o
        48          0          0          0          0          0   cdrcmple.o
        56          0          0          0          0          0   d2f.o
       334          0          0          0          0          0   dadd.o
       222          0          0          0          0          0   ddiv.o
       186          0          0          0          0          0   depilogue.o
        62          0          0          0          0          0   dfixi.o
        74          0          0          0          0          0   dfixl.o
        50          0          0          0          0          0   dfixui.o
        48          0          0          0          0          0   dfixul.o
        34          0          0          0          0          0   dflti.o
        40          0          0          0          0          0   dfltl.o
        26          0          0          0          0          0   dfltui.o
        24          0          0          0          0          0   dfltul.o
       228          0          0          0          0          0   dmul.o
        38          0          0          0          0          0   f2d.o
       110          0          0          0          0          0   fepilogue.o
        76          0          0          0          0          0   ffixir.o
         4          0          0          0          0          0   fpstat.o
        60          0          0          0          0          0   frnd.o

    ----------------------------------------------------------------------
     20618       1482        260       1240         96          0   Library Totals
        48          4          3          3          0          0   (incl. Padding)

    ----------------------------------------------------------------------

      Code (inc. data)   RO Data    RW Data    ZI Data      Debug   Library Name

        86          0          0          0          0          0   cpprt_w.l
     10970        988         92       1217         96          0   glib.lib
      2752        306         32          0          0          0   m_wm.l
      4994        184        133         20          0          0   mc_w.l
      1768          0          0          0          0          0   mf_w.l

    ----------------------------------------------------------------------
     20618       1482        260       1240         96          0   Library Totals

    ----------------------------------------------------------------------

==============================================================================


      Code (inc. data)   RO Data    RW Data    ZI Data      Debug   

    150100      18894       4492       2160      22608          0   Grand Totals
    150100      18894       4492        332      22608          0   ELF Image Totals (compressed)
    150100      18894       4492        332          0          0   ROM Totals

==============================================================================

    Total RO  Size (Code + RO Data)               154592 ( 150.97kB)
    Total RW  Size (RW Data + ZI Data)             24768 (  24.19kB)
    Total ROM Size (Code + RO Data + RW Data)     154924 ( 151.29kB)

==============================================================================

